Microchip MPLAB XC8 Compiler V1.45 ()

Linker command line:

--edf=C:\Program Files (x86)\Microchip\xc8\v1.45\dat\en_msgs.txt -cs \
  -h+dist/pic18f46j50mrf24j40/production\SY34_Gertaldi.X.production.sym \
  --cmf=dist/pic18f46j50mrf24j40/production\SY34_Gertaldi.X.production.cmf \
  -z -Q18F46J50 -oC:\Users\tpeea\AppData\Local\Temp\s7uc.2 \
  -Mdist/pic18f46j50mrf24j40/production/SY34_Gertaldi.X.production.map -E1 \
  -ver=XC8 --acfsm=1493 -ASTACK=048Ch-0ebfh -pstack=STACK -ACODE=00h-0FFF7h \
  -ACONST=00h-0FFF7h -ASMALLCONST=0F00h-0FFFhx240,0FF00h-0FFF7h \
  -AMEDIUMCONST=0F00h-0FFF7h -ACOMRAM=01h-05Fh -AABS1=00h-0EBFh \
  -ABIGRAM=01h-0EBFh -ARAM=060h-0FFh,0100h-01FFhx13,0E00h-0EBFh \
  -ABANK0=060h-0FFh -ABANK1=0100h-01FFh -ABANK2=0200h-02FFh \
  -ABANK3=0300h-03FFh -ABANK4=0400h-04FFh -ABANK5=0500h-05FFh \
  -ABANK6=0600h-06FFh -ABANK7=0700h-07FFh -ABANK8=0800h-08FFh \
  -ABANK9=0900h-09FFh -ABANK10=0A00h-0AFFh -ABANK11=0B00h-0BFFh \
  -ABANK12=0C00h-0CFFh -ABANK13=0D00h-0DFFh -ABANK14=0E00h-0EBFh \
  -ASFR=0EC0h-0EFFh,0F00h-0F5Fh,0F60h-0FFFh \
  -preset_vec=00h,intcode=08h,intcodelo,powerup,init -pramtop=0F00h \
  -psmallconst=SMALLCONST -pmediumconst=MEDIUMCONST -pconst=CONST \
  -AFARRAM=00h-00h -ACONFIG=0FFF8h-0FFFFh -pconfig=CONFIG \
  -pjflash_buffer=0F800h \
  -prdata=COMRAM,nvrram=COMRAM,nvbit=COMRAM,rbss=COMRAM,rbit=COMRAM \
  -pfarbss=FARRAM,fardata=FARRAM,nvFARRAM=FARRAM \
  -pintsave_regs=BIGRAM,bigbss=BIGRAM,bigdata=BIGRAM -pbss=RAM \
  -pidata=CODE,irdata=CODE,ibigdata=CODE,ifardata=CODE -prparam=COMRAM \
  C:\Users\tpeea\AppData\Local\Temp\s7uc.obj \
  dist/pic18f46j50mrf24j40/production\SY34_Gertaldi.X.production.obj 

Object code version is 3.11

Machine type is 18F46J50

Call graph: (short form)




                Name                               Link     Load   Length Selector   Space Scale
C:\Users\tpeea\AppData\Local\Temp\s7uc.obj
                init                                308      308        4        4       0
                reset_vec                             0        0        4        0       0
                config                             FFF8     FFF8        8     FFF8       0
dist/pic18f46j50mrf24j40/production\SY34_Gertaldi.X.production.obj
                intcode                               8        8      300        4       0
                temp                                 5D       5D        1        1       1
                mediumconst                        FDDE     FDDE      21A     7EEF       0
                text70                             6642     6642       72        4       0
                text69                             5EF0     5EF0       BA        4       0
                text68                             570E     570E      12C        4       0
                text67                             6CE4     6CE4       26        4       0
                text66                             6B1C     6B1C       36        4       0
                text65                             6DA0     6DA0        E        4       0
                text64                             6964     6964       56        4       0
                text63                             6BE4     6BE4       2E        4       0
                text62                             6CBC     6CBC       28        4       0
                text60                             6C3E     6C3E       2C        4       0
                text59                             6DB6     6DB6        8        4       0
                text58                             583A     583A      128        4       0
                text57                             5B1A     5B1A       D0        4       0
                text56                             65D0     65D0       72        4       0
                text55                             55B8     55B8      156        4       0
                text54                             6234     6234       94        4       0
                text53                             69BA     69BA       4A        4       0
                text52                             5BEA     5BEA       C6        4       0
                text51                             2AB6     2AB6      8DA        4       0
                text50                             6A42     6A42       38        4       0
                text49                             68B2     68B2       5A        4       0
                text48                             6B86     6B86       30        4       0
                text47                             66B4     66B4       6E        4       0
                text46                             6D92     6D92        E        4       0
                text45                             6854     6854       5E        4       0
                text44                             6AE6     6AE6       36        4       0
                text43                             4C02     4C02      30E        4       0
                text42                             678A     678A       68        4       0
                text41                             3964     3964      5D4        4       0
                text40                             5A44     5A44       D6        4       0
                text39                             5E30     5E30       C0        4       0
                text38                             3390     3390      5D4        4       0
                text37                             619E     619E       96        4       0
                text36                              30C      30C     1A26        4       0
                text35                             6D2A     6D2A       1C        4       0
                text34                             6D0A     6D0A       20        4       0
                text33                             62C8     62C8       8C        4       0
                text32                             6C6A     6C6A       2A        4       0
                text31                             655C     655C       74        4       0
                text30                             5D70     5D70       C0        4       0
                text29                             6BB6     6BB6       2E        4       0
                text28                             6466     6466       7C        4       0
                text27                             63DE     63DE       88        4       0
                text26                             3F38     3F38      512        4       0
                text25                             6354     6354       8A        4       0
                text24                             64E2     64E2       7A        4       0
                text23                             6C12     6C12       2C        4       0
                text22                             6A04     6A04       3E        4       0
                text21                             1D32     1D32      D84        4       0
                text20                             545C     545C      15C        4       0
                text19                             5962     5962       E2        4       0
                text18                             6D82     6D82       10        4       0
                text17                             67F2     67F2       62        4       0
                text16                             5FAA     5FAA       B8        4       0
                text15                             6D72     6D72       10        4       0
                text14                             6AB0     6AB0       36        4       0
                text13                             690C     690C       58        4       0
                text12                             6B52     6B52       34        4       0
                text11                             6A7A     6A7A       36        4       0
                text10                             4F10     4F10      230        4       0
                text9                              48B4     48B4      34E        4       0
                text8                              444A     444A      46A        4       0
                text7                              6D5E     6D5E       14        4       0
                text6                              6722     6722       68        4       0
                text5                              52F8     52F8      164        4       0
                text4                              6102     6102       9C        4       0
                text3                              5CB0     5CB0       C0        4       0
                text2                              5140     5140      1B8        4       0
                text1                              6D46     6D46       18        4       0
                text0                              6C94     6C94       28        4       0
                cstackCOMRAM                          1        1       2E        1       1
                cstackBANK0                          60       60       9F       60       1
                cstackBANK1                         100      100       9C      100       1
                bssBANK4                            400      400       8C      400       1
                bssBANK3                            300      300       A0      300       1
                dataBANK2                           2D7      2D7        8      200       1
                bssBANK2                            200      200       D7      200       1
                dataBANK1                           1FB      1FB        1      100       1
                bssBANK1                            19C      19C       5F      100       1
                dataBANK0                            FF       FF        1       60       1
                dataCOMRAM                           5C       5C        1        1       1
                bssCOMRAM                            2F       2F       2D        1       1
                cinit                              6062     6062       A0        4       0
                idataBANK2                         6DAE     6DAE        8        4       0
                idataBANK1                         6DC0     6DC0        1        4       0
                idataBANK0                         6DBF     6DBF        1        4       0
                idataCOMRAM                        6DBE     6DBE        1        4       0

TOTAL           Name                               Link     Load   Length     Space
        CLASS   STACK          

        CLASS   CODE           
                intcode                               8        8      300         0
                init                                308      308        4         0
                reset_vec                             0        0        4         0
                text70                             6642     6642       72         0
                text69                             5EF0     5EF0       BA         0
                text68                             570E     570E      12C         0
                text67                             6CE4     6CE4       26         0
                text66                             6B1C     6B1C       36         0
                text65                             6DA0     6DA0        E         0
                text64                             6964     6964       56         0
                text63                             6BE4     6BE4       2E         0
                text62                             6CBC     6CBC       28         0
                text60                             6C3E     6C3E       2C         0
                text59                             6DB6     6DB6        8         0
                text58                             583A     583A      128         0
                text57                             5B1A     5B1A       D0         0
                text56                             65D0     65D0       72         0
                text55                             55B8     55B8      156         0
                text54                             6234     6234       94         0
                text53                             69BA     69BA       4A         0
                text52                             5BEA     5BEA       C6         0
                text51                             2AB6     2AB6      8DA         0
                text50                             6A42     6A42       38         0
                text49                             68B2     68B2       5A         0
                text48                             6B86     6B86       30         0
                text47                             66B4     66B4       6E         0
                text46                             6D92     6D92        E         0
                text45                             6854     6854       5E         0
                text44                             6AE6     6AE6       36         0
                text43                             4C02     4C02      30E         0
                text42                             678A     678A       68         0
                text41                             3964     3964      5D4         0
                text40                             5A44     5A44       D6         0
                text39                             5E30     5E30       C0         0
                text38                             3390     3390      5D4         0
                text37                             619E     619E       96         0
                text36                              30C      30C     1A26         0
                text35                             6D2A     6D2A       1C         0
                text34                             6D0A     6D0A       20         0
                text33                             62C8     62C8       8C         0
                text32                             6C6A     6C6A       2A         0
                text31                             655C     655C       74         0
                text30                             5D70     5D70       C0         0
                text29                             6BB6     6BB6       2E         0
                text28                             6466     6466       7C         0
                text27                             63DE     63DE       88         0
                text26                             3F38     3F38      512         0
                text25                             6354     6354       8A         0
                text24                             64E2     64E2       7A         0
                text23                             6C12     6C12       2C         0
                text22                             6A04     6A04       3E         0
                text21                             1D32     1D32      D84         0
                text20                             545C     545C      15C         0
                text19                             5962     5962       E2         0
                text18                             6D82     6D82       10         0
                text17                             67F2     67F2       62         0
                text16                             5FAA     5FAA       B8         0
                text15                             6D72     6D72       10         0
                text14                             6AB0     6AB0       36         0
                text13                             690C     690C       58         0
                text12                             6B52     6B52       34         0
                text11                             6A7A     6A7A       36         0
                text10                             4F10     4F10      230         0
                text9                              48B4     48B4      34E         0
                text8                              444A     444A      46A         0
                text7                              6D5E     6D5E       14         0
                text6                              6722     6722       68         0
                text5                              52F8     52F8      164         0
                text4                              6102     6102       9C         0
                text3                              5CB0     5CB0       C0         0
                text2                              5140     5140      1B8         0
                text1                              6D46     6D46       18         0
                text0                              6C94     6C94       28         0
                cinit                              6062     6062       A0         0
                idataBANK2                         6DAE     6DAE        8         0
                idataBANK1                         6DC0     6DC0        1         0
                idataBANK0                         6DBF     6DBF        1         0
                idataCOMRAM                        6DBE     6DBE        1         0

        CLASS   CONST          

        CLASS   SMALLCONST     

        CLASS   MEDIUMCONST    
                mediumconst                        FDDE     FDDE      21A         0

        CLASS   COMRAM         
                temp                                 5D       5D        1         1
                cstackCOMRAM                          1        1       2E         1
                dataCOMRAM                           5C       5C        1         1
                bssCOMRAM                            2F       2F       2D         1

        CLASS   ABS1           

        CLASS   BIGRAM         

        CLASS   RAM            

        CLASS   BANK0          
                cstackBANK0                          60       60       9F         1
                dataBANK0                            FF       FF        1         1

        CLASS   BANK1          
                cstackBANK1                         100      100       9C         1
                dataBANK1                           1FB      1FB        1         1
                bssBANK1                            19C      19C       5F         1

        CLASS   BANK2          
                dataBANK2                           2D7      2D7        8         1
                bssBANK2                            200      200       D7         1

        CLASS   BANK3          
                bssBANK3                            300      300       A0         1

        CLASS   BANK4          
                bssBANK4                            400      400       8C         1

        CLASS   BANK5          

        CLASS   BANK6          

        CLASS   BANK7          

        CLASS   BANK8          

        CLASS   BANK9          

        CLASS   BANK10         

        CLASS   BANK11         

        CLASS   BANK12         

        CLASS   BANK13         

        CLASS   BANK14         

        CLASS   SFR            

        CLASS   FARRAM         

        CLASS   CONFIG         
                config                             FFF8     FFF8        8         0

        CLASS   IDLOC          



SEGMENTS        Name                           Load    Length   Top    Selector   Space  Class

                reset_vec                      000000  000004  000004         0       0  CODE    
                cstackCOMRAM                   000001  00005D  00005E         1       1  COMRAM  
                intcode                        000008  006DB9  006DC1         4       0  CODE    
                cstackBANK0                    000060  0000A0  000100        60       1  BANK0   
                cstackBANK1                    000100  0000FC  0001FC       100       1  BANK1   
                bssBANK2                       000200  0000DF  0002DF       200       1  BANK2   
                bssBANK3                       000300  0000A0  0003A0       300       1  BANK3   
                bssBANK4                       000400  00008C  00048C       400       1  BANK4   
                mediumconst                    00FDDE  00021A  00FFF8      7EEF       0  MEDIUMCO
                config                         00FFF8  000008  010000      FFF8       0  CONFIG  


UNUSED ADDRESS RANGES

        Name                Unused          Largest block    Delta
        BANK1            001FC-001FF               4
        BANK10           00A00-00AFF             100
        BANK11           00B00-00BFF             100
        BANK12           00C00-00CFF             100
        BANK13           00D00-00DFF             100
        BANK14           00E00-00EBF              C0
        BANK2            002DF-002FF              21
        BANK3            003A0-003FF              60
        BANK4            0048C-004FF              74
        BANK5            00500-005FF             100
        BANK6            00600-006FF             100
        BANK7            00700-007FF             100
        BANK8            00800-008FF             100
        BANK9            00900-009FF             100
        BIGRAM           0005E-0005F               2
                         001FC-001FF               4
                         002DF-002FF              21
                         003A0-003FF              60
                         0048C-00EBF             A34
        CODE             00004-00007               4
                         06DC1-0FDDD            901D
        COMRAM           0005E-0005F               2
        CONST            00004-00007               4
                         06DC1-0FDDD            901D
        MEDIUMCONST      06DC1-0FDDD            901D
        RAM              001FC-001FF               4
                         002DF-002FF              21
                         003A0-003FF              60
                         0048C-00EBF             100
        SFR              00EC0-00FFF              60
        SMALLCONST       06DC1-0FDDD             100
        STACK            0048C-00EBF             A34

                                  Symbol Table

?_MiWi_TickGet                            cstackBANK0   00060
?___lmul                                  cstackBANK0   00060
?___lwdiv                                 cstackBANK0   00060
?___lwmod                                 cstackBANK0   00067
?___wmul                                  cstackBANK0   00060
?_sprintf                                 cstackBANK0   0006C
?i2___lmul                                cstackCOMRAM  00001
AddNodeToNetworkTable@handle              cstackBANK0   00069
AddNodeToNetworkTable@i                   cstackBANK0   00068
BroadcastJitter@jitter                    cstackBANK0   0007B
BroadcastJitter@range                     cstackBANK0   0007A
BroadcastJitter@t1                        cstackBANK0   00072
BroadcastJitter@t2                        cstackBANK0   00076
DELAY_ms@cyclesRequiredForEntireDelay     cstackBANK0   0006E
DELAY_ms@ms                               cstackBANK0   0006C
I2CWrite@BufferLen                        cstackBANK0   00060
I2CWrite@Commandlen                       cstackBANK0   00061
InitMRF24J40@_dcnt                        cstackBANK0   0006B
InitMRF24J40@_dcnt_3181                   cstackBANK0   0006F
InitMRF24J40@_ms                          cstackBANK0   00073
InitMRF24J40@_ms_3182                     cstackBANK0   00077
InitMRF24J40@i                            cstackBANK0   0007D
InitMRF24J40@j                            cstackBANK0   0007B
MiApp_ConnectionMode@Mode                 cstackBANK0   00061
MiApp_EstablishConnection@ActiveScanIndex cstackBANK1   00111
MiApp_EstablishConnection@Mode            cstackBANK0   000F9
MiApp_EstablishConnection@retry           cstackBANK1   00110
MiApp_EstablishConnection@t1              cstackBANK1   00108
MiApp_EstablishConnection@t2              cstackBANK1   0010C
MiApp_ProtocolInit@MIP                    cstackBANK0   00084
MiApp_ProtocolInit@bNetworkFreezer        cstackBANK0   00083
MiApp_ProtocolInit@i                      cstackBANK0   00087
MiApp_SearchConnection@ChannelMap         cstackBANK0   000D9
MiApp_SearchConnection@ScanDuration       cstackBANK0   000F6
MiApp_SearchConnection@backupChannel      cstackBANK0   000F7
MiApp_SearchConnection@channelMask        cstackBANK0   000EA
MiApp_SearchConnection@i                  cstackBANK0   000F8
MiApp_SearchConnection@t1                 cstackBANK0   000EE
MiApp_SearchConnection@t2                 cstackBANK0   000F2
MiApp_SetChannel@channel                  cstackBANK0   0006A
MiApp_StartConnection@ChannelMap          cstackBANK0   0006A
MiApp_StartConnection@Mode                cstackBANK0   0006F
MiApp_StartConnection@ScanDuration        cstackBANK0   00069
MiApp_UnicastAddress@DestAddress          cstackBANK0   000D9
MiApp_UnicastAddress@MiWiFrameControl     cstackBANK0   000F5
MiApp_UnicastAddress@PermanentAddr        cstackBANK0   000DB
MiApp_UnicastAddress@SecEn                cstackBANK0   000DC
MiApp_UnicastAddress@handle               cstackBANK0   000F7
MiApp_UnicastAddress@i                    cstackBANK0   000F6
MiApp_UnicastAddress@t1                   cstackBANK0   000E5
MiApp_UnicastAddress@t1_2802              cstackBANK0   000ED
MiApp_UnicastAddress@t2                   cstackBANK0   000E9
MiApp_UnicastAddress@t2_2813              cstackBANK0   000F1
MiMAC_Init@i                              cstackBANK0   00081
MiMAC_Init@initValue                      cstackBANK0   0007E
MiMAC_ReceivedPacket@addrMode             cstackBANK0   00066
MiMAC_ReceivedPacket@bIntraPAN            cstackBANK0   00068
MiMAC_ReceivedPacket@i                    cstackBANK0   00067
MiMAC_SendPacket@IntraPAN                 cstackBANK0   00098
MiMAC_SendPacket@MACPayload               cstackBANK0   00085
MiMAC_SendPacket@MACPayloadLen            cstackBANK0   00087
MiMAC_SendPacket@frameControl             cstackBANK0   00099
MiMAC_SendPacket@headerLength             cstackBANK0   0009A
MiMAC_SendPacket@i                        cstackBANK0   0009B
MiMAC_SendPacket@loc                      cstackBANK0   0009C
MiMAC_SendPacket@t1                       cstackBANK0   00090
MiMAC_SendPacket@t2                       cstackBANK0   00094
MiMAC_SendPacket@transParam               cstackBANK0   0007E
MiMAC_SetAltAddress@Address               cstackBANK0   00065
MiMAC_SetAltAddress@PANID                 cstackBANK0   00067
MiMAC_SetChannel@channel                  cstackBANK0   00069
MiMAC_SetChannel@offsetFreq               cstackBANK0   00068
MiWiTasks@CapacityByte                    cstackBANK0   000CB
MiWiTasks@CoordAddress                    cstackBANK0   000BC
MiWiTasks@associateStatus                 cstackBANK0   000C0
MiWiTasks@cIndex                          cstackBANK0   000C8
MiWiTasks@coordinatorNumber               cstackBANK0   000C5
MiWiTasks@destPANID                       cstackBANK0   000CD
MiWiTasks@destShortAddress                cstackBANK0   000D0
MiWiTasks@entry                           cstackBANK0   000BF
MiWiTasks@handle                          cstackBANK0   000D4
MiWiTasks@i                               cstackBANK0   000D8
MiWiTasks@j                               cstackBANK0   000D7
MiWiTasks@j_2494                          cstackBANK0   000CC
MiWiTasks@j_2546                          cstackBANK0   000CF
MiWiTasks@j_2557                          cstackBANK0   000C6
MiWiTasks@j_2564                          cstackBANK0   000C9
MiWiTasks@mask                            cstackBANK0   000BE
MiWiTasks@rxIndex                         cstackBANK0   000CA
MiWiTasks@sourcePANID                     cstackBANK0   000D2
MiWiTasks@sourceShortAddress              cstackBANK0   000D5
MiWiTasks@t1                              cstackBANK0   000C1
MiWiTasks@t2                              cstackBANK0   000B8
MiWi_TickGet@currentTime                  cstackBANK0   00066
MiWi_TickGet@failureCounter               cstackBANK0   00065
OpenSocket@i                              cstackBANK0   000F8
PHYGetLongRAMAddr@address                 cstackBANK0   00062
PHYGetLongRAMAddr@tmpRFIE                 cstackBANK0   00067
PHYGetLongRAMAddr@toReturn                cstackBANK0   00066
PHYGetShortRAMAddr@address                cstackBANK0   00062
PHYGetShortRAMAddr@tmpRFIE                cstackBANK0   00064
PHYGetShortRAMAddr@toReturn               cstackBANK0   00063
PHYSetLongRAMAddr@address                 cstackBANK0   00062
PHYSetLongRAMAddr@tmpRFIE                 cstackBANK0   00067
PHYSetLongRAMAddr@value                   cstackBANK0   00064
PHYSetShortRAMAddr@address                cstackBANK0   00063
PHYSetShortRAMAddr@tmpRFIE                cstackBANK0   00064
PHYSetShortRAMAddr@value                  cstackBANK0   00062
RouteMessage@PANID                        cstackBANK0   000A4
RouteMessage@SecEn                        cstackBANK0   000A8
RouteMessage@ShortAddress                 cstackBANK0   000A6
RouteMessage@i                            cstackBANK0   000AD
RouteMessage@parentNode                   cstackBANK0   000AC
SPIPut@i                                  cstackBANK0   00060
SPIPut@v                                  cstackBANK0   00061
SearchForLongAddress@i                    cstackBANK0   00065
SearchForLongAddress@j                    cstackBANK0   00064
SearchForShortAddress@i                   cstackBANK0   00062
SendMACPacket@Address                     cstackBANK0   0009F
SendMACPacket@ModeMask                    cstackBANK0   000A2
SendMACPacket@PANID                       cstackBANK0   0009D
SendMACPacket@PacketType                  cstackBANK0   000A1
UnicastShortAddress@DestAddress           cstackBANK0   000AE
_ANCON0                                   (abs)         00F48
_ANCON1                                   (abs)         00F49
_AcknowledgementAddr                      bssBANK1      001B7
_AcknowledgementSeq                       dataBANK1     001FB
_ActiveScanResultIndex                    bssCOMRAM     0004A
_ActiveScanResults                        bssBANK4      00400
_AddNodeToNetworkTable                    text55        055B8
_BAUDCON1bits                             (abs)         00F7E
_BankIndex                                dataBANK0     000FF
_BroadcastJitter                          text52        05BEA
_BroadcastRecords                         bssBANK2      00200
_CommandLen                               bssCOMRAM     00052
_CommandPtr                               bssCOMRAM     00050
_ConnMode                                 bssCOMRAM     0004C
_ConnectionTable                          bssBANK2      00238
_DELAY_ms                                 text30        05D70
_EECON2                                   (abs)         00FA7
_I2CTask                                  text68        0570E
_I2CWrite                                 text29        06BB6
_IEEESeqNum                               bssBANK1      001BE
_INTCON                                   (abs)         00FF2
_INTCON2bits                              (abs)         00FF1
_INTCON3bits                              (abs)         00FF0
_INTCONbits                               (abs)         00FF2
_InitMRF24J40                             text43        04C02
_InitSymbolTimer                          text7         06D5E
_LATA                                     (abs)         00F89
_LATB                                     (abs)         00F8A
_LATBbits                                 (abs)         00F8A
_LATCbits                                 (abs)         00F8B
_LATD                                     (abs)         00F8C
_LATDbits                                 (abs)         00F8C
_LATE                                     (abs)         00F8D
_LCDCommand                               bssBANK1      001A6
_LCDText                                  bssBANK2      00293
_LCD_Initialize                           text28        06466
_MACCurrentChannel                        bssBANK1      001BD
_MACInitParams                            bssBANK1      001B2
_MACRxPacket                              bssCOMRAM     0002F
_MAC_PANID                                bssCOMRAM     00055
_MRF24J40Status                           bssCOMRAM     00043
_MTP                                      bssCOMRAM     0003A
_MiApp_ConnectionMode                     text12        06B52
_MiApp_DiscardMessage                     text59        06DB6
_MiApp_EstablishConnection                text8         0444A
_MiApp_MessageAvailable                   text35        06D2A
_MiApp_ProtocolInit                       text5         052F8
_MiApp_SearchConnection                   text10        04F10
_MiApp_SetChannel                         text11        06A7A
_MiApp_StartConnection                    text4         06102
_MiApp_UnicastAddress                     text26        03F38
_MiMAC_DiscardPacket                      text60        06C3E
_MiMAC_Init                               text6         06722
_MiMAC_ReceivedPacket                     text51        02AB6
_MiMAC_SendPacket                         text41        03964
_MiMAC_SetAltAddress                      text42        0678A
_MiMAC_SetChannel                         text47        066B4
_MiWiAckRequired                          bssCOMRAM     00046
_MiWiCapacityInfo                         bssCOMRAM     0004B
_MiWiSeqNum                               bssCOMRAM     00047
_MiWiStateMachine                         bssCOMRAM     00041
_MiWiTasks                                text36        0030C
_MiWi_TickGet                             text54        06234
_OSCCON                                   (abs)         00FD3
_OSCTUNEbits                              (abs)         00F9B
_OpenSocket                               text9         048B4
_PHYGetLongRAMAddr                        text45        06854
_PHYGetShortRAMAddr                       text44        06AE6
_PHYSetLongRAMAddr                        text49        068B2
_PHYSetShortRAMAddr                       text48        06B86
_PIE1bits                                 (abs)         00F9D
_PIE3bits                                 (abs)         00FA3
_PIR1bits                                 (abs)         00F9E
_PIR3bits                                 (abs)         00FA4
_PORTBbits                                (abs)         00F81
_PPSCONbits                               (abs)         00EFF
_RCREG2                                   (abs)         00FAA
_RCSTA2                                   (abs)         00F9C
_RCSTA2bits                               (abs)         00F9C
_RPINR1                                   (abs)         00EE7
_RPINR16                                  (abs)         00EF6
_RPOR17                                   (abs)         00ED7
_RX                                       text32        06C6A
_RouteMessage                             text38        03390
_RouterFailures                           bssBANK2      00220
_RoutingTable                             bssBANK2      00228
_RxBuffer                                 bssBANK3      00300
_SPBRG2                                   (abs)         00FAB
_SPBRGH2                                  (abs)         00F7D
_SPIGet                                   text46        06D92
_SPIPut                                   text50        06A42
_SSP1BUF                                  (abs)         00FC9
_SSP1CON1                                 (abs)         00FC6
_SSP1CON1bits                             (abs)         00FC6
_SSP1STAT                                 (abs)         00FC7
_SSP2ADD                                  (abs)         00F74
_SSP2BUF                                  (abs)         00F75
_SSP2CON1                                 (abs)         00F72
_SSP2CON1bits                             (abs)         00F72
_SSP2CON2                                 (abs)         00F71
_SSP2CON2bits                             (abs)         00F71
_SSP2STAT                                 (abs)         00F73
_SYSTEM_Initialize                        text27        063DE
_ScanTime                                 mediumconst   0FDDF
_SearchForLongAddress                     text58        0583A
_SearchForShortAddress                    text57        05B1A
_SendBeacon                               text39        05E30
_SendMACPacket                            text40        05A44
_T1CON                                    (abs)         00FCD
_T1CONbits                                (abs)         00FCD
_TMR0L                                    (abs)         00FD6
_TMR1H                                    (abs)         00FCF
_TMR1L                                    (abs)         00FCE
_TRISA                                    (abs)         00F92
_TRISAbits                                (abs)         00F92
_TRISB                                    (abs)         00F93
_TRISBbits                                (abs)         00F93
_TRISC                                    (abs)         00F94
_TRISCbits                                (abs)         00F94
_TRISD                                    (abs)         00F95
_TRISDbits                                (abs)         00F95
_TRISE                                    (abs)         00F96
_TX                                       text19        05962
_TXREG2                                   (abs)         00FA9
_TXSTA2                                   (abs)         00FA8
_TXSTA2bits                               (abs)         00FA8
_TextLen                                  bssCOMRAM     00051
_TextPtr                                  bssCOMRAM     0004F
_TxBuffer                                 bssBANK1      001C4
_TxData                                   bssBANK1      001C3
_UnicastShortAddress                      text37        0619E
_UserInterruptHandler                     text67        06CE4
_WDTCONbits                               (abs)         00FC0
__CFG_CP0$OFF                             (abs)         00000
__CFG_CPUDIV$OSC3_PLL3                    (abs)         00000
__CFG_DSBOREN$ON                          (abs)         00000
__CFG_DSWDTEN$ON                          (abs)         00000
__CFG_DSWDTOSC$INTOSCREF                  (abs)         00000
__CFG_DSWDTPS$G2                          (abs)         00000
__CFG_FCMEN$ON                            (abs)         00000
__CFG_IESO$ON                             (abs)         00000
__CFG_IOL1WAY$ON                          (abs)         00000
__CFG_LPT1OSC$OFF                         (abs)         00000
__CFG_MSSP7B_EN$MSK7                      (abs)         00000
__CFG_OSC$HSPLL                           (abs)         00000
__CFG_PLLDIV$2                            (abs)         00000
__CFG_RTCOSC$T1OSCREF                     (abs)         00000
__CFG_STVREN$ON                           (abs)         00000
__CFG_T1DIG$ON                            (abs)         00000
__CFG_WDTEN$OFF                           (abs)         00000
__CFG_WDTPS$32768                         (abs)         00000
__CFG_WPCFG$OFF                           (abs)         00000
__CFG_WPDIS$OFF                           (abs)         00000
__CFG_WPEND$PAGE_WPFP                     (abs)         00000
__CFG_WPFP$PAGE_63                        (abs)         00000
__CFG_XINST$OFF                           (abs)         00000
__HRAM                                    (abs)         00000
__Habs1                                   abs1          00000
__Hbank0                                  bank0         00000
__Hbank1                                  bank1         00000
__Hbank10                                 bank10        00000
__Hbank11                                 bank11        00000
__Hbank12                                 bank12        00000
__Hbank13                                 bank13        00000
__Hbank14                                 bank14        00000
__Hbank2                                  bank2         00000
__Hbank3                                  bank3         00000
__Hbank4                                  bank4         00000
__Hbank5                                  bank5         00000
__Hbank6                                  bank6         00000
__Hbank7                                  bank7         00000
__Hbank8                                  bank8         00000
__Hbank9                                  bank9         00000
__Hbigbss                                 bigbss        00000
__Hbigdata                                bigdata       00000
__Hbigram                                 bigram        00000
__Hbss                                    bss           00000
__HbssBANK1                               bssBANK1      00000
__HbssBANK2                               bssBANK2      00000
__HbssBANK3                               bssBANK3      00000
__HbssBANK4                               bssBANK4      00000
__HbssCOMRAM                              bssCOMRAM     00000
__Hcinit                                  cinit         00000
__Hclrtext                                clrtext       00000
__Hcomram                                 comram        00000
__Hconfig                                 config        10000
__Hconst                                  const         00000
__HcstackBANK0                            cstackBANK0   00000
__HcstackBANK1                            cstackBANK1   00000
__HcstackCOMRAM                           cstackCOMRAM  00000
__Hdata                                   data          00000
__HdataBANK0                              dataBANK0     00000
__HdataBANK1                              dataBANK1     00000
__HdataBANK2                              dataBANK2     00000
__HdataCOMRAM                             dataCOMRAM    00000
__Hfarbss                                 farbss        00000
__Hfardata                                fardata       00000
__Hibigdata                               ibigdata      00000
__Hidata                                  idata         00000
__HidataBANK0                             idataBANK0    00000
__HidataBANK1                             idataBANK1    00000
__HidataBANK2                             idataBANK2    00000
__HidataCOMRAM                            idataCOMRAM   00000
__Hidloc                                  idloc         00000
__Hifardata                               ifardata      00000
__Hinit                                   init          0030C
__Hintcode                                intcode       00308
__Hintcode_body                           intcode_body  00000
__Hintcodelo                              intcodelo     00308
__Hintentry                               intentry      00000
__Hintret                                 intret        00000
__Hintsave_regs                           intsave_regs  00000
__Hirdata                                 irdata        00000
__Hjflash_buffer                          jflash_buffer 0F800
__Hmediumconst                            mediumconst   0FFF8
__HnvFARRAM                               nvFARRAM      00000
__Hnvbit                                  nvbit         00000
__Hnvrram                                 nvrram        00000
__Hparam                                  rparam        00000
__Hpowerup                                powerup       00308
__Hram                                    ram           00000
__Hramtop                                 ramtop        00F00
__Hrbit                                   rbit          00000
__Hrbss                                   rbss          00000
__Hrdata                                  rdata         00000
__Hreset_vec                              reset_vec     00004
__Hrparam                                 rparam        00000
__Hsfr                                    sfr           00000
__Hsmallconst                             smallconst    00000
__Hspace_0                                (abs)         10000
__Hspace_1                                (abs)         0048C
__Hspace_2                                (abs)         00000
__Hstack                                  stack         00000
__Hstruct                                 struct        00000
__Htemp                                   temp          0005E
__Htext                                   text          00000
__Htext0                                  text0         00000
__Htext1                                  text1         00000
__Htext10                                 text10        00000
__Htext11                                 text11        00000
__Htext12                                 text12        00000
__Htext13                                 text13        00000
__Htext14                                 text14        00000
__Htext15                                 text15        00000
__Htext16                                 text16        00000
__Htext17                                 text17        00000
__Htext18                                 text18        00000
__Htext19                                 text19        00000
__Htext2                                  text2         00000
__Htext20                                 text20        00000
__Htext21                                 text21        00000
__Htext22                                 text22        00000
__Htext23                                 text23        00000
__Htext24                                 text24        00000
__Htext25                                 text25        00000
__Htext26                                 text26        00000
__Htext27                                 text27        00000
__Htext28                                 text28        00000
__Htext29                                 text29        00000
__Htext3                                  text3         00000
__Htext30                                 text30        00000
__Htext31                                 text31        00000
__Htext32                                 text32        00000
__Htext33                                 text33        00000
__Htext34                                 text34        00000
__Htext35                                 text35        00000
__Htext36                                 text36        00000
__Htext37                                 text37        00000
__Htext38                                 text38        00000
__Htext39                                 text39        00000
__Htext4                                  text4         00000
__Htext40                                 text40        00000
__Htext41                                 text41        00000
__Htext42                                 text42        00000
__Htext43                                 text43        00000
__Htext44                                 text44        00000
__Htext45                                 text45        00000
__Htext46                                 text46        00000
__Htext47                                 text47        00000
__Htext48                                 text48        00000
__Htext49                                 text49        00000
__Htext5                                  text5         00000
__Htext50                                 text50        00000
__Htext51                                 text51        00000
__Htext52                                 text52        00000
__Htext53                                 text53        00000
__Htext54                                 text54        00000
__Htext55                                 text55        00000
__Htext56                                 text56        00000
__Htext57                                 text57        00000
__Htext58                                 text58        00000
__Htext59                                 text59        00000
__Htext6                                  text6         00000
__Htext60                                 text60        00000
__Htext62                                 text62        00000
__Htext63                                 text63        00000
__Htext64                                 text64        00000
__Htext65                                 text65        00000
__Htext66                                 text66        00000
__Htext67                                 text67        00000
__Htext68                                 text68        00000
__Htext69                                 text69        00000
__Htext7                                  text7         00000
__Htext70                                 text70        00000
__Htext8                                  text8         00000
__Htext9                                  text9         00000
__LRAM                                    (abs)         00001
__Labs1                                   abs1          00000
__Lbank0                                  bank0         00000
__Lbank1                                  bank1         00000
__Lbank10                                 bank10        00000
__Lbank11                                 bank11        00000
__Lbank12                                 bank12        00000
__Lbank13                                 bank13        00000
__Lbank14                                 bank14        00000
__Lbank2                                  bank2         00000
__Lbank3                                  bank3         00000
__Lbank4                                  bank4         00000
__Lbank5                                  bank5         00000
__Lbank6                                  bank6         00000
__Lbank7                                  bank7         00000
__Lbank8                                  bank8         00000
__Lbank9                                  bank9         00000
__Lbigbss                                 bigbss        00000
__Lbigdata                                bigdata       00000
__Lbigram                                 bigram        00000
__Lbss                                    bss           00000
__LbssBANK1                               bssBANK1      00000
__LbssBANK2                               bssBANK2      00000
__LbssBANK3                               bssBANK3      00000
__LbssBANK4                               bssBANK4      00000
__LbssCOMRAM                              bssCOMRAM     00000
__Lcinit                                  cinit         00000
__Lclrtext                                clrtext       00000
__Lcomram                                 comram        00000
__Lconfig                                 config        0FFF8
__Lconst                                  const         00000
__LcstackBANK0                            cstackBANK0   00000
__LcstackBANK1                            cstackBANK1   00000
__LcstackCOMRAM                           cstackCOMRAM  00000
__Ldata                                   data          00000
__LdataBANK0                              dataBANK0     00000
__LdataBANK1                              dataBANK1     00000
__LdataBANK2                              dataBANK2     00000
__LdataCOMRAM                             dataCOMRAM    00000
__Lfarbss                                 farbss        00000
__Lfardata                                fardata       00000
__Libigdata                               ibigdata      00000
__Lidata                                  idata         00000
__LidataBANK0                             idataBANK0    00000
__LidataBANK1                             idataBANK1    00000
__LidataBANK2                             idataBANK2    00000
__LidataCOMRAM                            idataCOMRAM   00000
__Lidloc                                  idloc         00000
__Lifardata                               ifardata      00000
__Linit                                   init          00308
__Lintcode                                intcode       00008
__Lintcode_body                           intcode_body  00000
__Lintcodelo                              intcodelo     00308
__Lintentry                               intentry      00000
__Lintret                                 intret        00000
__Lintsave_regs                           intsave_regs  00000
__Lirdata                                 irdata        00000
__Ljflash_buffer                          jflash_buffer 0F800
__Lmediumconst                            mediumconst   0FDDE
__LnvFARRAM                               nvFARRAM      00000
__Lnvbit                                  nvbit         00000
__Lnvrram                                 nvrram        00000
__Lparam                                  rparam        00000
__Lpowerup                                powerup       00308
__Lram                                    ram           00000
__Lramtop                                 ramtop        00F00
__Lrbit                                   rbit          00000
__Lrbss                                   rbss          00000
__Lrdata                                  rdata         00000
__Lreset_vec                              reset_vec     00000
__Lrparam                                 rparam        00000
__Lsfr                                    sfr           00000
__Lsmallconst                             smallconst    00000
__Lspace_0                                (abs)         00000
__Lspace_1                                (abs)         00000
__Lspace_2                                (abs)         00000
__Lstack                                  stack         00000
__Lstruct                                 struct        00000
__Ltemp                                   temp          0005D
__Ltext                                   text          00000
__Ltext0                                  text0         00000
__Ltext1                                  text1         00000
__Ltext10                                 text10        00000
__Ltext11                                 text11        00000
__Ltext12                                 text12        00000
__Ltext13                                 text13        00000
__Ltext14                                 text14        00000
__Ltext15                                 text15        00000
__Ltext16                                 text16        00000
__Ltext17                                 text17        00000
__Ltext18                                 text18        00000
__Ltext19                                 text19        00000
__Ltext2                                  text2         00000
__Ltext20                                 text20        00000
__Ltext21                                 text21        00000
__Ltext22                                 text22        00000
__Ltext23                                 text23        00000
__Ltext24                                 text24        00000
__Ltext25                                 text25        00000
__Ltext26                                 text26        00000
__Ltext27                                 text27        00000
__Ltext28                                 text28        00000
__Ltext29                                 text29        00000
__Ltext3                                  text3         00000
__Ltext30                                 text30        00000
__Ltext31                                 text31        00000
__Ltext32                                 text32        00000
__Ltext33                                 text33        00000
__Ltext34                                 text34        00000
__Ltext35                                 text35        00000
__Ltext36                                 text36        00000
__Ltext37                                 text37        00000
__Ltext38                                 text38        00000
__Ltext39                                 text39        00000
__Ltext4                                  text4         00000
__Ltext40                                 text40        00000
__Ltext41                                 text41        00000
__Ltext42                                 text42        00000
__Ltext43                                 text43        00000
__Ltext44                                 text44        00000
__Ltext45                                 text45        00000
__Ltext46                                 text46        00000
__Ltext47                                 text47        00000
__Ltext48                                 text48        00000
__Ltext49                                 text49        00000
__Ltext5                                  text5         00000
__Ltext50                                 text50        00000
__Ltext51                                 text51        00000
__Ltext52                                 text52        00000
__Ltext53                                 text53        00000
__Ltext54                                 text54        00000
__Ltext55                                 text55        00000
__Ltext56                                 text56        00000
__Ltext57                                 text57        00000
__Ltext58                                 text58        00000
__Ltext59                                 text59        00000
__Ltext6                                  text6         00000
__Ltext60                                 text60        00000
__Ltext62                                 text62        00000
__Ltext63                                 text63        00000
__Ltext64                                 text64        00000
__Ltext65                                 text65        00000
__Ltext66                                 text66        00000
__Ltext67                                 text67        00000
__Ltext68                                 text68        00000
__Ltext69                                 text69        00000
__Ltext7                                  text7         00000
__Ltext70                                 text70        00000
__Ltext8                                  text8         00000
__Ltext9                                  text9         00000
__S0                                      (abs)         10000
__S1                                      (abs)         0048C
__S2                                      (abs)         00000
___inthi_sp                               stack         00000
___intlo_sp                               stack         00000
___lbmod                                  text53        069BA
___lbmod@counter                          cstackBANK0   00062
___lbmod@dividend                         cstackBANK0   00061
___lbmod@divisor                          cstackBANK0   00060
___lbmod@rem                              cstackBANK0   00063
___lmul                                   text31        0655C
___lmul@multiplicand                      cstackBANK0   00064
___lmul@multiplier                        cstackBANK0   00060
___lmul@product                           cstackBANK0   00068
___lwdiv                                  text25        06354
___lwdiv@counter                          cstackBANK0   00064
___lwdiv@dividend                         cstackBANK0   00060
___lwdiv@divisor                          cstackBANK0   00062
___lwdiv@quotient                         cstackBANK0   00065
___lwmod                                  text24        064E2
___lwmod@counter                          cstackBANK0   0006B
___lwmod@dividend                         cstackBANK0   00067
___lwmod@divisor                          cstackBANK0   00069
___param_bank                             (abs)         00000
___rparam_used                            (abs)         00001
___sp                                     stack         00000
___wmul                                   text23        06C12
___wmul@multiplicand                      cstackBANK0   00062
___wmul@multiplier                        cstackBANK0   00060
___wmul@product                           cstackBANK0   00064
__accesstop                               (abs)         00060
__activetblptr                            (abs)         00002
__end_of_AddNodeToNetworkTable            text55        0570E
__end_of_BroadcastJitter                  text52        05CB0
__end_of_DELAY_ms                         text30        05E30
__end_of_I2CTask                          text68        0583A
__end_of_I2CWrite                         text29        06BE4
__end_of_InitMRF24J40                     text43        04F10
__end_of_InitSymbolTimer                  text7         06D72
__end_of_LCD_Initialize                   text28        064E2
__end_of_MiApp_ConnectionMode             text12        06B86
__end_of_MiApp_DiscardMessage             text59        06DBE
__end_of_MiApp_EstablishConnection        text8         048B4
__end_of_MiApp_MessageAvailable           text35        06D46
__end_of_MiApp_ProtocolInit               text5         0545C
__end_of_MiApp_SearchConnection           text10        05140
__end_of_MiApp_SetChannel                 text11        06AB0
__end_of_MiApp_StartConnection            text4         0619E
__end_of_MiApp_UnicastAddress             text26        0444A
__end_of_MiMAC_DiscardPacket              text60        06C6A
__end_of_MiMAC_Init                       text6         0678A
__end_of_MiMAC_ReceivedPacket             text51        03390
__end_of_MiMAC_SendPacket                 text41        03F38
__end_of_MiMAC_SetAltAddress              text42        067F2
__end_of_MiMAC_SetChannel                 text47        06722
__end_of_MiWiTasks                        text36        01D32
__end_of_MiWi_TickGet                     text54        062C8
__end_of_OpenSocket                       text9         04C02
__end_of_PHYGetLongRAMAddr                text45        068B2
__end_of_PHYGetShortRAMAddr               text44        06B1C
__end_of_PHYSetLongRAMAddr                text49        0690C
__end_of_PHYSetShortRAMAddr               text48        06BB6
__end_of_RX                               text32        06C94
__end_of_RouteMessage                     text38        03964
__end_of_SPIGet                           text46        06DA0
__end_of_SPIPut                           text50        06A7A
__end_of_SYSTEM_Initialize                text27        06466
__end_of_ScanTime                         mediumconst   0FE1B
__end_of_SearchForLongAddress             text58        05962
__end_of_SearchForShortAddress            text57        05BEA
__end_of_SendBeacon                       text39        05EF0
__end_of_SendMACPacket                    text40        05B1A
__end_of_TX                               text19        05A44
__end_of_UnicastShortAddress              text37        06234
__end_of_UserInterruptHandler             text67        06D0A
__end_of___lbmod                          text53        06A04
__end_of___lmul                           text31        065D0
__end_of___lwdiv                          text25        063DE
__end_of___lwmod                          text24        0655C
__end_of___wmul                           text23        06C3E
__end_of__initialization                  cinit         060F4
__end_of__uartPrint                       text33        06354
__end_of_dpowers                          mediumconst   0FE31
__end_of_findNextNetworkEntry             text56        06642
__end_of_getPseudo                        text16        06062
__end_of_hexpowers                        mediumconst   0FE39
__end_of_high_isr                         intcode       00308
__end_of_initChat                         text13        06964
__end_of_initNwk                          text2         052F8
__end_of_isdigit                          text22        06A42
__end_of_main                             text0         06CBC
__end_of_octpowers                        mediumconst   0FE27
__end_of_sendUnicast                      text20        055B8
__end_of_sprintf                          text21        02AB6
__end_of_uartHexaPrint                    text3         05D70
__end_of_uartInitialize                   text1         06D5E
__end_of_uartRead                         text17        06854
__end_of_uartWrite                        text34        06D2A
__end_of_vT100CleanScreen                 text15        06D82
__end_of_vT100EraseEndOfLine              text18        06D92
__end_of_vT100PlaceCursor                 text14        06AE6
__end_ofi2_DELAY_ms                       text69        05FAA
__end_ofi2_PHYGetLongRAMAddr              text64        069BA
__end_ofi2_PHYGetShortRAMAddr             text63        06C12
__end_ofi2_PHYSetShortRAMAddr             text62        06CE4
__end_ofi2_SPIGet                         text65        06DAE
__end_ofi2_SPIPut                         text66        06B52
__end_ofi2___lmul                         text70        066B4
__initialization                          cinit         06062
__mediumconst                             mediumconst   0FDDE
__pbssBANK1                               bssBANK1      0019C
__pbssBANK2                               bssBANK2      00200
__pbssBANK3                               bssBANK3      00300
__pbssBANK4                               bssBANK4      00400
__pbssCOMRAM                              bssCOMRAM     0002F
__pcinit                                  cinit         06062
__pcstackBANK0                            cstackBANK0   00060
__pcstackBANK1                            cstackBANK1   00100
__pcstackCOMRAM                           cstackCOMRAM  00001
__pdataBANK0                              dataBANK0     000FF
__pdataBANK1                              dataBANK1     001FB
__pdataBANK2                              dataBANK2     002D7
__pdataCOMRAM                             dataCOMRAM    0005C
__pidataBANK0                             idataBANK0    06DBF
__pidataBANK1                             idataBANK1    06DC0
__pidataBANK2                             idataBANK2    06DAE
__pidataCOMRAM                            idataCOMRAM   06DBE
__pintcode                                intcode       00008
__pmediumconst                            mediumconst   0FDDE
__ptext0                                  text0         06C94
__ptext1                                  text1         06D46
__ptext10                                 text10        04F10
__ptext11                                 text11        06A7A
__ptext12                                 text12        06B52
__ptext13                                 text13        0690C
__ptext14                                 text14        06AB0
__ptext15                                 text15        06D72
__ptext16                                 text16        05FAA
__ptext17                                 text17        067F2
__ptext18                                 text18        06D82
__ptext19                                 text19        05962
__ptext2                                  text2         05140
__ptext20                                 text20        0545C
__ptext21                                 text21        01D32
__ptext22                                 text22        06A04
__ptext23                                 text23        06C12
__ptext24                                 text24        064E2
__ptext25                                 text25        06354
__ptext26                                 text26        03F38
__ptext27                                 text27        063DE
__ptext28                                 text28        06466
__ptext29                                 text29        06BB6
__ptext3                                  text3         05CB0
__ptext30                                 text30        05D70
__ptext31                                 text31        0655C
__ptext32                                 text32        06C6A
__ptext33                                 text33        062C8
__ptext34                                 text34        06D0A
__ptext35                                 text35        06D2A
__ptext36                                 text36        0030C
__ptext37                                 text37        0619E
__ptext38                                 text38        03390
__ptext39                                 text39        05E30
__ptext4                                  text4         06102
__ptext40                                 text40        05A44
__ptext41                                 text41        03964
__ptext42                                 text42        0678A
__ptext43                                 text43        04C02
__ptext44                                 text44        06AE6
__ptext45                                 text45        06854
__ptext46                                 text46        06D92
__ptext47                                 text47        066B4
__ptext48                                 text48        06B86
__ptext49                                 text49        068B2
__ptext5                                  text5         052F8
__ptext50                                 text50        06A42
__ptext51                                 text51        02AB6
__ptext52                                 text52        05BEA
__ptext53                                 text53        069BA
__ptext54                                 text54        06234
__ptext55                                 text55        055B8
__ptext56                                 text56        065D0
__ptext57                                 text57        05B1A
__ptext58                                 text58        0583A
__ptext59                                 text59        06DB6
__ptext6                                  text6         06722
__ptext60                                 text60        06C3E
__ptext62                                 text62        06CBC
__ptext63                                 text63        06BE4
__ptext64                                 text64        06964
__ptext65                                 text65        06DA0
__ptext66                                 text66        06B1C
__ptext67                                 text67        06CE4
__ptext68                                 text68        0570E
__ptext69                                 text69        05EF0
__ptext7                                  text7         06D5E
__ptext70                                 text70        06642
__ptext8                                  text8         0444A
__ptext9                                  text9         048B4
__ramtop                                  ramtop        00F00
__size_of_AddNodeToNetworkTable           (abs)         00000
__size_of_BroadcastJitter                 (abs)         00000
__size_of_DELAY_ms                        (abs)         00000
__size_of_I2CTask                         (abs)         00000
__size_of_I2CWrite                        (abs)         00000
__size_of_InitMRF24J40                    (abs)         00000
__size_of_InitSymbolTimer                 (abs)         00000
__size_of_LCD_Initialize                  (abs)         00000
__size_of_MiApp_ConnectionMode            (abs)         00000
__size_of_MiApp_DiscardMessage            (abs)         00000
__size_of_MiApp_EstablishConnection       (abs)         00000
__size_of_MiApp_MessageAvailable          (abs)         00000
__size_of_MiApp_ProtocolInit              (abs)         00000
__size_of_MiApp_SearchConnection          (abs)         00000
__size_of_MiApp_SetChannel                (abs)         00000
__size_of_MiApp_StartConnection           (abs)         00000
__size_of_MiApp_UnicastAddress            (abs)         00000
__size_of_MiMAC_DiscardPacket             (abs)         00000
__size_of_MiMAC_Init                      (abs)         00000
__size_of_MiMAC_ReceivedPacket            (abs)         00000
__size_of_MiMAC_SendPacket                (abs)         00000
__size_of_MiMAC_SetAltAddress             (abs)         00000
__size_of_MiMAC_SetChannel                (abs)         00000
__size_of_MiWiTasks                       (abs)         00000
__size_of_MiWi_TickGet                    (abs)         00000
__size_of_OpenSocket                      (abs)         00000
__size_of_PHYGetLongRAMAddr               (abs)         00000
__size_of_PHYGetShortRAMAddr              (abs)         00000
__size_of_PHYSetLongRAMAddr               (abs)         00000
__size_of_PHYSetShortRAMAddr              (abs)         00000
__size_of_RX                              (abs)         00000
__size_of_RouteMessage                    (abs)         00000
__size_of_SPIGet                          (abs)         00000
__size_of_SPIPut                          (abs)         00000
__size_of_SYSTEM_Initialize               (abs)         00000
__size_of_SearchForLongAddress            (abs)         00000
__size_of_SearchForShortAddress           (abs)         00000
__size_of_SendBeacon                      (abs)         00000
__size_of_SendMACPacket                   (abs)         00000
__size_of_TX                              (abs)         00000
__size_of_UnicastShortAddress             (abs)         00000
__size_of_UserInterruptHandler            (abs)         00000
__size_of___lbmod                         (abs)         00000
__size_of___lmul                          (abs)         00000
__size_of___lwdiv                         (abs)         00000
__size_of___lwmod                         (abs)         00000
__size_of___wmul                          (abs)         00000
__size_of__uartPrint                      (abs)         00000
__size_of_findNextNetworkEntry            (abs)         00000
__size_of_getPseudo                       (abs)         00000
__size_of_high_isr                        (abs)         00000
__size_of_initChat                        (abs)         00000
__size_of_initNwk                         (abs)         00000
__size_of_isdigit                         (abs)         00000
__size_of_main                            (abs)         00000
__size_of_sendUnicast                     (abs)         00000
__size_of_sprintf                         (abs)         00000
__size_of_uartHexaPrint                   (abs)         00000
__size_of_uartInitialize                  (abs)         00000
__size_of_uartRead                        (abs)         00000
__size_of_uartWrite                       (abs)         00000
__size_of_vT100CleanScreen                (abs)         00000
__size_of_vT100EraseEndOfLine             (abs)         00000
__size_of_vT100PlaceCursor                (abs)         00000
__size_ofi2_DELAY_ms                      (abs)         00000
__size_ofi2_PHYGetLongRAMAddr             (abs)         00000
__size_ofi2_PHYGetShortRAMAddr            (abs)         00000
__size_ofi2_PHYSetShortRAMAddr            (abs)         00000
__size_ofi2_SPIGet                        (abs)         00000
__size_ofi2_SPIPut                        (abs)         00000
__size_ofi2___lmul                        (abs)         00000
__smallconst                              smallconst    00000
__uartPrint                               text33        062C8
__uartPrint@i                             cstackBANK0   00065
__uartPrint@str                           cstackBANK0   00061
_countRB0                                 bssBANK1      001BB
_countRB2                                 bssBANK1      001B9
_currentChannel                           bssCOMRAM     0005B
_defaultHops                              dataCOMRAM    0005C
_dpowers                                  mediumconst   0FE27
_failureCounter                           bssBANK1      001B5
_findNextNetworkEntry                     text56        065D0
_getPseudo                                text16        05FAA
_hexpowers                                mediumconst   0FE31
_high_isr                                 intcode       00008
_initChat                                 text13        0690C
_initNwk                                  text2         05140
_isdigit                                  text22        06A04
_isdigit$3591                             cstackBANK0   00061
_knownCoordinators                        bssCOMRAM     00045
_main                                     text0         06C94
_myLongAddress                            dataBANK2     002D7
_myNetworkAddress                         bssCOMRAM     00053
_myPANID                                  bssCOMRAM     00057
_myParent                                 bssCOMRAM     00048
_myPseudo                                 bssBANK2      002CE
_myShortAddress                           bssBANK1      001F9
_octpowers                                mediumconst   0FE1B
_openSocketInfo                           bssBANK2      002B4
_prevState0                               bssBANK1      001BF
_prevState2                               bssBANK1      001C1
_role                                     bssCOMRAM     00044
_rxMessage                                bssBANK1      0019C
_sendUnicast                              text20        0545C
_sprintf                                  text21        01D32
_sprintf$3370                             cstackBANK0   00079
_sprintf$3371                             cstackBANK0   0007B
_sprintf$3377                             cstackBANK0   0007D
_state0                                   bssBANK1      001C0
_state2                                   bssBANK1      001C2
_switch0PressTime                         bssBANK1      001AE
_switch1PressTime                         bssBANK1      001AA
_tempLongAddress                          bssBANK2      00230
_tempNodeStatus                           bssCOMRAM     00049
_tempPANID                                bssBANK1      001F7
_tempShortAddress                         bssCOMRAM     00059
_timerExtension1                          bssCOMRAM     0004E
_timerExtension2                          bssCOMRAM     0004D
_uartHexaPrint                            text3         05CB0
_uartInitialize                           text1         06D46
_uartRead                                 text17        067F2
_uartWrite                                text34        06D0A
_vT100CleanScreen                         text15        06D72
_vT100EraseEndOfLine                      text18        06D82
_vT100PlaceCursor                         text14        06AB0
btemp                                     temp          0005D
end_of_initialization                     cinit         060F4
findNextNetworkEntry@i                    cstackBANK0   00060
getPseudo@i                               cstackBANK0   0006F
getPseudo@pseudo                          cstackBANK0   00068
high_isr@RxBank                           cstackCOMRAM  0002D
high_isr@flags                            cstackCOMRAM  0002B
high_isr@i                                cstackCOMRAM  0002E
[...]
		Unchanged: 
 Data sizes:     COMRAM   BANK0   BANK1   BANK2   BANK3   BANK4   BANK5   BANK6   BANK7   BANK8   BANK9  BANK10  BANK11  BANK12  BANK13  BANK14
      Params:         1       0       0       0       0       0       0       0       0       0       0       0       0       0       0       0
      Locals:         2       0       0       0       0       0       0       0       0       0       0       0       0       0       0       0
      Temps:          0       0       0       0       0       0       0       0       0       0       0       0       0       0       0       0
      Totals:         3       0       0       0       0       0       0       0       0       0       0       0       0       0       0       0
Total ram usage:        3 bytes
 Hardware stack levels used:    1
 Hardware stack levels required when called:    1
 This function calls:
		i2_SPIPut
 This function is called by:
		_high_isr
 This function uses a non-reentrant model


 *************** function i2_PHYGetShortRAMAddr *****************
 Defined at:
		line 154 in file "../../MLA/framework/driver/mrf_miwi/src/drv_mrf_miwi_24j40.c"
 Parameters:    Size  Location     Type
  address         1    wreg     unsigned char 
 Auto vars:     Size  Location     Type
  address         1    2[COMRAM] unsigned char 
  PHYGetShortR    1    4[COMRAM] volatile unsigned char 
  PHYGetShortR    1    3[COMRAM] unsigned char 
 Return value:  Size  Location     Type
                  1    wreg      unsigned char 
 Registers used:
		wreg, status,2, cstack
 Tracked objects:
		On entry : 
		On exit  : 
		Unchanged: 
 Data sizes:     COMRAM   BANK0   BANK1   BANK2   BANK3   BANK4   BANK5   BANK6   BANK7   BANK8   BANK9  BANK10  BANK11  BANK12  BANK13  BANK14
      Params:         0       0       0       0       0       0       0       0       0       0       0       0       0       0       0       0
      Locals:         3       0       0       0       0       0       0       0       0       0       0       0       0       0       0       0
      Temps:          0       0       0       0       0       0       0       0       0       0       0       0       0       0       0       0
      Totals:         3       0       0       0       0       0       0       0       0       0       0       0       0       0       0       0
Total ram usage:        3 bytes
 Hardware stack levels used:    1
 Hardware stack levels required when called:    2
 This function calls:
		i2_SPIGet
		i2_SPIPut
 This function is called by:
		_high_isr
 This function uses a non-reentrant model


 *************** function i2_PHYGetLongRAMAddr *****************
 Defined at:
		line 185 in file "../../MLA/framework/driver/mrf_miwi/src/drv_mrf_miwi_24j40.c"
 Parameters:    Size  Location     Type
  address         2    2[COMRAM] unsigned int 
 Auto vars:     Size  Location     Type
  PHYGetLongRA    1    7[COMRAM] volatile unsigned char 
  PHYGetLongRA    1    6[COMRAM] unsigned char 
 Return value:  Size  Location     Type
                  1    wreg      unsigned char 
 Registers used:
		wreg, status,2, status,0, cstack
 Tracked objects:
		On entry : 
		On exit  : 
		Unchanged: 
 Data sizes:     COMRAM   BANK0   BANK1   BANK2   BANK3   BANK4   BANK5   BANK6   BANK7   BANK8   BANK9  BANK10  BANK11  BANK12  BANK13  BANK14
      Params:         2       0       0       0       0       0       0       0       0       0       0       0       0       0       0       0
      Locals:         2       0       0       0       0       0       0       0       0       0       0       0       0       0       0       0
      Temps:          2       0       0       0       0       0       0       0       0       0       0       0       0       0       0       0
      Totals:         6       0       0       0       0       0       0       0       0       0       0       0       0       0       0       0
Total ram usage:        6 bytes
 Hardware stack levels used:    1
 Hardware stack levels required when called:    2
 This function calls:
		i2_SPIGet
		i2_SPIPut
 This function is called by:
		_high_isr
 This function uses a non-reentrant model


 *************** function i2_SPIGet *****************
 Defined at:
		line 102 in file "../8bitswdk_pic18f46j50_24j40/firmware/src/system_config/8bitwdk_pic18f46j50_24j40/spi.c"
 Parameters:    Size  Location     Type
		None
 Auto vars:     Size  Location     Type
		None
 Return value:  Size  Location     Type
                  1    wreg      unsigned char 
 Registers used:
		wreg, status,2, cstack
 Tracked objects:
		On entry : 
		On exit  : 
		Unchanged: 
 Data sizes:     COMRAM   BANK0   BANK1   BANK2   BANK3   BANK4   BANK5   BANK6   BANK7   BANK8   BANK9  BANK10  BANK11  BANK12  BANK13  BANK14
      Params:         0       0       0       0       0       0       0       0       0       0       0       0       0       0       0       0
      Locals:         0       0       0       0       0       0       0       0       0       0       0       0       0       0       0       0
      Temps:          0       0       0       0       0       0       0       0       0       0       0       0       0       0       0       0
      Totals:         0       0       0       0       0       0       0       0       0       0       0       0       0       0       0       0
Total ram usage:        0 bytes
 Hardware stack levels used:    1
 Hardware stack levels required when called:    1
 This function calls:
		i2_SPIPut
 This function is called by:
		i2_PHYGetShortRAMAddr
		i2_PHYGetLongRAMAddr
 This function uses a non-reentrant model


 *************** function i2_SPIPut *****************
 Defined at:
		line 45 in file "../8bitswdk_pic18f46j50_24j40/firmware/src/system_config/8bitwdk_pic18f46j50_24j40/spi.c"
 Parameters:    Size  Location     Type
  v               1    wreg     unsigned char 
 Auto vars:     Size  Location     Type
  v               1    1[COMRAM] unsigned char 
  SPIPut          1    0[COMRAM] unsigned char 
 Return value:  Size  Location     Type
                  1    wreg      void 
 Registers used:
		wreg
 Tracked objects:
		On entry : 
		On exit  : 
		Unchanged: 
 Data sizes:     COMRAM   BANK0   BANK1   BANK2   BANK3   BANK4   BANK5   BANK6   BANK7   BANK8   BANK9  BANK10  BANK11  BANK12  BANK13  BANK14
      Params:         0       0       0       0       0       0       0       0       0       0       0       0       0       0       0       0
      Locals:         2       0       0       0       0       0       0       0       0       0       0       0       0       0       0       0
      Temps:          0       0       0       0       0       0       0       0       0       0       0       0       0       0       0       0
      Totals:         2       0       0       0       0       0       0       0       0       0       0       0       0       0       0       0
Total ram usage:        2 bytes
 Hardware stack levels used:    1
 This function calls:
		Nothing
 This function is called by:
		i2_SPIGet
		i2_PHYSetShortRAMAddr
		i2_PHYGetShortRAMAddr
		i2_PHYGetLongRAMAddr
 This function uses a non-reentrant model


 *************** function _UserInterruptHandler *****************
 Defined at:
		line 345 in file "../8bitswdk_pic18f46j50_24j40/firmware/src/system_config/8bitwdk_pic18f46j50_24j40/lcd.c"
 Parameters:    Size  Location     Type
		None
 Auto vars:     Size  Location     Type
		None
 Return value:  Size  Location     Type
                  1    wreg      void 
 Registers used:
		wreg, fsr2l, fsr2h, status,2, status,0, prodl, prodh, cstack
 Tracked objects:
		On entry : 
		On exit  : 
		Unchanged: 
 Data sizes:     COMRAM   BANK0   BANK1   BANK2   BANK3   BANK4   BANK5   BANK6   BANK7   BANK8   BANK9  BANK10  BANK11  BANK12  BANK13  BANK14
      Params:         0       0       0       0       0       0       0       0       0       0       0       0       0       0       0       0
      Locals:         0       0       0       0       0       0       0       0       0       0       0       0       0       0       0       0
      Temps:          0       0       0       0       0       0       0       0       0       0       0       0       0       0       0       0
      Totals:         0       0       0       0       0       0       0       0       0       0       0       0       0       0       0       0
Total ram usage:        0 bytes
 Hardware stack levels used:    1
 Hardware stack levels required when called:    3
 This function calls:
		_I2CTask
		i2_DELAY_ms
 This function is called by:
		_high_isr
 This function uses a non-reentrant model


 *************** function _I2CTask *****************
 Defined at:
		line 65 in file "../8bitswdk_pic18f46j50_24j40/firmware/src/system_config/8bitwdk_pic18f46j50_24j40/lcd.c"
 Parameters:    Size  Location     Type
		None
 Auto vars:     Size  Location     Type
		None
 Return value:  Size  Location     Type
                  1    wreg      void 
 Registers used:
		wreg, fsr2l, fsr2h, status,2, status,0, prodl, prodh, cstack
 Tracked objects:
		On entry : 
		On exit  : 
		Unchanged: 
 Data sizes:     COMRAM   BANK0   BANK1   BANK2   BANK3   BANK4   BANK5   BANK6   BANK7   BANK8   BANK9  BANK10  BANK11  BANK12  BANK13  BANK14
      Params:         0       0       0       0       0       0       0       0       0       0       0       0       0       0       0       0
      Locals:         0       0       0       0       0       0       0       0       0       0       0       0       0       0       0       0
      Temps:          0       0       0       0       0       0       0       0       0       0       0       0       0       0       0       0
      Totals:         0       0       0       0       0       0       0       0       0       0       0       0       0       0       0       0
Total ram usage:        0 bytes
 Hardware stack levels used:    1
 Hardware stack levels required when called:    2
 This function calls:
		i2_DELAY_ms
 This function is called by:
		_UserInterruptHandler
 This function uses a non-reentrant model


 *************** function i2_DELAY_ms *****************
 Defined at:
		line 108 in file "../8bitswdk_pic18f46j50_24j40/firmware/src/system_config/8bitwdk_pic18f46j50_24j40/delay.c"
 Parameters:    Size  Location     Type
  ms              2   12[COMRAM] unsigned int 
 Auto vars:     Size  Location     Type
  DELAY_ms        4   14[COMRAM] long 
 Return value:  Size  Location     Type
                  1    wreg      void 
 Registers used:
		wreg, status,2, status,0, cstack
 Tracked objects:
		On entry : 
		On exit  : 
		Unchanged: 
 Data sizes:     COMRAM   BANK0   BANK1   BANK2   BANK3   BANK4   BANK5   BANK6   BANK7   BANK8   BANK9  BANK10  BANK11  BANK12  BANK13  BANK14
      Params:         2       0       0       0       0       0       0       0       0       0       0       0       0       0       0       0
      Locals:         4       0       0       0       0       0       0       0       0       0       0       0       0       0       0       0
      Temps:          0       0       0       0       0       0       0       0       0       0       0       0       0       0       0       0
      Totals:         6       0       0       0       0       0       0       0       0       0       0       0       0       0       0       0
Total ram usage:        6 bytes
 Hardware stack levels used:    1
 Hardware stack levels required when called:    1
 This function calls:
		i2___lmul
 This function is called by:
		_I2CTask
		_UserInterruptHandler
 This function uses a non-reentrant model


 *************** function i2___lmul *****************
 Defined at:
		line 15 in file "C:\Program Files (x86)\Microchip\xc8\v1.45\sources\common\Umul32.c"
 Parameters:    Size  Location     Type
  multiplier      4    0[COMRAM] unsigned long 
  multiplicand    4    4[COMRAM] unsigned long 
 Auto vars:     Size  Location     Type
  __lmul          4    8[COMRAM] unsigned long 
 Return value:  Size  Location     Type
                  4    0[COMRAM] unsigned long 
 Registers used:
		wreg, status,2, status,0
 Tracked objects:
		On entry : 
		On exit  : 
		Unchanged: 
 Data sizes:     COMRAM   BANK0   BANK1   BANK2   BANK3   BANK4   BANK5   BANK6   BANK7   BANK8   BANK9  BANK10  BANK11  BANK12  BANK13  BANK14
      Params:         8       0       0       0       0       0       0       0       0       0       0       0       0       0       0       0
      Locals:         4       0       0       0       0       0       0       0       0       0       0       0       0       0       0       0
      Temps:          0       0       0       0       0       0       0       0       0       0       0       0       0       0       0       0
      Totals:        12       0       0       0       0       0       0       0       0       0       0       0       0       0       0       0
Total ram usage:       12 bytes
 Hardware stack levels used:    1
 This function calls:
		Nothing
 This function is called by:
		i2_DELAY_ms
 This function uses a non-reentrant model



MODULE INFORMATION

Module		Function		Class		Link	Load	Size
C:\Program Files (x86)\Microchip\xc8\v1.45\sources\common\doprnt.c
		_sprintf       		CODE           	1D32	0000	3461

C:\Program Files (x86)\Microchip\xc8\v1.45\sources\common\doprnt.c estimated size: 3461

../../MLA/framework/miwi/src/miwi_mesh.c
		_UnicastShortAddress		CODE           	619E	0000	151
		_MiApp_EstablishConnection		CODE           	444A	0000	1131
		_MiApp_ProtocolInit		CODE           	52F8	0000	357
		_MiApp_UnicastAddress		CODE           	3F38	0000	1299
		_MiApp_StartConnection		CODE           	6102	0000	157
		_SendMACPacket 		CODE           	5A44	0000	215
		_SendBeacon    		CODE           	5E30	0000	193
		_SearchForLongAddress		CODE           	583A	0000	297
		_findNextNetworkEntry		CODE           	65D0	0000	115
		_SearchForShortAddress		CODE           	5B1A	0000	209
		_OpenSocket    		CODE           	48B4	0000	847
		_RouteMessage  		CODE           	3390	0000	1493
		_MiApp_SetChannel		CODE           	6A7A	0000	55
		_MiWiTasks     		CODE           	030C	0000	6695
		_MiApp_DiscardMessage		CODE           	6DB6	0000	9
		_BroadcastJitter		CODE           	5BEA	0000	199
		_MiApp_MessageAvailable		CODE           	6D2A	0000	29
		_MiApp_SearchConnection		CODE           	4F10	0000	561
		_AddNodeToNetworkTable		CODE           	55B8	0000	343
		_MiApp_ConnectionMode		CODE           	6B52	0000	53

../../MLA/framework/miwi/src/miwi_mesh.c estimated size: 14408

../8bitswdk_pic18f46j50_24j40/firmware/src/system_config/8bitwdk_pic18f46j50_24j40/spi.c
		_SPIGet        		CODE           	6D92	0000	15
		_SPIPut        		CODE           	6A42	0000	57

../8bitswdk_pic18f46j50_24j40/firmware/src/system_config/8bitwdk_pic18f46j50_24j40/spi.c estimated size: 72

../8bitswdk_pic18f46j50_24j40/firmware/src/system_config/8bitwdk_pic18f46j50_24j40/delay.c
		_DELAY_ms      		CODE           	5D70	0000	193

../8bitswdk_pic18f46j50_24j40/firmware/src/system_config/8bitwdk_pic18f46j50_24j40/delay.c estimated size: 193

C:\Program Files (x86)\Microchip\xc8\v1.45\sources\common\Umul16.c
		___wmul        		CODE           	6C12	0000	45

C:\Program Files (x86)\Microchip\xc8\v1.45\sources\common\Umul16.c estimated size: 45

../8bitswdk_pic18f46j50_24j40/firmware/src/system_config/8bitwdk_pic18f46j50_24j40/lcd.c
		_LCD_Initialize		CODE           	6466	0000	125
		_UserInterruptHandler		CODE           	6CE4	0000	39
		_I2CWrite      		CODE           	6BB6	0000	47
		_I2CTask       		CODE           	570E	0000	301

../8bitswdk_pic18f46j50_24j40/firmware/src/system_config/8bitwdk_pic18f46j50_24j40/lcd.c estimated size: 512

C:\Program Files (x86)\Microchip\xc8\v1.45\sources\common\isdigit.c
		_isdigit       		CODE           	6A04	0000	63

C:\Program Files (x86)\Microchip\xc8\v1.45\sources\common\isdigit.c estimated size: 63

../8bitswdk_pic18f46j50_24j40/firmware/src/system_config/8bitwdk_pic18f46j50_24j40/system.c
		_SYSTEM_Initialize		CODE           	63DE	0000	137

../8bitswdk_pic18f46j50_24j40/firmware/src/system_config/8bitwdk_pic18f46j50_24j40/system.c estimated size: 137

C:\Program Files (x86)\Microchip\xc8\v1.45\sources\common\lwmod.c
		___lwmod       		CODE           	64E2	0000	123

C:\Program Files (x86)\Microchip\xc8\v1.45\sources\common\lwmod.c estimated size: 123

C:\Program Files (x86)\Microchip\xc8\v1.45\sources\common\Umul32.c
		___lmul        		CODE           	655C	0000	117

C:\Program Files (x86)\Microchip\xc8\v1.45\sources\common\Umul32.c estimated size: 117

shared
		i2_DELAY_ms    		CODE           	5EF0	0000	187
		_dpowers       		MEDIUMCONST    	FE27	0000	11
		_ScanTime      		MEDIUMCONST    	FDDF	0000	61
		i2_PHYGetShortRAMAddr		CODE           	6BE4	0000	47
		i2_PHYGetLongRAMAddr		CODE           	6964	0000	87
		i2_PHYSetShortRAMAddr		CODE           	6CBC	0000	41
		__initialization		CODE           	6062	0000	147
		i2___lmul      		CODE           	6642	0000	115
		_octpowers     		MEDIUMCONST    	FE1B	0000	13
		i2_SPIGet      		CODE           	6DA0	0000	15
		_hexpowers     		MEDIUMCONST    	FE31	0000	9
		i2_SPIPut      		CODE           	6B1C	0000	55

shared estimated size: 788

../8bitswdk_pic18f46j50_24j40/firmware/src/VT100.c
		_vT100CleanScreen		CODE           	6D72	0000	17
		_uartHexaPrint 		CODE           	5CB0	0000	193
		_uartInitialize		CODE           	6D46	0000	25
		__uartPrint    		CODE           	62C8	0000	141
		_vT100EraseEndOfLine		CODE           	6D82	0000	17
		_vT100PlaceCursor		CODE           	6AB0	0000	55
		_uartWrite     		CODE           	6D0A	0000	33
		_uartRead      		CODE           	67F2	0000	99

../8bitswdk_pic18f46j50_24j40/firmware/src/VT100.c estimated size: 580

C:\Program Files (x86)\Microchip\xc8\v1.45\sources\common\lwdiv.c
		___lwdiv       		CODE           	6354	0000	139

C:\Program Files (x86)\Microchip\xc8\v1.45\sources\common\lwdiv.c estimated size: 139

../8bitswdk_pic18f46j50_24j40/firmware/src/main.c
		_initNwk       		CODE           	5140	0000	441
		_initChat      		CODE           	690C	0000	89
		_getPseudo     		CODE           	5FAA	0000	185
		_main          		CODE           	6C94	0000	41
		_sendUnicast   		CODE           	545C	0000	349
		_RX            		CODE           	6C6A	0000	43
		_TX            		CODE           	5962	0000	227

../8bitswdk_pic18f46j50_24j40/firmware/src/main.c estimated size: 1375

C:\Program Files (x86)\Microchip\xc8\v1.45\sources\common\lbmod.c
		___lbmod       		CODE           	69BA	0000	75

C:\Program Files (x86)\Microchip\xc8\v1.45\sources\common\lbmod.c estimated size: 75

../../MLA/framework/driver/mrf_miwi/src/drv_mrf_miwi_24j40.c
		_PHYGetLongRAMAddr		CODE           	6854	0000	95
		_PHYSetLongRAMAddr		CODE           	68B2	0000	91
		_PHYGetShortRAMAddr		CODE           	6AE6	0000	55
		_PHYSetShortRAMAddr		CODE           	6B86	0000	49
		_InitMRF24J40  		CODE           	4C02	0000	783
		_MiMAC_ReceivedPacket		CODE           	2AB6	0000	2267
		_MiMAC_DiscardPacket		CODE           	6C3E	0000	45
		_high_isr      		CODE           	0008	0000	769
		_MiMAC_SetChannel		CODE           	66B4	0000	111
		_MiMAC_Init    		CODE           	6722	0000	105
		_MiMAC_SendPacket		CODE           	3964	0000	1493
		_MiMAC_SetAltAddress		CODE           	678A	0000	105

../../MLA/framework/driver/mrf_miwi/src/drv_mrf_miwi_24j40.c estimated size: 5968

../8bitswdk_pic18f46j50_24j40/firmware/src/system_config/8bitwdk_pic18f46j50_24j40/symbol.c
		_InitSymbolTimer		CODE           	6D5E	0000	21
		_MiWi_TickGet  		CODE           	6234	0000	149

../8bitswdk_pic18f46j50_24j40/firmware/src/system_config/8bitwdk_pic18f46j50_24j40/symbol.c estimated size: 170

