Microchip MPLAB XC8 Compiler V1.45 ()

Linker command line:

--edf=C:\Program Files (x86)\Microchip\xc8\v1.45\dat\en_msgs.txt -cs \
  -h+dist/Kiki_pic18f46j50mrf24j40/debug\SY34_Gertaldi.X.debug.sym \
  --cmf=dist/Kiki_pic18f46j50mrf24j40/debug\SY34_Gertaldi.X.debug.cmf -z \
  -Q18F46J50 -oC:\Users\tpeea\AppData\Local\Temp\s36g.2 \
  -Mdist/Kiki_pic18f46j50mrf24j40/debug/SY34_Gertaldi.X.debug.map -E1 \
  -ver=XC8 -ASTACK=03ADh-0ebfh -pstack=STACK -ACODE=00h-0FFF7h \
  -ACONST=00h-0FFF7h -ASMALLCONST=0F00h-0FFFhx240,0FF00h-0FFF7h \
  -AMEDIUMCONST=0F00h-0FFF7h -ACOMRAM=01h-05Fh -AABS1=00h-0EBFh \
  -ABIGRAM=01h-0EBFh -ARAM=060h-0FFh,0100h-01FFhx13,0E00h-0EBFh \
  -ABANK0=060h-0FFh -ABANK1=0100h-01FFh -ABANK2=0200h-02FFh \
  -ABANK3=0300h-03FFh -ABANK4=0400h-04FFh -ABANK5=0500h-05FFh \
  -ABANK6=0600h-06FFh -ABANK7=0700h-07FFh -ABANK8=0800h-08FFh \
  -ABANK9=0900h-09FFh -ABANK10=0A00h-0AFFh -ABANK11=0B00h-0BFFh \
  -ABANK12=0C00h-0CFFh -ABANK13=0D00h-0DFFh -ABANK14=0E00h-0EBFh \
  -ASFR=0EC0h-0EFFh,0F00h-0F5Fh,0F60h-0FFCh \
  -preset_vec=00h,intcode=08h,intcodelo,powerup,init -pramtop=0F00h \
  -psmallconst=SMALLCONST -pmediumconst=MEDIUMCONST -pconst=CONST \
  -AFARRAM=00h-00h -ACONFIG=0FFF8h-0FFFFh -pconfig=CONFIG \
  -pjflash_buffer=0F800h \
  -prdata=COMRAM,nvrram=COMRAM,nvbit=COMRAM,rbss=COMRAM,rbit=COMRAM \
  -pfarbss=FARRAM,fardata=FARRAM,nvFARRAM=FARRAM \
  -pintsave_regs=BIGRAM,bigbss=BIGRAM,bigdata=BIGRAM -pbss=RAM \
  -pidata=CODE,irdata=CODE,ibigdata=CODE,ifardata=CODE -prparam=COMRAM \
  C:\Users\tpeea\AppData\Local\Temp\s36g.obj \
  dist/Kiki_pic18f46j50mrf24j40/debug\SY34_Gertaldi.X.debug.obj 

Object code version is 3.11

Machine type is 18F46J50

Call graph: (short form)




                Name                               Link     Load   Length Selector   Space Scale
C:\Users\tpeea\AppData\Local\Temp\s36g.obj
                init                                20E      20E        4        4       0
                reset_vec                             0        0        6        0       0
                config                             FFF8     FFF8        8     FFF8       0
dist/Kiki_pic18f46j50mrf24j40/debug\SY34_Gertaldi.X.debug.obj
                intcode                               8        8      206        4       0
                temp                                 5D       5D        1        1       1
                mediumconst                        FE08     FE08      1F0     7F04       0
                text72                             4AE8     4AE8       56        4       0
                text71                             4346     4346       8C        4       0
                text70                             404E     404E       B0        4       0
                text69                             4F90     4F90       18        4       0
                text68                             4F5E     4F5E       1A        4       0
                text67                             5004     5004        A        4       0
                text66                             4B92     4B92       52        4       0
                text65                             4DF0     4DF0       2A        4       0
                text64                             4E42     4E42       28        4       0
                text62                             4ED2     4ED2       1E        4       0
                text61                             5018     5018        8     280C       0
                text60                             3F9E     3F9E       B0        4       0
                text59                             45F2     45F2       82        4       0
                text58                             4CB8     4CB8       3C        4       0
                text57                             3C76     3C76       DE        4       0
                text56                             4A92     4A92       56        4       0
                text55                             4DC2     4DC2       2E        4       0
                text54                             4194     4194       94        4       0
                text53                             1DBA     1DBA      684        4       0
                text52                             4F28     4F28       1C        4       0
                text51                             4988     4988       5A        4       0
                text50                             4D92     4D92       30        4       0
                text49                             4BE4     4BE4       4C        4       0
                text48                             4FFA     4FFA        A        4       0
                text47                             492E     492E       5A        4       0
                text46                             4D60     4D60       32        4       0
                text45                             33B4     33B4      25A        4       0
                text44                             48CA     48CA       64        4       0
                text43                             2C62     2C62      3CA        4       0
                text42                             40FE     40FE       96        4       0
                text41                             3E28     3E28       BE        4       0
                text40                             243E     243E      44A        4       0
                text39                             44E4     44E4       88        4       0
                text38                              212      212     12EC        4       0
                text37                             4FDC     4FDC       10        4       0
                text36                             4FEC     4FEC        E        4       0
                text35                             476C     476C       78        4       0
                text34                             4F0C     4F0C       1C        4       0
                text33                             4A3A     4A3A       58        4       0
                text32                             4228     4228       92        4       0
                text31                             4EF0     4EF0       1C        4       0
                text30                             46F0     46F0       7C        4       0
                text29                             445C     445C       88        4       0
                text28                             47E4     47E4       74        4       0
                text27                             4B3E     4B3E       54        4       0
                text26                             4C74     4C74       44        4       0
                text25                             4E1A     4E1A       28        4       0
                text24                             4EB0     4EB0       22        4       0
                text23                             14FE     14FE      8BC        4       0
                text22                             3EE6     3EE6       B8        4       0
                text21                             2888     2888      3DA        4       0
                text20                             4674     4674       7C        4       0
                text19                             3D54     3D54       D4        4       0
                text18                             43D2     43D2       8A        4       0
                text17                             4FCC     4FCC       10        4       0
                text16                             4D2A     4D2A       36        4       0
                text15                             42BA     42BA       8C        4       0
                text14                             4FBC     4FBC       10        4       0
                text13                             4CF4     4CF4       36        4       0
                text12                             49E2     49E2       58        4       0
                text11                             4E6A     4E6A       24        4       0
                text10                             4E8E     4E8E       22        4       0
                text9                              3860     3860      1B8        4       0
                text8                              360E     360E      252        4       0
                text7                              302C     302C      388        4       0
                text6                              4FA8     4FA8       14        4       0
                text5                              4C30     4C30       44        4       0
                text4                              3B5C     3B5C      11A        4       0
                text3                              4858     4858       72        4       0
                text2                              3A18     3A18      144        4       0
                text1                              4F78     4F78       18        4       0
                text0                              4F44     4F44       1A        4       0
                cstackCOMRAM                          1        1       2E        1       1
                cstackBANK0                          60       60       9C       60       1
                cstackBANK1                         1B9      1B9       36      100       1
                bssBANK3                            300      300       AD      300       1
                bssBANK2                            200      200       FB      200       1
                dataBANK1                           1EF      1EF        9      100       1
                bssBANK1                            100      100       B9      100       1
                dataBANK0                            FD       FD        1       60       1
                bssBANK0                             FC       FC        1       60       1
                dataCOMRAM                           5C       5C        1        1       1
                bssCOMRAM                            2F       2F       2D        1       1
                cinit                              456C     456C       86        4       0
                idataBANK1                         500E     500E        9        4       0
                idataBANK0                         5021     5021        1     280C       0
                idataCOMRAM                        5020     5020        1     280C       0

TOTAL           Name                               Link     Load   Length     Space
        CLASS   STACK          

        CLASS   CODE           
                intcode                               8        8      206         0
                init                                20E      20E        4         0
                reset_vec                             0        0        6         0
                text72                             4AE8     4AE8       56         0
                text71                             4346     4346       8C         0
                text70                             404E     404E       B0         0
                text69                             4F90     4F90       18         0
                text68                             4F5E     4F5E       1A         0
                text67                             5004     5004        A         0
                text66                             4B92     4B92       52         0
                text65                             4DF0     4DF0       2A         0
                text64                             4E42     4E42       28         0
                text62                             4ED2     4ED2       1E         0
                text61                             5018     5018        8         0
                text60                             3F9E     3F9E       B0         0
                text59                             45F2     45F2       82         0
                text58                             4CB8     4CB8       3C         0
                text57                             3C76     3C76       DE         0
                text56                             4A92     4A92       56         0
                text55                             4DC2     4DC2       2E         0
                text54                             4194     4194       94         0
                text53                             1DBA     1DBA      684         0
                text52                             4F28     4F28       1C         0
                text51                             4988     4988       5A         0
                text50                             4D92     4D92       30         0
                text49                             4BE4     4BE4       4C         0
                text48                             4FFA     4FFA        A         0
                text47                             492E     492E       5A         0
                text46                             4D60     4D60       32         0
                text45                             33B4     33B4      25A         0
                text44                             48CA     48CA       64         0
                text43                             2C62     2C62      3CA         0
                text42                             40FE     40FE       96         0
                text41                             3E28     3E28       BE         0
                text40                             243E     243E      44A         0
                text39                             44E4     44E4       88         0
                text38                              212      212     12EC         0
                text37                             4FDC     4FDC       10         0
                text36                             4FEC     4FEC        E         0
                text35                             476C     476C       78         0
                text34                             4F0C     4F0C       1C         0
                text33                             4A3A     4A3A       58         0
                text32                             4228     4228       92         0
                text31                             4EF0     4EF0       1C         0
                text30                             46F0     46F0       7C         0
                text29                             445C     445C       88         0
                text28                             47E4     47E4       74         0
                text27                             4B3E     4B3E       54         0
                text26                             4C74     4C74       44         0
                text25                             4E1A     4E1A       28         0
                text24                             4EB0     4EB0       22         0
                text23                             14FE     14FE      8BC         0
                text22                             3EE6     3EE6       B8         0
                text21                             2888     2888      3DA         0
                text20                             4674     4674       7C         0
                text19                             3D54     3D54       D4         0
                text18                             43D2     43D2       8A         0
                text17                             4FCC     4FCC       10         0
                text16                             4D2A     4D2A       36         0
                text15                             42BA     42BA       8C         0
                text14                             4FBC     4FBC       10         0
                text13                             4CF4     4CF4       36         0
                text12                             49E2     49E2       58         0
                text11                             4E6A     4E6A       24         0
                text10                             4E8E     4E8E       22         0
                text9                              3860     3860      1B8         0
                text8                              360E     360E      252         0
                text7                              302C     302C      388         0
                text6                              4FA8     4FA8       14         0
                text5                              4C30     4C30       44         0
                text4                              3B5C     3B5C      11A         0
                text3                              4858     4858       72         0
                text2                              3A18     3A18      144         0
                text1                              4F78     4F78       18         0
                text0                              4F44     4F44       1A         0
                cinit                              456C     456C       86         0
                idataBANK1                         500E     500E        9         0
                idataBANK0                         5021     5021        1         0
                idataCOMRAM                        5020     5020        1         0

        CLASS   CONST          

        CLASS   SMALLCONST     

        CLASS   MEDIUMCONST    
                mediumconst                        FE08     FE08      1F0         0

        CLASS   COMRAM         
                temp                                 5D       5D        1         1
                cstackCOMRAM                          1        1       2E         1
                dataCOMRAM                           5C       5C        1         1
                bssCOMRAM                            2F       2F       2D         1

        CLASS   ABS1           

        CLASS   BIGRAM         

        CLASS   RAM            

        CLASS   BANK0          
                cstackBANK0                          60       60       9C         1
                dataBANK0                            FD       FD        1         1
                bssBANK0                             FC       FC        1         1

        CLASS   BANK1          
                cstackBANK1                         1B9      1B9       36         1
                dataBANK1                           1EF      1EF        9         1
                bssBANK1                            100      100       B9         1

        CLASS   BANK2          
                bssBANK2                            200      200       FB         1

        CLASS   BANK3          
                bssBANK3                            300      300       AD         1

        CLASS   BANK4          

        CLASS   BANK5          

        CLASS   BANK6          

        CLASS   BANK7          

        CLASS   BANK8          

        CLASS   BANK9          

        CLASS   BANK10         

        CLASS   BANK11         

        CLASS   BANK12         

        CLASS   BANK13         

        CLASS   BANK14         

        CLASS   SFR            

        CLASS   FARRAM         

        CLASS   CONFIG         
                config                             FFF8     FFF8        8         0

        CLASS   IDLOC          



SEGMENTS        Name                           Load    Length   Top    Selector   Space  Class

                reset_vec                      000000  000006  000006         0       0  CODE    
                cstackCOMRAM                   000001  00005D  00005E         1       1  COMRAM  
                intcode                        000008  00500F  005017         4       0  CODE    
                cstackBANK0                    000060  00009E  0000FE        60       1  BANK0   
                bssBANK1                       000100  0000F8  0001F8       100       1  BANK1   
                bssBANK2                       000200  0000FB  0002FB       200       1  BANK2   
                bssBANK3                       000300  0000AD  0003AD       300       1  BANK3   
                text61                         005018  00000A  005022      280C       0  CODE    
                mediumconst                    00FE08  0001F0  00FFF8      7F04       0  MEDIUMCO
                config                         00FFF8  000008  010000      FFF8       0  CONFIG  


UNUSED ADDRESS RANGES

        Name                Unused          Largest block    Delta
        BANK0            000FE-000FF               2
        BANK1            001F8-001FF               8
        BANK10           00A00-00AFF             100
        BANK11           00B00-00BFF             100
        BANK12           00C00-00CFF             100
        BANK13           00D00-00DFF             100
        BANK14           00E00-00EBF              C0
        BANK2            002FB-002FF               5
        BANK3            003AD-003FF              53
        BANK4            00400-004FF             100
        BANK5            00500-005FF             100
        BANK6            00600-006FF             100
        BANK7            00700-007FF             100
        BANK8            00800-008FF             100
        BANK9            00900-009FF             100
        BIGRAM           0005E-0005F               2
                         000FE-000FF               2
                         001F8-001FF               8
                         002FB-002FF               5
                         003AD-00EBF             B13
        CODE             00006-00007               2
                         05017-05017               1
                         05022-0FE07            ADE6
        COMRAM           0005E-0005F               2
        CONST            00006-00007               2
                         05017-05017               1
                         05022-0FE07            ADE6
        MEDIUMCONST      05017-05017               1
                         05022-0FE07            ADE6
        RAM              000FE-000FF               2
                         001F8-001FF               8
                         002FB-002FF               5
                         003AD-00EBF             100
        SFR              00EC0-00FFC              60
        SMALLCONST       05017-05017               1
                         05022-0FE07             100
        STACK            003AD-00EBF             B13

                                  Symbol Table

?_MiWi_TickGet                            cstackBANK0   00060
?___lmul                                  cstackBANK0   00060
?___lwdiv                                 cstackBANK0   00060
?___lwmod                                 cstackBANK0   00067
?___wmul                                  cstackBANK0   00060
?_sprintf                                 cstackBANK0   0006C
?i2___lmul                                cstackCOMRAM  00001
AddNodeToNetworkTable@handle              cstackBANK0   00069
AddNodeToNetworkTable@i                   cstackBANK0   00068
BroadcastJitter@jitter                    cstackBANK0   0007B
BroadcastJitter@range                     cstackBANK0   0007A
BroadcastJitter@t1                        cstackBANK0   00072
BroadcastJitter@t2                        cstackBANK0   00076
DELAY_ms@cyclesRequiredForEntireDelay     cstackBANK0   0006E
DELAY_ms@ms                               cstackBANK0   0006C
I2CWrite@BufferLen                        cstackBANK0   00060
I2CWrite@Commandlen                       cstackBANK0   00061
InitMRF24J40@_dcnt                        cstackBANK0   0006B
InitMRF24J40@_dcnt_3186                   cstackBANK0   0006F
InitMRF24J40@_ms                          cstackBANK0   00073
InitMRF24J40@_ms_3187                     cstackBANK0   00077
InitMRF24J40@i                            cstackBANK0   0007D
InitMRF24J40@j                            cstackBANK0   0007B
MiApp_BroadcastPacket@SecEn               cstackBANK0   0009D
MiApp_ConnectionMode@Mode                 cstackBANK0   00061
MiApp_EstablishConnection@ActiveScanIndex cstackBANK1   001CA
MiApp_EstablishConnection@Mode            cstackBANK0   000F9
MiApp_EstablishConnection@retry           cstackBANK1   001C9
MiApp_EstablishConnection@t1              cstackBANK1   001C1
MiApp_EstablishConnection@t2              cstackBANK1   001C5
MiApp_ProtocolInit@MIP                    cstackBANK0   00084
MiApp_ProtocolInit@bNetworkFreezer        cstackBANK0   00083
MiApp_ProtocolInit@i                      cstackBANK0   00087
MiApp_SearchConnection@ChannelMap         cstackBANK0   000D9
MiApp_SearchConnection@ScanDuration       cstackBANK0   000F6
MiApp_SearchConnection@backupChannel      cstackBANK0   000F7
MiApp_SearchConnection@channelMask        cstackBANK0   000EA
MiApp_SearchConnection@i                  cstackBANK0   000F8
MiApp_SearchConnection@t1                 cstackBANK0   000EE
MiApp_SearchConnection@t2                 cstackBANK0   000F2
MiApp_SetChannel@channel                  cstackBANK0   0006A
MiApp_StartConnection@ChannelMap          cstackBANK0   0006A
MiApp_StartConnection@Mode                cstackBANK0   0006F
MiApp_StartConnection@ScanDuration        cstackBANK0   00069
MiApp_UnicastAddress@DestAddress          cstackBANK0   000D9
MiApp_UnicastAddress@MiWiFrameControl     cstackBANK0   000F5
MiApp_UnicastAddress@PermanentAddr        cstackBANK0   000DB
MiApp_UnicastAddress@SecEn                cstackBANK0   000DC
MiApp_UnicastAddress@handle               cstackBANK0   000F7
MiApp_UnicastAddress@i                    cstackBANK0   000F6
MiApp_UnicastAddress@t1                   cstackBANK0   000E5
MiApp_UnicastAddress@t1_2807              cstackBANK0   000ED
MiApp_UnicastAddress@t2                   cstackBANK0   000E9
MiApp_UnicastAddress@t2_2818              cstackBANK0   000F1
MiMAC_Init@i                              cstackBANK0   00081
MiMAC_Init@initValue                      cstackBANK0   0007E
MiMAC_ReceivedPacket@addrMode             cstackBANK0   00066
MiMAC_ReceivedPacket@bIntraPAN            cstackBANK0   00068
MiMAC_ReceivedPacket@i                    cstackBANK0   00067
MiMAC_SendPacket@IntraPAN                 cstackBANK0   00098
MiMAC_SendPacket@MACPayload               cstackBANK0   00085
MiMAC_SendPacket@MACPayloadLen            cstackBANK0   00087
MiMAC_SendPacket@frameControl             cstackBANK0   00099
MiMAC_SendPacket@headerLength             cstackBANK0   0009A
MiMAC_SendPacket@i                        cstackBANK0   0009B
MiMAC_SendPacket@loc                      cstackBANK0   0009C
MiMAC_SendPacket@t1                       cstackBANK0   00090
MiMAC_SendPacket@t2                       cstackBANK0   00094
MiMAC_SendPacket@transParam               cstackBANK0   0007E
MiMAC_SetAltAddress@Address               cstackBANK0   00065
MiMAC_SetAltAddress@PANID                 cstackBANK0   00067
MiMAC_SetChannel@channel                  cstackBANK0   00069
MiMAC_SetChannel@offsetFreq               cstackBANK0   00068
MiWiTasks@CapacityByte                    cstackBANK0   000CB
MiWiTasks@CoordAddress                    cstackBANK0   000BC
MiWiTasks@associateStatus                 cstackBANK0   000C0
MiWiTasks@cIndex                          cstackBANK0   000C8
MiWiTasks@coordinatorNumber               cstackBANK0   000C5
MiWiTasks@destPANID                       cstackBANK0   000CD
MiWiTasks@destShortAddress                cstackBANK0   000D0
MiWiTasks@entry                           cstackBANK0   000BF
MiWiTasks@handle                          cstackBANK0   000D4
MiWiTasks@i                               cstackBANK0   000D8
MiWiTasks@j                               cstackBANK0   000D7
MiWiTasks@j_2499                          cstackBANK0   000CC
MiWiTasks@j_2551                          cstackBANK0   000CF
MiWiTasks@j_2562                          cstackBANK0   000C6
MiWiTasks@j_2569                          cstackBANK0   000C9
MiWiTasks@mask                            cstackBANK0   000BE
MiWiTasks@rxIndex                         cstackBANK0   000CA
MiWiTasks@sourcePANID                     cstackBANK0   000D2
MiWiTasks@sourceShortAddress              cstackBANK0   000D5
MiWiTasks@t1                              cstackBANK0   000C1
MiWiTasks@t2                              cstackBANK0   000B8
MiWi_TickGet@currentTime                  cstackBANK0   00066
MiWi_TickGet@failureCounter               cstackBANK0   00065
OpenSocket@i                              cstackBANK0   000F8
PHYGetLongRAMAddr@address                 cstackBANK0   00062
PHYGetLongRAMAddr@tmpRFIE                 cstackBANK0   00067
PHYGetLongRAMAddr@toReturn                cstackBANK0   00066
PHYGetShortRAMAddr@address                cstackBANK0   00062
PHYGetShortRAMAddr@tmpRFIE                cstackBANK0   00064
PHYGetShortRAMAddr@toReturn               cstackBANK0   00063
PHYSetLongRAMAddr@address                 cstackBANK0   00062
PHYSetLongRAMAddr@tmpRFIE                 cstackBANK0   00067
PHYSetLongRAMAddr@value                   cstackBANK0   00064
PHYSetShortRAMAddr@address                cstackBANK0   00063
PHYSetShortRAMAddr@tmpRFIE                cstackBANK0   00064
PHYSetShortRAMAddr@value                  cstackBANK0   00062
RouteMessage@PANID                        cstackBANK0   000A4
RouteMessage@SecEn                        cstackBANK0   000A8
RouteMessage@ShortAddress                 cstackBANK0   000A6
RouteMessage@i                            cstackBANK0   000AD
RouteMessage@parentNode                   cstackBANK0   000AC
SPIPut@i                                  cstackBANK0   00060
SPIPut@v                                  cstackBANK0   00061
SearchForLongAddress@i                    cstackBANK0   00065
SearchForLongAddress@j                    cstackBANK0   00064
SearchForShortAddress@i                   cstackBANK0   00062
SendMACPacket@Address                     cstackBANK0   0009F
SendMACPacket@ModeMask                    cstackBANK0   000A2
SendMACPacket@PANID                       cstackBANK0   0009D
SendMACPacket@PacketType                  cstackBANK0   000A1
UnicastShortAddress@DestAddress           cstackBANK0   000AE
_ANCON0                                   (abs)         00F48
_ANCON1                                   (abs)         00F49
_AcknowledgementAddr                      bssBANK1      00153
_AcknowledgementSeq                       dataBANK1     001EF
_ActiveScanResultIndex                    bssCOMRAM     0004A
_ActiveScanResults                        bssBANK3      00300
_AddNodeToNetworkTable                    text57        03C76
_BAUDCON1bits                             (abs)         00F7E
_BankIndex                                dataBANK0     000FD
_BroadcastJitter                          text54        04194
_BroadcastRecords                         bssBANK1      00100
_CommandLen                               bssCOMRAM     00052
_CommandPtr                               bssCOMRAM     00050
_ConnMode                                 bssCOMRAM     0004C
_ConnectionTable                          bssBANK2      002A0
_DELAY_ms                                 text32        04228
_EECON2                                   (abs)         00FA7
_I2CTask                                  text70        0404E
_I2CWrite                                 text31        04EF0
_IEEESeqNum                               bssBANK1      0015A
_INTCON                                   (abs)         00FF2
_INTCON2bits                              (abs)         00FF1
_INTCON3bits                              (abs)         00FF0
_INTCONbits                               (abs)         00FF2
_InitMRF24J40                             text45        033B4
_InitSymbolTimer                          text6         04FA8
_LATA                                     (abs)         00F89
_LATB                                     (abs)         00F8A
_LATBbits                                 (abs)         00F8A
_LATCbits                                 (abs)         00F8B
_LATD                                     (abs)         00F8C
_LATDbits                                 (abs)         00F8C
_LATE                                     (abs)         00F8D
_LCDCommand                               bssBANK1      00142
_LCDText                                  bssBANK3      0038C
_LCD_Initialize                           text30        046F0
_MACCurrentChannel                        bssBANK1      00159
_MACInitParams                            bssBANK1      0014E
_MACRxPacket                              bssCOMRAM     0002F
_MAC_PANID                                bssCOMRAM     00055
_MRF24J40Status                           bssCOMRAM     00043
_MTP                                      bssCOMRAM     0003A
_MiApp_BroadcastPacket                    text28        047E4
_MiApp_ConnectionMode                     text11        04E6A
_MiApp_DiscardMessage                     text61        05018
_MiApp_EstablishConnection                text7         0302C
_MiApp_MessageAvailable                   text37        04FDC
_MiApp_ProtocolInit                       text4         03B5C
_MiApp_SearchConnection                   text9         03860
_MiApp_SetChannel                         text10        04E8E
_MiApp_StartConnection                    text3         04858
_MiApp_UnicastAddress                     text21        02888
_MiMAC_DiscardPacket                      text62        04ED2
_MiMAC_Init                               text5         04C30
_MiMAC_ReceivedPacket                     text53        01DBA
_MiMAC_SendPacket                         text43        02C62
_MiMAC_SetAltAddress                      text44        048CA
_MiMAC_SetChannel                         text49        04BE4
_MiWiAckRequired                          bssCOMRAM     00046
_MiWiCapacityInfo                         bssCOMRAM     0004B
_MiWiSeqNum                               bssCOMRAM     00047
_MiWiStateMachine                         bssCOMRAM     00041
_MiWiTasks                                text38        00212
_MiWi_TickGet                             text56        04A92
_OSCCON                                   (abs)         00FD3
_OSCTUNEbits                              (abs)         00F9B
_OpenSocket                               text8         0360E
_PHYGetLongRAMAddr                        text47        0492E
_PHYGetShortRAMAddr                       text46        04D60
_PHYSetLongRAMAddr                        text51        04988
_PHYSetShortRAMAddr                       text50        04D92
_PIE1bits                                 (abs)         00F9D
_PIE3bits                                 (abs)         00FA3
_PIR1bits                                 (abs)         00F9E
_PIR3bits                                 (abs)         00FA4
_PORTBbits                                (abs)         00F81
_PPSCONbits                               (abs)         00EFF
_RCREG2                                   (abs)         00FAA
_RCSTA2                                   (abs)         00F9C
_RCSTA2bits                               (abs)         00F9C
_RPINR1                                   (abs)         00EE7
_RPINR16                                  (abs)         00EF6
_RPOR17                                   (abs)         00ED7
_RX                                       text34        04F0C
_RouteMessage                             text40        0243E
_RouterFailures                           bssBANK1      0012A
_RoutingTable                             bssBANK1      00132
_RxBuffer                                 bssBANK2      00200
_SPBRG2                                   (abs)         00FAB
_SPBRGH2                                  (abs)         00F7D
_SPIGet                                   text48        04FFA
_SPIPut                                   text52        04F28
_SSP1BUF                                  (abs)         00FC9
_SSP1CON1                                 (abs)         00FC6
_SSP1CON1bits                             (abs)         00FC6
_SSP1STAT                                 (abs)         00FC7
_SSP2ADD                                  (abs)         00F74
_SSP2BUF                                  (abs)         00F75
_SSP2CON1                                 (abs)         00F72
_SSP2CON1bits                             (abs)         00F72
_SSP2CON2                                 (abs)         00F71
_SSP2CON2bits                             (abs)         00F71
_SSP2STAT                                 (abs)         00F73
_SYSTEM_Initialize                        text29        0445C
_ScanTime                                 mediumconst   0FE09
_SearchForLongAddress                     text60        03F9E
_SearchForShortAddress                    text59        045F2
_SendBeacon                               text41        03E28
_SendMACPacket                            text42        040FE
_T1CON                                    (abs)         00FCD
_T1CONbits                                (abs)         00FCD
_TMR0L                                    (abs)         00FD6
_TMR1H                                    (abs)         00FCF
_TMR1L                                    (abs)         00FCE
_TRISA                                    (abs)         00F92
_TRISAbits                                (abs)         00F92
_TRISB                                    (abs)         00F93
_TRISBbits                                (abs)         00F93
_TRISC                                    (abs)         00F94
_TRISCbits                                (abs)         00F94
_TRISD                                    (abs)         00F95
_TRISDbits                                (abs)         00F95
_TRISE                                    (abs)         00F96
_TX                                       text18        043D2
_TXREG2                                   (abs)         00FA9
_TXSTA2                                   (abs)         00FA8
_TXSTA2bits                               (abs)         00FA8
_TextLen                                  bssCOMRAM     00051
_TextPtr                                  bssCOMRAM     0004F
_TxBuffer                                 bssBANK1      0015F
_TxData                                   bssBANK0      000FC
_UnicastShortAddress                      text39        044E4
_UserInterruptHandler                     text69        04F90
_WDTCONbits                               (abs)         00FC0
__CFG_CP0$OFF                             (abs)         00000
__CFG_CPUDIV$OSC3_PLL3                    (abs)         00000
__CFG_DSBOREN$ON                          (abs)         00000
__CFG_DSWDTEN$ON                          (abs)         00000
__CFG_DSWDTOSC$INTOSCREF                  (abs)         00000
__CFG_DSWDTPS$G2                          (abs)         00000
__CFG_FCMEN$ON                            (abs)         00000
__CFG_IESO$ON                             (abs)         00000
__CFG_IOL1WAY$ON                          (abs)         00000
__CFG_LPT1OSC$OFF                         (abs)         00000
__CFG_MSSP7B_EN$MSK7                      (abs)         00000
__CFG_OSC$HSPLL                           (abs)         00000
__CFG_PLLDIV$2                            (abs)         00000
__CFG_RTCOSC$T1OSCREF                     (abs)         00000
__CFG_STVREN$ON                           (abs)         00000
__CFG_T1DIG$ON                            (abs)         00000
__CFG_WDTEN$OFF                           (abs)         00000
__CFG_WDTPS$32768                         (abs)         00000
__CFG_WPCFG$OFF                           (abs)         00000
__CFG_WPDIS$OFF                           (abs)         00000
__CFG_WPEND$PAGE_WPFP                     (abs)         00000
__CFG_WPFP$PAGE_63                        (abs)         00000
__CFG_XINST$OFF                           (abs)         00000
__HRAM                                    (abs)         00000
__Habs1                                   abs1          00000
__Hbank0                                  bank0         00000
__Hbank1                                  bank1         00000
__Hbank10                                 bank10        00000
__Hbank11                                 bank11        00000
__Hbank12                                 bank12        00000
__Hbank13                                 bank13        00000
__Hbank14                                 bank14        00000
__Hbank2                                  bank2         00000
__Hbank3                                  bank3         00000
__Hbank4                                  bank4         00000
__Hbank5                                  bank5         00000
__Hbank6                                  bank6         00000
__Hbank7                                  bank7         00000
__Hbank8                                  bank8         00000
__Hbank9                                  bank9         00000
__Hbigbss                                 bigbss        00000
__Hbigdata                                bigdata       00000
__Hbigram                                 bigram        00000
__Hbss                                    bss           00000
__HbssBANK0                               bssBANK0      00000
__HbssBANK1                               bssBANK1      00000
__HbssBANK2                               bssBANK2      00000
__HbssBANK3                               bssBANK3      00000
__HbssCOMRAM                              bssCOMRAM     00000
__Hcinit                                  cinit         00000
__Hclrtext                                clrtext       00000
__Hcomram                                 comram        00000
__Hconfig                                 config        10000
__Hconst                                  const         00000
__HcstackBANK0                            cstackBANK0   00000
__HcstackBANK1                            cstackBANK1   00000
__HcstackCOMRAM                           cstackCOMRAM  00000
__Hdata                                   data          00000
__HdataBANK0                              dataBANK0     00000
__HdataBANK1                              dataBANK1     00000
__HdataCOMRAM                             dataCOMRAM    00000
__Hfarbss                                 farbss        00000
__Hfardata                                fardata       00000
__Hibigdata                               ibigdata      00000
__Hidata                                  idata         00000
__HidataBANK0                             idataBANK0    00000
__HidataBANK1                             idataBANK1    00000
__HidataCOMRAM                            idataCOMRAM   00000
__Hidloc                                  idloc         00000
__Hifardata                               ifardata      00000
__Hinit                                   init          00212
__Hintcode                                intcode       0020E
__Hintcode_body                           intcode_body  00000
__Hintcodelo                              intcodelo     0020E
__Hintentry                               intentry      00000
__Hintret                                 intret        00000
__Hintsave_regs                           intsave_regs  00000
__Hirdata                                 irdata        00000
__Hjflash_buffer                          jflash_buffer 0F800
__Hmediumconst                            mediumconst   0FFF8
__HnvFARRAM                               nvFARRAM      00000
__Hnvbit                                  nvbit         00000
__Hnvrram                                 nvrram        00000
__Hparam                                  rparam        00000
__Hpowerup                                powerup       0020E
__Hram                                    ram           00000
__Hramtop                                 ramtop        00F00
__Hrbit                                   rbit          00000
__Hrbss                                   rbss          00000
__Hrdata                                  rdata         00000
__Hreset_vec                              reset_vec     00006
__Hrparam                                 rparam        00000
__Hsfr                                    sfr           00000
__Hsmallconst                             smallconst    00000
__Hspace_0                                (abs)         10000
__Hspace_1                                (abs)         003AD
__Hspace_2                                (abs)         00000
__Hstack                                  stack         00000
__Hstruct                                 struct        00000
__Htemp                                   temp          0005E
__Htext                                   text          00000
__Htext0                                  text0         00000
__Htext1                                  text1         00000
__Htext10                                 text10        00000
__Htext11                                 text11        00000
__Htext12                                 text12        00000
__Htext13                                 text13        00000
__Htext14                                 text14        00000
__Htext15                                 text15        00000
__Htext16                                 text16        00000
__Htext17                                 text17        00000
__Htext18                                 text18        00000
__Htext19                                 text19        00000
__Htext2                                  text2         00000
__Htext20                                 text20        00000
__Htext21                                 text21        00000
__Htext22                                 text22        00000
__Htext23                                 text23        00000
__Htext24                                 text24        00000
__Htext25                                 text25        00000
__Htext26                                 text26        00000
__Htext27                                 text27        00000
__Htext28                                 text28        00000
__Htext29                                 text29        00000
__Htext3                                  text3         00000
__Htext30                                 text30        00000
__Htext31                                 text31        00000
__Htext32                                 text32        00000
__Htext33                                 text33        00000
__Htext34                                 text34        00000
__Htext35                                 text35        00000
__Htext36                                 text36        00000
__Htext37                                 text37        00000
__Htext38                                 text38        00000
__Htext39                                 text39        00000
__Htext4                                  text4         00000
__Htext40                                 text40        00000
__Htext41                                 text41        00000
__Htext42                                 text42        00000
__Htext43                                 text43        00000
__Htext44                                 text44        00000
__Htext45                                 text45        00000
__Htext46                                 text46        00000
__Htext47                                 text47        00000
__Htext48                                 text48        00000
__Htext49                                 text49        00000
__Htext5                                  text5         00000
__Htext50                                 text50        00000
__Htext51                                 text51        00000
__Htext52                                 text52        00000
__Htext53                                 text53        00000
__Htext54                                 text54        00000
__Htext55                                 text55        00000
__Htext56                                 text56        00000
__Htext57                                 text57        00000
__Htext58                                 text58        00000
__Htext59                                 text59        00000
__Htext6                                  text6         00000
__Htext60                                 text60        00000
__Htext61                                 text61        00000
__Htext62                                 text62        00000
__Htext64                                 text64        00000
__Htext65                                 text65        00000
__Htext66                                 text66        00000
__Htext67                                 text67        00000
__Htext68                                 text68        00000
__Htext69                                 text69        00000
__Htext7                                  text7         00000
__Htext70                                 text70        00000
__Htext71                                 text71        00000
__Htext72                                 text72        00000
__Htext8                                  text8         00000
__Htext9                                  text9         00000
__LRAM                                    (abs)         00001
__Labs1                                   abs1          00000
__Lbank0                                  bank0         00000
__Lbank1                                  bank1         00000
__Lbank10                                 bank10        00000
__Lbank11                                 bank11        00000
__Lbank12                                 bank12        00000
__Lbank13                                 bank13        00000
__Lbank14                                 bank14        00000
__Lbank2                                  bank2         00000
__Lbank3                                  bank3         00000
__Lbank4                                  bank4         00000
__Lbank5                                  bank5         00000
__Lbank6                                  bank6         00000
__Lbank7                                  bank7         00000
__Lbank8                                  bank8         00000
__Lbank9                                  bank9         00000
__Lbigbss                                 bigbss        00000
__Lbigdata                                bigdata       00000
__Lbigram                                 bigram        00000
__Lbss                                    bss           00000
__LbssBANK0                               bssBANK0      00000
__LbssBANK1                               bssBANK1      00000
__LbssBANK2                               bssBANK2      00000
__LbssBANK3                               bssBANK3      00000
__LbssCOMRAM                              bssCOMRAM     00000
__Lcinit                                  cinit         00000
__Lclrtext                                clrtext       00000
__Lcomram                                 comram        00000
__Lconfig                                 config        0FFF8
__Lconst                                  const         00000
__LcstackBANK0                            cstackBANK0   00000
__LcstackBANK1                            cstackBANK1   00000
__LcstackCOMRAM                           cstackCOMRAM  00000
__Ldata                                   data          00000
__LdataBANK0                              dataBANK0     00000
__LdataBANK1                              dataBANK1     00000
__LdataCOMRAM                             dataCOMRAM    00000
__Lfarbss                                 farbss        00000
__Lfardata                                fardata       00000
__Libigdata                               ibigdata      00000
__Lidata                                  idata         00000
__LidataBANK0                             idataBANK0    00000
__LidataBANK1                             idataBANK1    00000
__LidataCOMRAM                            idataCOMRAM   00000
__Lidloc                                  idloc         00000
__Lifardata                               ifardata      00000
__Linit                                   init          0020E
__Lintcode                                intcode       00008
__Lintcode_body                           intcode_body  00000
__Lintcodelo                              intcodelo     0020E
__Lintentry                               intentry      00000
__Lintret                                 intret        00000
__Lintsave_regs                           intsave_regs  00000
__Lirdata                                 irdata        00000
__Ljflash_buffer                          jflash_buffer 0F800
__Lmediumconst                            mediumconst   0FE08
__LnvFARRAM                               nvFARRAM      00000
__Lnvbit                                  nvbit         00000
__Lnvrram                                 nvrram        00000
__Lparam                                  rparam        00000
__Lpowerup                                powerup       0020E
__Lram                                    ram           00000
__Lramtop                                 ramtop        00F00
__Lrbit                                   rbit          00000
__Lrbss                                   rbss          00000
__Lrdata                                  rdata         00000
__Lreset_vec                              reset_vec     00000
__Lrparam                                 rparam        00000
__Lsfr                                    sfr           00000
__Lsmallconst                             smallconst    00000
__Lspace_0                                (abs)         00000
__Lspace_1                                (abs)         00000
__Lspace_2                                (abs)         00000
__Lstack                                  stack         00000
__Lstruct                                 struct        00000
__Ltemp                                   temp          0005D
__Ltext                                   text          00000
__Ltext0                                  text0         00000
__Ltext1                                  text1         00000
__Ltext10                                 text10        00000
__Ltext11                                 text11        00000
__Ltext12                                 text12        00000
__Ltext13                                 text13        00000
__Ltext14                                 text14        00000
__Ltext15                                 text15        00000
__Ltext16                                 text16        00000
__Ltext17                                 text17        00000
__Ltext18                                 text18        00000
__Ltext19                                 text19        00000
__Ltext2                                  text2         00000
__Ltext20                                 text20        00000
__Ltext21                                 text21        00000
__Ltext22                                 text22        00000
__Ltext23                                 text23        00000
__Ltext24                                 text24        00000
__Ltext25                                 text25        00000
__Ltext26                                 text26        00000
__Ltext27                                 text27        00000
__Ltext28                                 text28        00000
__Ltext29                                 text29        00000
__Ltext3                                  text3         00000
__Ltext30                                 text30        00000
__Ltext31                                 text31        00000
__Ltext32                                 text32        00000
__Ltext33                                 text33        00000
__Ltext34                                 text34        00000
__Ltext35                                 text35        00000
__Ltext36                                 text36        00000
__Ltext37                                 text37        00000
__Ltext38                                 text38        00000
__Ltext39                                 text39        00000
__Ltext4                                  text4         00000
__Ltext40                                 text40        00000
__Ltext41                                 text41        00000
__Ltext42                                 text42        00000
__Ltext43                                 text43        00000
__Ltext44                                 text44        00000
__Ltext45                                 text45        00000
__Ltext46                                 text46        00000
__Ltext47                                 text47        00000
__Ltext48                                 text48        00000
__Ltext49                                 text49        00000
__Ltext5                                  text5         00000
__Ltext50                                 text50        00000
__Ltext51                                 text51        00000
__Ltext52                                 text52        00000
__Ltext53                                 text53        00000
__Ltext54                                 text54        00000
__Ltext55                                 text55        00000
__Ltext56                                 text56        00000
__Ltext57                                 text57        00000
__Ltext58                                 text58        00000
__Ltext59                                 text59        00000
__Ltext6                                  text6         00000
__Ltext60                                 text60        00000
__Ltext61                                 text61        00000
__Ltext62                                 text62        00000
__Ltext64                                 text64        00000
__Ltext65                                 text65        00000
__Ltext66                                 text66        00000
__Ltext67                                 text67        00000
__Ltext68                                 text68        00000
__Ltext69                                 text69        00000
__Ltext7                                  text7         00000
__Ltext70                                 text70        00000
__Ltext71                                 text71        00000
__Ltext72                                 text72        00000
__Ltext8                                  text8         00000
__Ltext9                                  text9         00000
__S0                                      (abs)         10000
__S1                                      (abs)         003AD
__S2                                      (abs)         00000
___inthi_sp                               stack         00000
___intlo_sp                               stack         00000
___lbmod                                  text55        04DC2
___lbmod@counter                          cstackBANK0   00062
___lbmod@dividend                         cstackBANK0   00061
___lbmod@divisor                          cstackBANK0   00060
___lbmod@rem                              cstackBANK0   00063
___lmul                                   text33        04A3A
___lmul@multiplicand                      cstackBANK0   00064
___lmul@multiplier                        cstackBANK0   00060
___lmul@product                           cstackBANK0   00068
___lwdiv                                  text27        04B3E
___lwdiv@counter                          cstackBANK0   00064
___lwdiv@dividend                         cstackBANK0   00060
___lwdiv@divisor                          cstackBANK0   00062
___lwdiv@quotient                         cstackBANK0   00065
___lwmod                                  text26        04C74
___lwmod@counter                          cstackBANK0   0006B
___lwmod@dividend                         cstackBANK0   00067
___lwmod@divisor                          cstackBANK0   00069
___param_bank                             (abs)         00000
___rparam_used                            (abs)         00001
___sp                                     stack         00000
___wmul                                   text25        04E1A
___wmul@multiplicand                      cstackBANK0   00062
___wmul@multiplier                        cstackBANK0   00060
___wmul@product                           cstackBANK0   00064
__accesstop                               (abs)         00060
__activetblptr                            (abs)         00002
__end_of_AddNodeToNetworkTable            text57        03D54
__end_of_BroadcastJitter                  text54        04228
__end_of_DELAY_ms                         text32        042BA
__end_of_I2CTask                          text70        040FE
__end_of_I2CWrite                         text31        04F0C
__end_of_InitMRF24J40                     text45        0360E
__end_of_InitSymbolTimer                  text6         04FBC
__end_of_LCD_Initialize                   text30        0476C
__end_of_MiApp_BroadcastPacket            text28        04858
__end_of_MiApp_ConnectionMode             text11        04E8E
__end_of_MiApp_DiscardMessage             text61        05020
__end_of_MiApp_EstablishConnection        text7         033B4
__end_of_MiApp_MessageAvailable           text37        04FEC
__end_of_MiApp_ProtocolInit               text4         03C76
__end_of_MiApp_SearchConnection           text9         03A18
__end_of_MiApp_SetChannel                 text10        04EB0
__end_of_MiApp_StartConnection            text3         048CA
__end_of_MiApp_UnicastAddress             text21        02C62
__end_of_MiMAC_DiscardPacket              text62        04EF0
__end_of_MiMAC_Init                       text5         04C74
__end_of_MiMAC_ReceivedPacket             text53        0243E
__end_of_MiMAC_SendPacket                 text43        0302C
__end_of_MiMAC_SetAltAddress              text44        0492E
__end_of_MiMAC_SetChannel                 text49        04C30
__end_of_MiWiTasks                        text38        014FE
__end_of_MiWi_TickGet                     text56        04AE8
__end_of_OpenSocket                       text8         03860
__end_of_PHYGetLongRAMAddr                text47        04988
__end_of_PHYGetShortRAMAddr               text46        04D92
__end_of_PHYSetLongRAMAddr                text51        049E2
__end_of_PHYSetShortRAMAddr               text50        04DC2
__end_of_RX                               text34        04F28
__end_of_RouteMessage                     text40        02888
__end_of_SPIGet                           text48        05004
__end_of_SPIPut                           text52        04F44
__end_of_SYSTEM_Initialize                text29        044E4
__end_of_ScanTime                         mediumconst   0FE45
__end_of_SearchForLongAddress             text60        0404E
__end_of_SearchForShortAddress            text59        04674
__end_of_SendBeacon                       text41        03EE6
__end_of_SendMACPacket                    text42        04194
__end_of_TX                               text18        0445C
__end_of_UnicastShortAddress              text39        0456C
__end_of_UserInterruptHandler             text69        04FA8
__end_of___lbmod                          text55        04DF0
__end_of___lmul                           text33        04A92
__end_of___lwdiv                          text27        04B92
__end_of___lwmod                          text26        04CB8
__end_of___wmul                           text25        04E42
__end_of__initialization                  cinit         045E4
__end_of__uartPrint                       text35        047E4
__end_of_dpowers                          mediumconst   0FE5B
__end_of_findNextNetworkEntry             text58        04CF4
__end_of_getPseudo                        text15        04346
__end_of_hexpowers                        mediumconst   0FE63
__end_of_high_isr                         intcode       0020E
__end_of_initChat                         text12        04A3A
__end_of_initNwk                          text2         03B5C
__end_of_isdigit                          text24        04ED2
__end_of_main                             text0         04F5E
__end_of_octpowers                        mediumconst   0FE51
__end_of_sendBroadcast                    text22        03F9E
__end_of_sendUnicast                      text19        03E28
__end_of_sprintf                          text23        01DBA
__end_of_uartHexaPrint                    text20        046F0
__end_of_uartInitialize                   text1         04F90
__end_of_uartRead                         text16        04D60
__end_of_uartWrite                        text36        04FFA
__end_of_vT100CleanScreen                 text14        04FCC
__end_of_vT100EraseEndOfLine              text17        04FDC
__end_of_vT100PlaceCursor                 text13        04D2A
__end_ofi2_DELAY_ms                       text71        043D2
__end_ofi2_PHYGetLongRAMAddr              text66        04BE4
__end_ofi2_PHYGetShortRAMAddr             text65        04E1A
__end_ofi2_PHYSetShortRAMAddr             text64        04E6A
__end_ofi2_SPIGet                         text67        0500E
__end_ofi2_SPIPut                         text68        04F78
__end_ofi2___lmul                         text72        04B3E
__initialization                          cinit         0456C
__mediumconst                             mediumconst   0FE08
__pbssBANK0                               bssBANK0      000FC
__pbssBANK1                               bssBANK1      00100
__pbssBANK2                               bssBANK2      00200
__pbssBANK3                               bssBANK3      00300
__pbssCOMRAM                              bssCOMRAM     0002F
__pcinit                                  cinit         0456C
__pcstackBANK0                            cstackBANK0   00060
__pcstackBANK1                            cstackBANK1   001B9
__pcstackCOMRAM                           cstackCOMRAM  00001
__pdataBANK0                              dataBANK0     000FD
__pdataBANK1                              dataBANK1     001EF
__pdataCOMRAM                             dataCOMRAM    0005C
__pidataBANK0                             idataBANK0    05021
__pidataBANK1                             idataBANK1    0500E
__pidataCOMRAM                            idataCOMRAM   05020
__pintcode                                intcode       00008
__pmediumconst                            mediumconst   0FE08
__ptext0                                  text0         04F44
__ptext1                                  text1         04F78
__ptext10                                 text10        04E8E
__ptext11                                 text11        04E6A
__ptext12                                 text12        049E2
__ptext13                                 text13        04CF4
__ptext14                                 text14        04FBC
__ptext15                                 text15        042BA
__ptext16                                 text16        04D2A
__ptext17                                 text17        04FCC
__ptext18                                 text18        043D2
__ptext19                                 text19        03D54
__ptext2                                  text2         03A18
__ptext20                                 text20        04674
__ptext21                                 text21        02888
__ptext22                                 text22        03EE6
__ptext23                                 text23        014FE
__ptext24                                 text24        04EB0
__ptext25                                 text25        04E1A
__ptext26                                 text26        04C74
__ptext27                                 text27        04B3E
__ptext28                                 text28        047E4
__ptext29                                 text29        0445C
__ptext3                                  text3         04858
__ptext30                                 text30        046F0
__ptext31                                 text31        04EF0
__ptext32                                 text32        04228
__ptext33                                 text33        04A3A
__ptext34                                 text34        04F0C
__ptext35                                 text35        0476C
__ptext36                                 text36        04FEC
__ptext37                                 text37        04FDC
__ptext38                                 text38        00212
__ptext39                                 text39        044E4
__ptext4                                  text4         03B5C
__ptext40                                 text40        0243E
__ptext41                                 text41        03E28
__ptext42                                 text42        040FE
__ptext43                                 text43        02C62
__ptext44                                 text44        048CA
__ptext45                                 text45        033B4
__ptext46                                 text46        04D60
__ptext47                                 text47        0492E
__ptext48                                 text48        04FFA
__ptext49                                 text49        04BE4
__ptext5                                  text5         04C30
__ptext50                                 text50        04D92
__ptext51                                 text51        04988
__ptext52                                 text52        04F28
__ptext53                                 text53        01DBA
__ptext54                                 text54        04194
__ptext55                                 text55        04DC2
__ptext56                                 text56        04A92
__ptext57                                 text57        03C76
__ptext58                                 text58        04CB8
__ptext59                                 text59        045F2
__ptext6                                  text6         04FA8
__ptext60                                 text60        03F9E
__ptext61                                 text61        05018
__ptext62                                 text62        04ED2
__ptext64                                 text64        04E42
__ptext65                                 text65        04DF0
__ptext66                                 text66        04B92
__ptext67                                 text67        05004
__ptext68                                 text68        04F5E
__ptext69                                 text69        04F90
__ptext7                                  text7         0302C
__ptext70                                 text70        0404E
__ptext71                                 text71        04346
__ptext72                                 text72        04AE8
__ptext8                                  text8         0360E
__ptext9                                  text9         03860
__ramtop                                  ramtop        00F00
__size_of_AddNodeToNetworkTable           (abs)         00000
__size_of_BroadcastJitter                 (abs)         00000
__size_of_DELAY_ms                        (abs)         00000
__size_of_I2CTask                         (abs)         00000
__size_of_I2CWrite                        (abs)         00000
__size_of_InitMRF24J40                    (abs)         00000
__size_of_InitSymbolTimer                 (abs)         00000
__size_of_LCD_Initialize                  (abs)         00000
__size_of_MiApp_BroadcastPacket           (abs)         00000
__size_of_MiApp_ConnectionMode            (abs)         00000
__size_of_MiApp_DiscardMessage            (abs)         00000
__size_of_MiApp_EstablishConnection       (abs)         00000
__size_of_MiApp_MessageAvailable          (abs)         00000
__size_of_MiApp_ProtocolInit              (abs)         00000
__size_of_MiApp_SearchConnection          (abs)         00000
__size_of_MiApp_SetChannel                (abs)         00000
__size_of_MiApp_StartConnection           (abs)         00000
__size_of_MiApp_UnicastAddress            (abs)         00000
__size_of_MiMAC_DiscardPacket             (abs)         00000
__size_of_MiMAC_Init                      (abs)         00000
__size_of_MiMAC_ReceivedPacket            (abs)         00000
__size_of_MiMAC_SendPacket                (abs)         00000
__size_of_MiMAC_SetAltAddress             (abs)         00000
__size_of_MiMAC_SetChannel                (abs)         00000
__size_of_MiWiTasks                       (abs)         00000
__size_of_MiWi_TickGet                    (abs)         00000
__size_of_OpenSocket                      (abs)         00000
__size_of_PHYGetLongRAMAddr               (abs)         00000
__size_of_PHYGetShortRAMAddr              (abs)         00000
__size_of_PHYSetLongRAMAddr               (abs)         00000
__size_of_PHYSetShortRAMAddr              (abs)         00000
__size_of_RX                              (abs)         00000
__size_of_RouteMessage                    (abs)         00000
__size_of_SPIGet                          (abs)         00000
__size_of_SPIPut                          (abs)         00000
__size_of_SYSTEM_Initialize               (abs)         00000
__size_of_SearchForLongAddress            (abs)         00000
__size_of_SearchForShortAddress           (abs)         00000
__size_of_SendBeacon                      (abs)         00000
__size_of_SendMACPacket                   (abs)         00000
__size_of_TX                              (abs)         00000
__size_of_UnicastShortAddress             (abs)         00000
__size_of_UserInterruptHandler            (abs)         00000
__size_of___lbmod                         (abs)         00000
__size_of___lmul                          (abs)         00000
__size_of___lwdiv                         (abs)         00000
__size_of___lwmod                         (abs)         00000
__size_of___wmul                          (abs)         00000
__size_of__uartPrint                      (abs)         00000
__size_of_findNextNetworkEntry            (abs)         00000
__size_of_getPseudo                       (abs)         00000
__size_of_high_isr                        (abs)         00000
__size_of_initChat                        (abs)         00000
__size_of_initNwk                         (abs)         00000
__size_of_isdigit                         (abs)         00000
__size_of_main                            (abs)         00000
__size_of_sendBroadcast                   (abs)         00000
__size_of_sendUnicast                     (abs)         00000
__size_of_sprintf                         (abs)         00000
__size_of_uartHexaPrint                   (abs)         00000
__size_of_uartInitialize                  (abs)         00000
__size_of_uartRead                        (abs)         00000
__size_of_uartWrite                       (abs)         00000
__size_of_vT100CleanScreen                (abs)         00000
__size_of_vT100EraseEndOfLine             (abs)         00000
__size_of_vT100PlaceCursor                (abs)         00000
__size_ofi2_DELAY_ms                      (abs)         00000
__size_ofi2_PHYGetLongRAMAddr             (abs)         00000
__size_ofi2_PHYGetShortRAMAddr            (abs)         00000
__size_ofi2_PHYSetShortRAMAddr            (abs)         00000
__size_ofi2_SPIGet                        (abs)         00000
__size_ofi2_SPIPut                        (abs)         00000
__size_ofi2___lmul                        (abs)         00000
__smallconst                              smallconst    00000
__uartPrint                               text35        0476C
__uartPrint@i                             cstackBANK0   00065
__uartPrint@str                           cstackBANK0   00061
_countRB0                                 bssBANK1      00157
_countRB2                                 bssBANK1      00155
_currentChannel                           bssCOMRAM     0005B
_defaultHops                              dataCOMRAM    0005C
_dpowers                                  mediumconst   0FE51
_failureCounter                           bssBANK1      00151
_findNextNetworkEntry                     text58        04CB8
_getPseudo                                text15        042BA
_hexpowers                                mediumconst   0FE5B
_high_isr                                 intcode       00008
_initChat                                 text12        049E2
_initNwk                                  text2         03A18
_isdigit                                  text24        04EB0
_isdigit$3596                             cstackBANK0   00061
_knownCoordinators                        bssCOMRAM     00045
_main                                     text0         04F44
_myLongAddress                            dataBANK1     001F0
_myNetworkAddress                         bssCOMRAM     00053
_myPANID                                  bssCOMRAM     00057
_myParent                                 bssCOMRAM     00048
_myPseudo                                 bssBANK1      001AC
_myShortAddress                           bssBANK1      001B7
_octpowers                                mediumconst   0FE45
_openSocketInfo                           bssBANK1      00192
_prevState0                               bssBANK1      0015B
_prevState2                               bssBANK1      0015D
_role                                     bssCOMRAM     00044
_rxMessage                                bssBANK1      00120
_sendBroadcast                            text22        03EE6
_sendUnicast                              text19        03D54
_sprintf                                  text23        014FE
_sprintf$3375                             cstackBANK0   00079
_sprintf$3376                             cstackBANK0   0007B
_sprintf$3382                             cstackBANK0   0007D
_state0                                   bssBANK1      0015C
_state2                                   bssBANK1      0015E
_switch0PressTime                         bssBANK1      0014A
_switch1PressTime                         bssBANK1      00146
_tempLongAddress                          bssBANK1      0013A
_tempNodeStatus                           bssCOMRAM     00049
_tempPANID                                bssBANK1      001B5
_tempShortAddress                         bssCOMRAM     00059
_timerExtension1                          bssCOMRAM     0004E
_timerExtension2                          bssCOMRAM     0004D
_uartHexaPrint                            text20        04674
_uartInitialize                           text1         04F78
_uartRead                                 text16        04D2A
_uartWrite                                text36        04FEC
_vT100CleanScreen                         text14        04FBC
[...]
      Params:         1       0       0       0       0       0       0       0       0       0       0       0       0       0       0       0
      Locals:         2       0       0       0       0       0       0       0       0       0       0       0       0       0       0       0
      Temps:          0       0       0       0       0       0       0       0       0       0       0       0       0       0       0       0
      Totals:         3       0       0       0       0       0       0       0       0       0       0       0       0       0       0       0
Total ram usage:        3 bytes
 Hardware stack levels used:    1
 Hardware stack levels required when called:    1
 This function calls:
		i2_SPIPut
 This function is called by:
		_high_isr
 This function uses a non-reentrant model


 *************** function i2_PHYGetShortRAMAddr *****************
 Defined at:
		line 154 in file "../../MLA/framework/driver/mrf_miwi/src/drv_mrf_miwi_24j40.c"
 Parameters:    Size  Location     Type
  address         1    wreg     unsigned char 
 Auto vars:     Size  Location     Type
  address         1    2[COMRAM] unsigned char 
  PHYGetShortR    1    4[COMRAM] volatile unsigned char 
  PHYGetShortR    1    3[COMRAM] unsigned char 
 Return value:  Size  Location     Type
                  1    wreg      unsigned char 
 Registers used:
		wreg, status,2, cstack
 Tracked objects:
		On entry : 
		On exit  : 
		Unchanged: 
 Data sizes:     COMRAM   BANK0   BANK1   BANK2   BANK3   BANK4   BANK5   BANK6   BANK7   BANK8   BANK9  BANK10  BANK11  BANK12  BANK13  BANK14
      Params:         0       0       0       0       0       0       0       0       0       0       0       0       0       0       0       0
      Locals:         3       0       0       0       0       0       0       0       0       0       0       0       0       0       0       0
      Temps:          0       0       0       0       0       0       0       0       0       0       0       0       0       0       0       0
      Totals:         3       0       0       0       0       0       0       0       0       0       0       0       0       0       0       0
Total ram usage:        3 bytes
 Hardware stack levels used:    1
 Hardware stack levels required when called:    2
 This function calls:
		i2_SPIGet
		i2_SPIPut
 This function is called by:
		_high_isr
 This function uses a non-reentrant model


 *************** function i2_PHYGetLongRAMAddr *****************
 Defined at:
		line 185 in file "../../MLA/framework/driver/mrf_miwi/src/drv_mrf_miwi_24j40.c"
 Parameters:    Size  Location     Type
  address         2    2[COMRAM] unsigned int 
 Auto vars:     Size  Location     Type
  PHYGetLongRA    1    7[COMRAM] volatile unsigned char 
  PHYGetLongRA    1    6[COMRAM] unsigned char 
 Return value:  Size  Location     Type
                  1    wreg      unsigned char 
 Registers used:
		wreg, status,2, status,0, cstack
 Tracked objects:
		On entry : 
		On exit  : 
		Unchanged: 
 Data sizes:     COMRAM   BANK0   BANK1   BANK2   BANK3   BANK4   BANK5   BANK6   BANK7   BANK8   BANK9  BANK10  BANK11  BANK12  BANK13  BANK14
      Params:         2       0       0       0       0       0       0       0       0       0       0       0       0       0       0       0
      Locals:         2       0       0       0       0       0       0       0       0       0       0       0       0       0       0       0
      Temps:          2       0       0       0       0       0       0       0       0       0       0       0       0       0       0       0
      Totals:         6       0       0       0       0       0       0       0       0       0       0       0       0       0       0       0
Total ram usage:        6 bytes
 Hardware stack levels used:    1
 Hardware stack levels required when called:    2
 This function calls:
		i2_SPIGet
		i2_SPIPut
 This function is called by:
		_high_isr
 This function uses a non-reentrant model


 *************** function i2_SPIGet *****************
 Defined at:
		line 102 in file "../8bitswdk_pic18f46j50_24j40/firmware/src/system_config/8bitwdk_pic18f46j50_24j40/spi.c"
 Parameters:    Size  Location     Type
		None
 Auto vars:     Size  Location     Type
		None
 Return value:  Size  Location     Type
                  1    wreg      unsigned char 
 Registers used:
		wreg, status,2, cstack
 Tracked objects:
		On entry : 
		On exit  : 
		Unchanged: 
 Data sizes:     COMRAM   BANK0   BANK1   BANK2   BANK3   BANK4   BANK5   BANK6   BANK7   BANK8   BANK9  BANK10  BANK11  BANK12  BANK13  BANK14
      Params:         0       0       0       0       0       0       0       0       0       0       0       0       0       0       0       0
      Locals:         0       0       0       0       0       0       0       0       0       0       0       0       0       0       0       0
      Temps:          0       0       0       0       0       0       0       0       0       0       0       0       0       0       0       0
      Totals:         0       0       0       0       0       0       0       0       0       0       0       0       0       0       0       0
Total ram usage:        0 bytes
 Hardware stack levels used:    1
 Hardware stack levels required when called:    1
 This function calls:
		i2_SPIPut
 This function is called by:
		i2_PHYGetShortRAMAddr
		i2_PHYGetLongRAMAddr
 This function uses a non-reentrant model


 *************** function i2_SPIPut *****************
 Defined at:
		line 45 in file "../8bitswdk_pic18f46j50_24j40/firmware/src/system_config/8bitwdk_pic18f46j50_24j40/spi.c"
 Parameters:    Size  Location     Type
  v               1    wreg     unsigned char 
 Auto vars:     Size  Location     Type
  v               1    1[COMRAM] unsigned char 
  SPIPut          1    0[COMRAM] unsigned char 
 Return value:  Size  Location     Type
                  1    wreg      void 
 Registers used:
		wreg
 Tracked objects:
		On entry : 
		On exit  : 
		Unchanged: 
 Data sizes:     COMRAM   BANK0   BANK1   BANK2   BANK3   BANK4   BANK5   BANK6   BANK7   BANK8   BANK9  BANK10  BANK11  BANK12  BANK13  BANK14
      Params:         0       0       0       0       0       0       0       0       0       0       0       0       0       0       0       0
      Locals:         2       0       0       0       0       0       0       0       0       0       0       0       0       0       0       0
      Temps:          0       0       0       0       0       0       0       0       0       0       0       0       0       0       0       0
      Totals:         2       0       0       0       0       0       0       0       0       0       0       0       0       0       0       0
Total ram usage:        2 bytes
 Hardware stack levels used:    1
 This function calls:
		Nothing
 This function is called by:
		i2_SPIGet
		i2_PHYSetShortRAMAddr
		i2_PHYGetShortRAMAddr
		i2_PHYGetLongRAMAddr
 This function uses a non-reentrant model


 *************** function _UserInterruptHandler *****************
 Defined at:
		line 345 in file "../8bitswdk_pic18f46j50_24j40/firmware/src/system_config/8bitwdk_pic18f46j50_24j40/lcd.c"
 Parameters:    Size  Location     Type
		None
 Auto vars:     Size  Location     Type
		None
 Return value:  Size  Location     Type
                  1    wreg      void 
 Registers used:
		wreg, fsr2l, fsr2h, status,2, status,0, prodl, prodh, cstack
 Tracked objects:
		On entry : 
		On exit  : 
		Unchanged: 
 Data sizes:     COMRAM   BANK0   BANK1   BANK2   BANK3   BANK4   BANK5   BANK6   BANK7   BANK8   BANK9  BANK10  BANK11  BANK12  BANK13  BANK14
      Params:         0       0       0       0       0       0       0       0       0       0       0       0       0       0       0       0
      Locals:         0       0       0       0       0       0       0       0       0       0       0       0       0       0       0       0
      Temps:          0       0       0       0       0       0       0       0       0       0       0       0       0       0       0       0
      Totals:         0       0       0       0       0       0       0       0       0       0       0       0       0       0       0       0
Total ram usage:        0 bytes
 Hardware stack levels used:    1
 Hardware stack levels required when called:    3
 This function calls:
		_I2CTask
		i2_DELAY_ms
 This function is called by:
		_high_isr
 This function uses a non-reentrant model


 *************** function _I2CTask *****************
 Defined at:
		line 65 in file "../8bitswdk_pic18f46j50_24j40/firmware/src/system_config/8bitwdk_pic18f46j50_24j40/lcd.c"
 Parameters:    Size  Location     Type
		None
 Auto vars:     Size  Location     Type
		None
 Return value:  Size  Location     Type
                  1    wreg      void 
 Registers used:
		wreg, fsr2l, fsr2h, status,2, status,0, prodl, prodh, cstack
 Tracked objects:
		On entry : 
		On exit  : 
		Unchanged: 
 Data sizes:     COMRAM   BANK0   BANK1   BANK2   BANK3   BANK4   BANK5   BANK6   BANK7   BANK8   BANK9  BANK10  BANK11  BANK12  BANK13  BANK14
      Params:         0       0       0       0       0       0       0       0       0       0       0       0       0       0       0       0
      Locals:         0       0       0       0       0       0       0       0       0       0       0       0       0       0       0       0
      Temps:          0       0       0       0       0       0       0       0       0       0       0       0       0       0       0       0
      Totals:         0       0       0       0       0       0       0       0       0       0       0       0       0       0       0       0
Total ram usage:        0 bytes
 Hardware stack levels used:    1
 Hardware stack levels required when called:    2
 This function calls:
		i2_DELAY_ms
 This function is called by:
		_UserInterruptHandler
 This function uses a non-reentrant model


 *************** function i2_DELAY_ms *****************
 Defined at:
		line 108 in file "../8bitswdk_pic18f46j50_24j40/firmware/src/system_config/8bitwdk_pic18f46j50_24j40/delay.c"
 Parameters:    Size  Location     Type
  ms              2   12[COMRAM] unsigned int 
 Auto vars:     Size  Location     Type
  DELAY_ms        4   14[COMRAM] long 
 Return value:  Size  Location     Type
                  1    wreg      void 
 Registers used:
		wreg, status,2, status,0, cstack
 Tracked objects:
		On entry : 
		On exit  : 
		Unchanged: 
 Data sizes:     COMRAM   BANK0   BANK1   BANK2   BANK3   BANK4   BANK5   BANK6   BANK7   BANK8   BANK9  BANK10  BANK11  BANK12  BANK13  BANK14
      Params:         2       0       0       0       0       0       0       0       0       0       0       0       0       0       0       0
      Locals:         4       0       0       0       0       0       0       0       0       0       0       0       0       0       0       0
      Temps:          0       0       0       0       0       0       0       0       0       0       0       0       0       0       0       0
      Totals:         6       0       0       0       0       0       0       0       0       0       0       0       0       0       0       0
Total ram usage:        6 bytes
 Hardware stack levels used:    1
 Hardware stack levels required when called:    1
 This function calls:
		i2___lmul
 This function is called by:
		_I2CTask
		_UserInterruptHandler
 This function uses a non-reentrant model


 *************** function i2___lmul *****************
 Defined at:
		line 15 in file "C:\Program Files (x86)\Microchip\xc8\v1.45\sources\common\Umul32.c"
 Parameters:    Size  Location     Type
  multiplier      4    0[COMRAM] unsigned long 
  multiplicand    4    4[COMRAM] unsigned long 
 Auto vars:     Size  Location     Type
  __lmul          4    8[COMRAM] unsigned long 
 Return value:  Size  Location     Type
                  4    0[COMRAM] unsigned long 
 Registers used:
		wreg, status,2, status,0
 Tracked objects:
		On entry : 
		On exit  : 
		Unchanged: 
 Data sizes:     COMRAM   BANK0   BANK1   BANK2   BANK3   BANK4   BANK5   BANK6   BANK7   BANK8   BANK9  BANK10  BANK11  BANK12  BANK13  BANK14
      Params:         8       0       0       0       0       0       0       0       0       0       0       0       0       0       0       0
      Locals:         4       0       0       0       0       0       0       0       0       0       0       0       0       0       0       0
      Temps:          0       0       0       0       0       0       0       0       0       0       0       0       0       0       0       0
      Totals:        12       0       0       0       0       0       0       0       0       0       0       0       0       0       0       0
Total ram usage:       12 bytes
 Hardware stack levels used:    1
 This function calls:
		Nothing
 This function is called by:
		i2_DELAY_ms
 This function uses a non-reentrant model



MODULE INFORMATION

Module		Function		Class		Link	Load	Size
C:\Program Files (x86)\Microchip\xc8\v1.45\sources\common\doprnt.c
		_sprintf       		CODE           	14FE	0000	2237

C:\Program Files (x86)\Microchip\xc8\v1.45\sources\common\doprnt.c estimated size: 2237

../../MLA/framework/miwi/src/miwi_mesh.c
		_UnicastShortAddress		CODE           	44E4	0000	137
		_MiApp_EstablishConnection		CODE           	302C	0000	905
		_MiApp_ProtocolInit		CODE           	3B5C	0000	283
		_MiApp_UnicastAddress		CODE           	2888	0000	987
		_MiApp_StartConnection		CODE           	4858	0000	115
		_SendMACPacket 		CODE           	40FE	0000	151
		_SendBeacon    		CODE           	3E28	0000	191
		_SearchForLongAddress		CODE           	3F9E	0000	177
		_MiApp_BroadcastPacket		CODE           	47E4	0000	117
		_findNextNetworkEntry		CODE           	4CB8	0000	61
		_SearchForShortAddress		CODE           	45F2	0000	131
		_OpenSocket    		CODE           	360E	0000	595
		_RouteMessage  		CODE           	243E	0000	1099
		_MiApp_SetChannel		CODE           	4E8E	0000	35
		_MiWiTasks     		CODE           	0212	0000	4845
		_MiApp_DiscardMessage		CODE           	5018	0000	9
		_BroadcastJitter		CODE           	4194	0000	149
		_MiApp_MessageAvailable		CODE           	4FDC	0000	17
		_MiApp_SearchConnection		CODE           	3860	0000	441
		_AddNodeToNetworkTable		CODE           	3C76	0000	223
		_MiApp_ConnectionMode		CODE           	4E6A	0000	37

../../MLA/framework/miwi/src/miwi_mesh.c estimated size: 10705

../8bitswdk_pic18f46j50_24j40/firmware/src/system_config/8bitwdk_pic18f46j50_24j40/spi.c
		_SPIGet        		CODE           	4FFA	0000	11
		_SPIPut        		CODE           	4F28	0000	29

../8bitswdk_pic18f46j50_24j40/firmware/src/system_config/8bitwdk_pic18f46j50_24j40/spi.c estimated size: 40

../8bitswdk_pic18f46j50_24j40/firmware/src/system_config/8bitwdk_pic18f46j50_24j40/delay.c
		_DELAY_ms      		CODE           	4228	0000	147

../8bitswdk_pic18f46j50_24j40/firmware/src/system_config/8bitwdk_pic18f46j50_24j40/delay.c estimated size: 147

C:\Program Files (x86)\Microchip\xc8\v1.45\sources\common\Umul16.c
		___wmul        		CODE           	4E1A	0000	41

C:\Program Files (x86)\Microchip\xc8\v1.45\sources\common\Umul16.c estimated size: 41

../8bitswdk_pic18f46j50_24j40/firmware/src/system_config/8bitwdk_pic18f46j50_24j40/lcd.c
		_LCD_Initialize		CODE           	46F0	0000	125
		_UserInterruptHandler		CODE           	4F90	0000	25
		_I2CWrite      		CODE           	4EF0	0000	29
		_I2CTask       		CODE           	404E	0000	177

../8bitswdk_pic18f46j50_24j40/firmware/src/system_config/8bitwdk_pic18f46j50_24j40/lcd.c estimated size: 356

C:\Program Files (x86)\Microchip\xc8\v1.45\sources\common\isdigit.c
		_isdigit       		CODE           	4EB0	0000	35

C:\Program Files (x86)\Microchip\xc8\v1.45\sources\common\isdigit.c estimated size: 35

../8bitswdk_pic18f46j50_24j40/firmware/src/system_config/8bitwdk_pic18f46j50_24j40/system.c
		_SYSTEM_Initialize		CODE           	445C	0000	137

../8bitswdk_pic18f46j50_24j40/firmware/src/system_config/8bitwdk_pic18f46j50_24j40/system.c estimated size: 137

C:\Program Files (x86)\Microchip\xc8\v1.45\sources\common\lwmod.c
		___lwmod       		CODE           	4C74	0000	69

C:\Program Files (x86)\Microchip\xc8\v1.45\sources\common\lwmod.c estimated size: 69

C:\Program Files (x86)\Microchip\xc8\v1.45\sources\common\Umul32.c
		___lmul        		CODE           	4A3A	0000	89

C:\Program Files (x86)\Microchip\xc8\v1.45\sources\common\Umul32.c estimated size: 89

shared
		i2_DELAY_ms    		CODE           	4346	0000	141
		_dpowers       		MEDIUMCONST    	FE51	0000	11
		_ScanTime      		MEDIUMCONST    	FE09	0000	61
		i2_PHYGetShortRAMAddr		CODE           	4DF0	0000	43
		i2_PHYGetLongRAMAddr		CODE           	4B92	0000	83
		i2_PHYSetShortRAMAddr		CODE           	4E42	0000	41
		__initialization		CODE           	456C	0000	121
		i2___lmul      		CODE           	4AE8	0000	87
		_octpowers     		MEDIUMCONST    	FE45	0000	13
		i2_SPIGet      		CODE           	5004	0000	11
		_hexpowers     		MEDIUMCONST    	FE5B	0000	9
		i2_SPIPut      		CODE           	4F5E	0000	27

shared estimated size: 648

../8bitswdk_pic18f46j50_24j40/firmware/src/VT100.c
		_vT100CleanScreen		CODE           	4FBC	0000	17
		_uartHexaPrint 		CODE           	4674	0000	125
		_uartInitialize		CODE           	4F78	0000	25
		__uartPrint    		CODE           	476C	0000	121
		_vT100EraseEndOfLine		CODE           	4FCC	0000	17
		_vT100PlaceCursor		CODE           	4CF4	0000	55
		_uartWrite     		CODE           	4FEC	0000	15
		_uartRead      		CODE           	4D2A	0000	55

../8bitswdk_pic18f46j50_24j40/firmware/src/VT100.c estimated size: 430

C:\Program Files (x86)\Microchip\xc8\v1.45\sources\common\lwdiv.c
		___lwdiv       		CODE           	4B3E	0000	85

C:\Program Files (x86)\Microchip\xc8\v1.45\sources\common\lwdiv.c estimated size: 85

../8bitswdk_pic18f46j50_24j40/firmware/src/main.c
		_initNwk       		CODE           	3A18	0000	325
		_initChat      		CODE           	49E2	0000	89
		_getPseudo     		CODE           	42BA	0000	141
		_main          		CODE           	4F44	0000	27
		_sendUnicast   		CODE           	3D54	0000	213
		_RX            		CODE           	4F0C	0000	29
		_TX            		CODE           	43D2	0000	139
		_sendBroadcast 		CODE           	3EE6	0000	185

../8bitswdk_pic18f46j50_24j40/firmware/src/main.c estimated size: 1148

C:\Program Files (x86)\Microchip\xc8\v1.45\sources\common\lbmod.c
		___lbmod       		CODE           	4DC2	0000	47

C:\Program Files (x86)\Microchip\xc8\v1.45\sources\common\lbmod.c estimated size: 47

../../MLA/framework/driver/mrf_miwi/src/drv_mrf_miwi_24j40.c
		_PHYGetLongRAMAddr		CODE           	492E	0000	91
		_PHYSetLongRAMAddr		CODE           	4988	0000	91
		_PHYGetShortRAMAddr		CODE           	4D60	0000	51
		_PHYSetShortRAMAddr		CODE           	4D92	0000	49
		_InitMRF24J40  		CODE           	33B4	0000	603
		_MiMAC_ReceivedPacket		CODE           	1DBA	0000	1669
		_MiMAC_DiscardPacket		CODE           	4ED2	0000	31
		_high_isr      		CODE           	0008	0000	519
		_MiMAC_SetChannel		CODE           	4BE4	0000	77
		_MiMAC_Init    		CODE           	4C30	0000	69
		_MiMAC_SendPacket		CODE           	2C62	0000	971
		_MiMAC_SetAltAddress		CODE           	48CA	0000	101

../../MLA/framework/driver/mrf_miwi/src/drv_mrf_miwi_24j40.c estimated size: 4322

../8bitswdk_pic18f46j50_24j40/firmware/src/system_config/8bitwdk_pic18f46j50_24j40/symbol.c
		_InitSymbolTimer		CODE           	4FA8	0000	21
		_MiWi_TickGet  		CODE           	4A92	0000	87

../8bitswdk_pic18f46j50_24j40/firmware/src/system_config/8bitwdk_pic18f46j50_24j40/symbol.c estimated size: 108

