Microchip MPLAB XC8 Compiler V1.45 ()

Linker command line:

--edf=C:\Program Files (x86)\Microchip\xc8\v1.45\dat\en_msgs.txt -cs \
  -h+dist/pic18f46j50mrf24j40/debug\SY34_Gertaldi.X.debug.sym \
  --cmf=dist/pic18f46j50mrf24j40/debug\SY34_Gertaldi.X.debug.cmf -z \
  -Q18F46J50 -oC:\Users\tpeea\AppData\Local\Temp\s7s4.2 \
  -Mdist/pic18f46j50mrf24j40/debug/SY34_Gertaldi.X.debug.map -E1 -ver=XC8 \
  --acfsm=1493 -ASTACK=048Ch-0ebfh -pstack=STACK -ACODE=00h-0FFF7h \
  -ACONST=00h-0FFF7h -ASMALLCONST=0F00h-0FFFhx240,0FF00h-0FFF7h \
  -AMEDIUMCONST=0F00h-0FFF7h -ACOMRAM=01h-05Fh -AABS1=00h-0EBFh \
  -ABIGRAM=01h-0EBFh -ARAM=060h-0FFh,0100h-01FFhx13,0E00h-0EBFh \
  -ABANK0=060h-0FFh -ABANK1=0100h-01FFh -ABANK2=0200h-02FFh \
  -ABANK3=0300h-03FFh -ABANK4=0400h-04FFh -ABANK5=0500h-05FFh \
  -ABANK6=0600h-06FFh -ABANK7=0700h-07FFh -ABANK8=0800h-08FFh \
  -ABANK9=0900h-09FFh -ABANK10=0A00h-0AFFh -ABANK11=0B00h-0BFFh \
  -ABANK12=0C00h-0CFFh -ABANK13=0D00h-0DFFh -ABANK14=0E00h-0EBFh \
  -ASFR=0EC0h-0EFFh,0F00h-0F5Fh,0F60h-0FFCh \
  -preset_vec=00h,intcode=08h,intcodelo,powerup,init -pramtop=0F00h \
  -psmallconst=SMALLCONST -pmediumconst=MEDIUMCONST -pconst=CONST \
  -AFARRAM=00h-00h -ACONFIG=0FFF8h-0FFFFh -pconfig=CONFIG \
  -pjflash_buffer=0F800h \
  -prdata=COMRAM,nvrram=COMRAM,nvbit=COMRAM,rbss=COMRAM,rbit=COMRAM \
  -pfarbss=FARRAM,fardata=FARRAM,nvFARRAM=FARRAM \
  -pintsave_regs=BIGRAM,bigbss=BIGRAM,bigdata=BIGRAM -pbss=RAM \
  -pidata=CODE,irdata=CODE,ibigdata=CODE,ifardata=CODE -prparam=COMRAM \
  C:\Users\tpeea\AppData\Local\Temp\s7s4.obj \
  dist/pic18f46j50mrf24j40/debug\SY34_Gertaldi.X.debug.obj 

Object code version is 3.11

Machine type is 18F46J50

Call graph: (short form)




                Name                               Link     Load   Length Selector   Space Scale
C:\Users\tpeea\AppData\Local\Temp\s7s4.obj
                init                                308      308        4        4       0
                reset_vec                             0        0        6        0       0
                config                             FFF8     FFF8        8     FFF8       0
dist/pic18f46j50mrf24j40/debug\SY34_Gertaldi.X.debug.obj
                intcode                               8        8      300        4       0
                temp                                 5D       5D        1        1       1
                mediumconst                        FE04     FE04      1F4     7F02       0
                text72                             66CC     66CC       72        4       0
                text71                             5EFE     5EFE       BA        4       0
                text70                             557C     557C      12C        4       0
                text69                             6D6E     6D6E       26        4       0
                text68                             6BA6     6BA6       36        4       0
                text67                             6E2A     6E2A        E        4       0
                text66                             69EE     69EE       56        4       0
                text65                             6C6E     6C6E       2E        4       0
                text64                             6D46     6D46       28        4       0
                text62                             6CC8     6CC8       2C        4       0
                text61                             6E40     6E40        8        4       0
                text60                             56A8     56A8      128        4       0
                text59                             5A5E     5A5E       D0        4       0
                text58                             665A     665A       72        4       0
                text57                             5426     5426      156        4       0
                text56                             6246     6246       94        4       0
                text55                             6A44     6A44       4A        4       0
                text54                             5BFA     5BFA       C6        4       0
                text53                             2A96     2A96      8DA        4       0
                text52                             6ACC     6ACC       38        4       0
                text51                             693C     693C       5A        4       0
                text50                             6C10     6C10       30        4       0
                text49                             673E     673E       6E        4       0
                text48                             6E1C     6E1C        E        4       0
                text47                             68DE     68DE       5E        4       0
                text46                             6B70     6B70       36        4       0
                text45                             4BCA     4BCA      30E        4       0
                text44                             6814     6814       68        4       0
                text43                             3946     3946      5D4        4       0
                text42                             58B6     58B6       D6        4       0
                text41                             5E40     5E40       BE        4       0
                text40                             3370     3370      5D6        4       0
                text39                             61B0     61B0       96        4       0
                text38                              30C      30C     1A06        4       0
                text37                             6DB4     6DB4       1C        4       0
                text36                             6D94     6D94       20        4       0
                text35                             62DA     62DA       8C        4       0
                text34                             6CF4     6CF4       2A        4       0
                text33                             65E6     65E6       74        4       0
                text32                             5D80     5D80       C0        4       0
                text31                             6C40     6C40       2E        4       0
                text30                             6478     6478       7C        4       0
                text29                             63F0     63F0       88        4       0
                text28                             656E     656E       78        4       0
                text27                             6366     6366       8A        4       0
                text26                             64F4     64F4       7A        4       0
                text25                             6C9C     6C9C       2C        4       0
                text24                             6A8E     6A8E       3E        4       0
                text23                             1D12     1D12      D84        4       0
                text22                             5B2E     5B2E       CC        4       0
                text21                             3F1A     3F1A      512        4       0
                text20                             57D0     57D0       E6        4       0
                text19                             598C     598C       D2        4       0
                text18                             6E0C     6E0C       10        4       0
                text17                             687C     687C       62        4       0
                text16                             5FB8     5FB8       B8        4       0
                text15                             6DFC     6DFC       10        4       0
                text14                             6B3A     6B3A       36        4       0
                text13                             6996     6996       58        4       0
                text12                             6BDC     6BDC       34        4       0
                text11                             6B04     6B04       36        4       0
                text10                             4ED8     4ED8      232        4       0
                text9                              4894     4894      336        4       0
                text8                              442C     442C      468        4       0
                text7                              6DE8     6DE8       14        4       0
                text6                              67AC     67AC       68        4       0
                text5                              52C4     52C4      162        4       0
                text4                              6114     6114       9C        4       0
                text3                              5CC0     5CC0       C0        4       0
                text2                              510A     510A      1BA        4       0
                text1                              6DD0     6DD0       18        4       0
                text0                              6D1E     6D1E       28        4       0
                cstackCOMRAM                          1        1       2E        1       1
                cstackBANK0                          60       60       9C       60       1
                cstackBANK1                         100      100       98      100       1
                bssBANK4                            400      400       8C      400       1
                bssBANK3                            300      300       A0      300       1
                dataBANK2                           2CF      2CF        8      200       1
                bssBANK2                            200      200       CF      200       1
                dataBANK1                           1FE      1FE        1      100       1
                bssBANK1                            198      198       66      100       1
                dataBANK0                            FD       FD        1       60       1
                bssBANK0                             FC       FC        1       60       1
                dataCOMRAM                           5C       5C        1        1       1
                bssCOMRAM                            2F       2F       2D        1       1
                cinit                              6070     6070       A4        4       0
                idataBANK2                         6E38     6E38        8        4       0
                idataBANK1                         6E4A     6E4A        1        4       0
                idataBANK0                         6E49     6E49        1        4       0
                idataCOMRAM                        6E48     6E48        1        4       0

TOTAL           Name                               Link     Load   Length     Space
        CLASS   STACK          

        CLASS   CODE           
                intcode                               8        8      300         0
                init                                308      308        4         0
                reset_vec                             0        0        6         0
                text72                             66CC     66CC       72         0
                text71                             5EFE     5EFE       BA         0
                text70                             557C     557C      12C         0
                text69                             6D6E     6D6E       26         0
                text68                             6BA6     6BA6       36         0
                text67                             6E2A     6E2A        E         0
                text66                             69EE     69EE       56         0
                text65                             6C6E     6C6E       2E         0
                text64                             6D46     6D46       28         0
                text62                             6CC8     6CC8       2C         0
                text61                             6E40     6E40        8         0
                text60                             56A8     56A8      128         0
                text59                             5A5E     5A5E       D0         0
                text58                             665A     665A       72         0
                text57                             5426     5426      156         0
                text56                             6246     6246       94         0
                text55                             6A44     6A44       4A         0
                text54                             5BFA     5BFA       C6         0
                text53                             2A96     2A96      8DA         0
                text52                             6ACC     6ACC       38         0
                text51                             693C     693C       5A         0
                text50                             6C10     6C10       30         0
                text49                             673E     673E       6E         0
                text48                             6E1C     6E1C        E         0
                text47                             68DE     68DE       5E         0
                text46                             6B70     6B70       36         0
                text45                             4BCA     4BCA      30E         0
                text44                             6814     6814       68         0
                text43                             3946     3946      5D4         0
                text42                             58B6     58B6       D6         0
                text41                             5E40     5E40       BE         0
                text40                             3370     3370      5D6         0
                text39                             61B0     61B0       96         0
                text38                              30C      30C     1A06         0
                text37                             6DB4     6DB4       1C         0
                text36                             6D94     6D94       20         0
                text35                             62DA     62DA       8C         0
                text34                             6CF4     6CF4       2A         0
                text33                             65E6     65E6       74         0
                text32                             5D80     5D80       C0         0
                text31                             6C40     6C40       2E         0
                text30                             6478     6478       7C         0
                text29                             63F0     63F0       88         0
                text28                             656E     656E       78         0
                text27                             6366     6366       8A         0
                text26                             64F4     64F4       7A         0
                text25                             6C9C     6C9C       2C         0
                text24                             6A8E     6A8E       3E         0
                text23                             1D12     1D12      D84         0
                text22                             5B2E     5B2E       CC         0
                text21                             3F1A     3F1A      512         0
                text20                             57D0     57D0       E6         0
                text19                             598C     598C       D2         0
                text18                             6E0C     6E0C       10         0
                text17                             687C     687C       62         0
                text16                             5FB8     5FB8       B8         0
                text15                             6DFC     6DFC       10         0
                text14                             6B3A     6B3A       36         0
                text13                             6996     6996       58         0
                text12                             6BDC     6BDC       34         0
                text11                             6B04     6B04       36         0
                text10                             4ED8     4ED8      232         0
                text9                              4894     4894      336         0
                text8                              442C     442C      468         0
                text7                              6DE8     6DE8       14         0
                text6                              67AC     67AC       68         0
                text5                              52C4     52C4      162         0
                text4                              6114     6114       9C         0
                text3                              5CC0     5CC0       C0         0
                text2                              510A     510A      1BA         0
                text1                              6DD0     6DD0       18         0
                text0                              6D1E     6D1E       28         0
                cinit                              6070     6070       A4         0
                idataBANK2                         6E38     6E38        8         0
                idataBANK1                         6E4A     6E4A        1         0
                idataBANK0                         6E49     6E49        1         0
                idataCOMRAM                        6E48     6E48        1         0

        CLASS   CONST          

        CLASS   SMALLCONST     

        CLASS   MEDIUMCONST    
                mediumconst                        FE04     FE04      1F4         0

        CLASS   COMRAM         
                temp                                 5D       5D        1         1
                cstackCOMRAM                          1        1       2E         1
                dataCOMRAM                           5C       5C        1         1
                bssCOMRAM                            2F       2F       2D         1

        CLASS   ABS1           

        CLASS   BIGRAM         

        CLASS   RAM            

        CLASS   BANK0          
                cstackBANK0                          60       60       9C         1
                dataBANK0                            FD       FD        1         1
                bssBANK0                             FC       FC        1         1

        CLASS   BANK1          
                cstackBANK1                         100      100       98         1
                dataBANK1                           1FE      1FE        1         1
                bssBANK1                            198      198       66         1

        CLASS   BANK2          
                dataBANK2                           2CF      2CF        8         1
                bssBANK2                            200      200       CF         1

        CLASS   BANK3          
                bssBANK3                            300      300       A0         1

        CLASS   BANK4          
                bssBANK4                            400      400       8C         1

        CLASS   BANK5          

        CLASS   BANK6          

        CLASS   BANK7          

        CLASS   BANK8          

        CLASS   BANK9          

        CLASS   BANK10         

        CLASS   BANK11         

        CLASS   BANK12         

        CLASS   BANK13         

        CLASS   BANK14         

        CLASS   SFR            

        CLASS   FARRAM         

        CLASS   CONFIG         
                config                             FFF8     FFF8        8         0

        CLASS   IDLOC          



SEGMENTS        Name                           Load    Length   Top    Selector   Space  Class

                reset_vec                      000000  000006  000006         0       0  CODE    
                cstackCOMRAM                   000001  00005D  00005E         1       1  COMRAM  
                intcode                        000008  006E43  006E4B         4       0  CODE    
                cstackBANK0                    000060  00009E  0000FE        60       1  BANK0   
                cstackBANK1                    000100  0000FF  0001FF       100       1  BANK1   
                bssBANK2                       000200  0000D7  0002D7       200       1  BANK2   
                bssBANK3                       000300  0000A0  0003A0       300       1  BANK3   
                bssBANK4                       000400  00008C  00048C       400       1  BANK4   
                mediumconst                    00FE04  0001F4  00FFF8      7F02       0  MEDIUMCO
                config                         00FFF8  000008  010000      FFF8       0  CONFIG  


UNUSED ADDRESS RANGES

        Name                Unused          Largest block    Delta
        BANK0            000FE-000FF               2
        BANK1            001FF-001FF               1
        BANK10           00A00-00AFF             100
        BANK11           00B00-00BFF             100
        BANK12           00C00-00CFF             100
        BANK13           00D00-00DFF             100
        BANK14           00E00-00EBF              C0
        BANK2            002D7-002FF              29
        BANK3            003A0-003FF              60
        BANK4            0048C-004FF              74
        BANK5            00500-005FF             100
        BANK6            00600-006FF             100
        BANK7            00700-007FF             100
        BANK8            00800-008FF             100
        BANK9            00900-009FF             100
        BIGRAM           0005E-0005F               2
                         000FE-000FF               2
                         001FF-001FF               1
                         002D7-002FF              29
                         003A0-003FF              60
                         0048C-00EBF             A34
        CODE             00006-00007               2
                         06E4B-0FE03            8FB9
        COMRAM           0005E-0005F               2
        CONST            00006-00007               2
                         06E4B-0FE03            8FB9
        MEDIUMCONST      06E4B-0FE03            8FB9
        RAM              000FE-000FF               2
                         001FF-001FF               1
                         002D7-002FF              29
                         003A0-003FF              60
                         0048C-00EBF             100
        SFR              00EC0-00FFC              60
        SMALLCONST       06E4B-0FE03             100
        STACK            0048C-00EBF             A34

                                  Symbol Table

?_MiWi_TickGet                            cstackBANK0   00060
?___lmul                                  cstackBANK0   00060
?___lwdiv                                 cstackBANK0   00060
?___lwmod                                 cstackBANK0   00067
?___wmul                                  cstackBANK0   00060
?_sprintf                                 cstackBANK0   0006C
?i2___lmul                                cstackCOMRAM  00001
AddNodeToNetworkTable@handle              cstackBANK0   00069
AddNodeToNetworkTable@i                   cstackBANK0   00068
BroadcastJitter@jitter                    cstackBANK0   0007B
BroadcastJitter@range                     cstackBANK0   0007A
BroadcastJitter@t1                        cstackBANK0   00072
BroadcastJitter@t2                        cstackBANK0   00076
DELAY_ms@cyclesRequiredForEntireDelay     cstackBANK0   0006E
DELAY_ms@ms                               cstackBANK0   0006C
I2CWrite@BufferLen                        cstackBANK0   00060
I2CWrite@Commandlen                       cstackBANK0   00061
InitMRF24J40@_dcnt                        cstackBANK0   0006B
InitMRF24J40@_dcnt_3185                   cstackBANK0   0006F
InitMRF24J40@_ms                          cstackBANK0   00073
InitMRF24J40@_ms_3186                     cstackBANK0   00077
InitMRF24J40@i                            cstackBANK0   0007D
InitMRF24J40@j                            cstackBANK0   0007B
MiApp_BroadcastPacket@SecEn               cstackBANK0   0009D
MiApp_ConnectionMode@Mode                 cstackBANK0   00061
MiApp_EstablishConnection@ActiveScanIndex cstackBANK1   00111
MiApp_EstablishConnection@Mode            cstackBANK0   000F9
MiApp_EstablishConnection@retry           cstackBANK1   00110
MiApp_EstablishConnection@t1              cstackBANK1   00108
MiApp_EstablishConnection@t2              cstackBANK1   0010C
MiApp_ProtocolInit@MIP                    cstackBANK0   00084
MiApp_ProtocolInit@bNetworkFreezer        cstackBANK0   00083
MiApp_ProtocolInit@i                      cstackBANK0   00087
MiApp_SearchConnection@ChannelMap         cstackBANK0   000D9
MiApp_SearchConnection@ScanDuration       cstackBANK0   000F6
MiApp_SearchConnection@backupChannel      cstackBANK0   000F7
MiApp_SearchConnection@channelMask        cstackBANK0   000EA
MiApp_SearchConnection@i                  cstackBANK0   000F8
MiApp_SearchConnection@t1                 cstackBANK0   000EE
MiApp_SearchConnection@t2                 cstackBANK0   000F2
MiApp_SetChannel@channel                  cstackBANK0   0006A
MiApp_StartConnection@ChannelMap          cstackBANK0   0006A
MiApp_StartConnection@Mode                cstackBANK0   0006F
MiApp_StartConnection@ScanDuration        cstackBANK0   00069
MiApp_UnicastAddress@DestAddress          cstackBANK0   000D9
MiApp_UnicastAddress@MiWiFrameControl     cstackBANK0   000F5
MiApp_UnicastAddress@PermanentAddr        cstackBANK0   000DB
MiApp_UnicastAddress@SecEn                cstackBANK0   000DC
MiApp_UnicastAddress@handle               cstackBANK0   000F7
MiApp_UnicastAddress@i                    cstackBANK0   000F6
MiApp_UnicastAddress@t1                   cstackBANK0   000E5
MiApp_UnicastAddress@t1_2806              cstackBANK0   000ED
MiApp_UnicastAddress@t2                   cstackBANK0   000E9
MiApp_UnicastAddress@t2_2817              cstackBANK0   000F1
MiMAC_Init@i                              cstackBANK0   00081
MiMAC_Init@initValue                      cstackBANK0   0007E
MiMAC_ReceivedPacket@addrMode             cstackBANK0   00066
MiMAC_ReceivedPacket@bIntraPAN            cstackBANK0   00068
MiMAC_ReceivedPacket@i                    cstackBANK0   00067
MiMAC_SendPacket@IntraPAN                 cstackBANK0   00098
MiMAC_SendPacket@MACPayload               cstackBANK0   00085
MiMAC_SendPacket@MACPayloadLen            cstackBANK0   00087
MiMAC_SendPacket@frameControl             cstackBANK0   00099
MiMAC_SendPacket@headerLength             cstackBANK0   0009A
MiMAC_SendPacket@i                        cstackBANK0   0009B
MiMAC_SendPacket@loc                      cstackBANK0   0009C
MiMAC_SendPacket@t1                       cstackBANK0   00090
MiMAC_SendPacket@t2                       cstackBANK0   00094
MiMAC_SendPacket@transParam               cstackBANK0   0007E
MiMAC_SetAltAddress@Address               cstackBANK0   00065
MiMAC_SetAltAddress@PANID                 cstackBANK0   00067
MiMAC_SetChannel@channel                  cstackBANK0   00069
MiMAC_SetChannel@offsetFreq               cstackBANK0   00068
MiWiTasks@CapacityByte                    cstackBANK0   000CB
MiWiTasks@CoordAddress                    cstackBANK0   000BC
MiWiTasks@associateStatus                 cstackBANK0   000C0
MiWiTasks@cIndex                          cstackBANK0   000C8
MiWiTasks@coordinatorNumber               cstackBANK0   000C5
MiWiTasks@destPANID                       cstackBANK0   000CD
MiWiTasks@destShortAddress                cstackBANK0   000D0
MiWiTasks@entry                           cstackBANK0   000BF
MiWiTasks@handle                          cstackBANK0   000D4
MiWiTasks@i                               cstackBANK0   000D8
MiWiTasks@j                               cstackBANK0   000D7
MiWiTasks@j_2499                          cstackBANK0   000CC
MiWiTasks@j_2551                          cstackBANK0   000CF
MiWiTasks@j_2562                          cstackBANK0   000C6
MiWiTasks@j_2569                          cstackBANK0   000C9
MiWiTasks@mask                            cstackBANK0   000BE
MiWiTasks@rxIndex                         cstackBANK0   000CA
MiWiTasks@sourcePANID                     cstackBANK0   000D2
MiWiTasks@sourceShortAddress              cstackBANK0   000D5
MiWiTasks@t1                              cstackBANK0   000C1
MiWiTasks@t2                              cstackBANK0   000B8
MiWi_TickGet@currentTime                  cstackBANK0   00066
MiWi_TickGet@failureCounter               cstackBANK0   00065
OpenSocket@i                              cstackBANK0   000F8
PHYGetLongRAMAddr@address                 cstackBANK0   00062
PHYGetLongRAMAddr@tmpRFIE                 cstackBANK0   00067
PHYGetLongRAMAddr@toReturn                cstackBANK0   00066
PHYGetShortRAMAddr@address                cstackBANK0   00062
PHYGetShortRAMAddr@tmpRFIE                cstackBANK0   00064
PHYGetShortRAMAddr@toReturn               cstackBANK0   00063
PHYSetLongRAMAddr@address                 cstackBANK0   00062
PHYSetLongRAMAddr@tmpRFIE                 cstackBANK0   00067
PHYSetLongRAMAddr@value                   cstackBANK0   00064
PHYSetShortRAMAddr@address                cstackBANK0   00063
PHYSetShortRAMAddr@tmpRFIE                cstackBANK0   00064
PHYSetShortRAMAddr@value                  cstackBANK0   00062
RouteMessage@PANID                        cstackBANK0   000A4
RouteMessage@SecEn                        cstackBANK0   000A8
RouteMessage@ShortAddress                 cstackBANK0   000A6
RouteMessage@i                            cstackBANK0   000AD
RouteMessage@parentNode                   cstackBANK0   000AC
SPIPut@i                                  cstackBANK0   00060
SPIPut@v                                  cstackBANK0   00061
SearchForLongAddress@i                    cstackBANK0   00065
SearchForLongAddress@j                    cstackBANK0   00064
SearchForShortAddress@i                   cstackBANK0   00062
SendMACPacket@Address                     cstackBANK0   0009F
SendMACPacket@ModeMask                    cstackBANK0   000A2
SendMACPacket@PANID                       cstackBANK0   0009D
SendMACPacket@PacketType                  cstackBANK0   000A1
UnicastShortAddress@DestAddress           cstackBANK0   000AE
_ANCON0                                   (abs)         00F48
_ANCON1                                   (abs)         00F49
_AcknowledgementAddr                      bssBANK1      001A1
_AcknowledgementSeq                       dataBANK1     001FE
_ActiveScanResultIndex                    bssCOMRAM     0004A
_ActiveScanResults                        bssBANK4      00400
_AddNodeToNetworkTable                    text57        05426
_BAUDCON1bits                             (abs)         00F7E
_BankIndex                                dataBANK0     000FD
_BroadcastJitter                          text54        05BFA
_BroadcastRecords                         bssBANK2      00200
_CommandLen                               bssCOMRAM     00052
_CommandPtr                               bssCOMRAM     00050
_ConnMode                                 bssCOMRAM     0004C
_ConnectionTable                          bssBANK2      0024A
_DELAY_ms                                 text32        05D80
_EECON2                                   (abs)         00FA7
_I2CTask                                  text70        0557C
_I2CWrite                                 text31        06C40
_IEEESeqNum                               bssBANK1      001A8
_INTCON                                   (abs)         00FF2
_INTCON2bits                              (abs)         00FF1
_INTCON3bits                              (abs)         00FF0
_INTCONbits                               (abs)         00FF2
_InitMRF24J40                             text45        04BCA
_InitSymbolTimer                          text7         06DE8
_LATA                                     (abs)         00F89
_LATB                                     (abs)         00F8A
_LATBbits                                 (abs)         00F8A
_LATCbits                                 (abs)         00F8B
_LATD                                     (abs)         00F8C
_LATDbits                                 (abs)         00F8C
_LATE                                     (abs)         00F8D
_LCDCommand                               bssBANK1      00198
_LCDText                                  bssBANK2      002A5
_LCD_Initialize                           text30        06478
_MACCurrentChannel                        bssBANK1      001A7
_MACInitParams                            bssBANK1      0019C
_MACRxPacket                              bssCOMRAM     0002F
_MAC_PANID                                bssCOMRAM     00055
_MRF24J40Status                           bssCOMRAM     00043
_MTP                                      bssCOMRAM     0003A
_MiApp_BroadcastPacket                    text28        0656E
_MiApp_ConnectionMode                     text12        06BDC
_MiApp_DiscardMessage                     text61        06E40
_MiApp_EstablishConnection                text8         0442C
_MiApp_MessageAvailable                   text37        06DB4
_MiApp_ProtocolInit                       text5         052C4
_MiApp_SearchConnection                   text10        04ED8
_MiApp_SetChannel                         text11        06B04
_MiApp_StartConnection                    text4         06114
_MiApp_UnicastAddress                     text21        03F1A
_MiMAC_DiscardPacket                      text62        06CC8
_MiMAC_Init                               text6         067AC
_MiMAC_ReceivedPacket                     text53        02A96
_MiMAC_SendPacket                         text43        03946
_MiMAC_SetAltAddress                      text44        06814
_MiMAC_SetChannel                         text49        0673E
_MiWiAckRequired                          bssCOMRAM     00046
_MiWiCapacityInfo                         bssCOMRAM     0004B
_MiWiSeqNum                               bssCOMRAM     00047
_MiWiStateMachine                         bssCOMRAM     00041
_MiWiTasks                                text38        0030C
_MiWi_TickGet                             text56        06246
_OSCCON                                   (abs)         00FD3
_OSCTUNEbits                              (abs)         00F9B
_OpenSocket                               text9         04894
_PHYGetLongRAMAddr                        text47        068DE
_PHYGetShortRAMAddr                       text46        06B70
_PHYSetLongRAMAddr                        text51        0693C
_PHYSetShortRAMAddr                       text50        06C10
_PIE1bits                                 (abs)         00F9D
_PIE3bits                                 (abs)         00FA3
_PIR1bits                                 (abs)         00F9E
_PIR3bits                                 (abs)         00FA4
_PORTBbits                                (abs)         00F81
_PPSCONbits                               (abs)         00EFF
_RCREG2                                   (abs)         00FAA
_RCSTA2                                   (abs)         00F9C
_RCSTA2bits                               (abs)         00F9C
_RPINR1                                   (abs)         00EE7
_RPINR16                                  (abs)         00EF6
_RPOR17                                   (abs)         00ED7
_RX                                       text34        06CF4
_RouteMessage                             text40        03370
_RouterFailures                           bssBANK2      0022A
_RoutingTable                             bssBANK2      00232
_RxBuffer                                 bssBANK3      00300
_SPBRG2                                   (abs)         00FAB
_SPBRGH2                                  (abs)         00F7D
_SPIGet                                   text48        06E1C
_SPIPut                                   text52        06ACC
_SSP1BUF                                  (abs)         00FC9
_SSP1CON1                                 (abs)         00FC6
_SSP1CON1bits                             (abs)         00FC6
_SSP1STAT                                 (abs)         00FC7
_SSP2ADD                                  (abs)         00F74
_SSP2BUF                                  (abs)         00F75
_SSP2CON1                                 (abs)         00F72
_SSP2CON1bits                             (abs)         00F72
_SSP2CON2                                 (abs)         00F71
_SSP2CON2bits                             (abs)         00F71
_SSP2STAT                                 (abs)         00F73
_SYSTEM_Initialize                        text29        063F0
_ScanTime                                 mediumconst   0FE05
_SearchForLongAddress                     text60        056A8
_SearchForShortAddress                    text59        05A5E
_SendBeacon                               text41        05E40
_SendMACPacket                            text42        058B6
_T1CON                                    (abs)         00FCD
_T1CONbits                                (abs)         00FCD
_TMR0L                                    (abs)         00FD6
_TMR1H                                    (abs)         00FCF
_TMR1L                                    (abs)         00FCE
_TRISA                                    (abs)         00F92
_TRISAbits                                (abs)         00F92
_TRISB                                    (abs)         00F93
_TRISBbits                                (abs)         00F93
_TRISC                                    (abs)         00F94
_TRISCbits                                (abs)         00F94
_TRISD                                    (abs)         00F95
_TRISDbits                                (abs)         00F95
_TRISE                                    (abs)         00F96
_TX                                       text19        0598C
_TXREG2                                   (abs)         00FA9
_TXSTA2                                   (abs)         00FA8
_TXSTA2bits                               (abs)         00FA8
_TextLen                                  bssCOMRAM     00051
_TextPtr                                  bssCOMRAM     0004F
_TxBuffer                                 bssBANK1      001AD
_TxData                                   bssBANK0      000FC
_UnicastShortAddress                      text39        061B0
_UserInterruptHandler                     text69        06D6E
_WDTCONbits                               (abs)         00FC0
__CFG_CP0$OFF                             (abs)         00000
__CFG_CPUDIV$OSC3_PLL3                    (abs)         00000
__CFG_DSBOREN$ON                          (abs)         00000
__CFG_DSWDTEN$ON                          (abs)         00000
__CFG_DSWDTOSC$INTOSCREF                  (abs)         00000
__CFG_DSWDTPS$G2                          (abs)         00000
__CFG_FCMEN$ON                            (abs)         00000
__CFG_IESO$ON                             (abs)         00000
__CFG_IOL1WAY$ON                          (abs)         00000
__CFG_LPT1OSC$OFF                         (abs)         00000
__CFG_MSSP7B_EN$MSK7                      (abs)         00000
__CFG_OSC$HSPLL                           (abs)         00000
__CFG_PLLDIV$2                            (abs)         00000
__CFG_RTCOSC$T1OSCREF                     (abs)         00000
__CFG_STVREN$ON                           (abs)         00000
__CFG_T1DIG$ON                            (abs)         00000
__CFG_WDTEN$OFF                           (abs)         00000
__CFG_WDTPS$32768                         (abs)         00000
__CFG_WPCFG$OFF                           (abs)         00000
__CFG_WPDIS$OFF                           (abs)         00000
__CFG_WPEND$PAGE_WPFP                     (abs)         00000
__CFG_WPFP$PAGE_63                        (abs)         00000
__CFG_XINST$OFF                           (abs)         00000
__HRAM                                    (abs)         00000
__Habs1                                   abs1          00000
__Hbank0                                  bank0         00000
__Hbank1                                  bank1         00000
__Hbank10                                 bank10        00000
__Hbank11                                 bank11        00000
__Hbank12                                 bank12        00000
__Hbank13                                 bank13        00000
__Hbank14                                 bank14        00000
__Hbank2                                  bank2         00000
__Hbank3                                  bank3         00000
__Hbank4                                  bank4         00000
__Hbank5                                  bank5         00000
__Hbank6                                  bank6         00000
__Hbank7                                  bank7         00000
__Hbank8                                  bank8         00000
__Hbank9                                  bank9         00000
__Hbigbss                                 bigbss        00000
__Hbigdata                                bigdata       00000
__Hbigram                                 bigram        00000
__Hbss                                    bss           00000
__HbssBANK0                               bssBANK0      00000
__HbssBANK1                               bssBANK1      00000
__HbssBANK2                               bssBANK2      00000
__HbssBANK3                               bssBANK3      00000
__HbssBANK4                               bssBANK4      00000
__HbssCOMRAM                              bssCOMRAM     00000
__Hcinit                                  cinit         00000
__Hclrtext                                clrtext       00000
__Hcomram                                 comram        00000
__Hconfig                                 config        10000
__Hconst                                  const         00000
__HcstackBANK0                            cstackBANK0   00000
__HcstackBANK1                            cstackBANK1   00000
__HcstackCOMRAM                           cstackCOMRAM  00000
__Hdata                                   data          00000
__HdataBANK0                              dataBANK0     00000
__HdataBANK1                              dataBANK1     00000
__HdataBANK2                              dataBANK2     00000
__HdataCOMRAM                             dataCOMRAM    00000
__Hfarbss                                 farbss        00000
__Hfardata                                fardata       00000
__Hibigdata                               ibigdata      00000
__Hidata                                  idata         00000
__HidataBANK0                             idataBANK0    00000
__HidataBANK1                             idataBANK1    00000
__HidataBANK2                             idataBANK2    00000
__HidataCOMRAM                            idataCOMRAM   00000
__Hidloc                                  idloc         00000
__Hifardata                               ifardata      00000
__Hinit                                   init          0030C
__Hintcode                                intcode       00308
__Hintcode_body                           intcode_body  00000
__Hintcodelo                              intcodelo     00308
__Hintentry                               intentry      00000
__Hintret                                 intret        00000
__Hintsave_regs                           intsave_regs  00000
__Hirdata                                 irdata        00000
__Hjflash_buffer                          jflash_buffer 0F800
__Hmediumconst                            mediumconst   0FFF8
__HnvFARRAM                               nvFARRAM      00000
__Hnvbit                                  nvbit         00000
__Hnvrram                                 nvrram        00000
__Hparam                                  rparam        00000
__Hpowerup                                powerup       00308
__Hram                                    ram           00000
__Hramtop                                 ramtop        00F00
__Hrbit                                   rbit          00000
__Hrbss                                   rbss          00000
__Hrdata                                  rdata         00000
__Hreset_vec                              reset_vec     00006
__Hrparam                                 rparam        00000
__Hsfr                                    sfr           00000
__Hsmallconst                             smallconst    00000
__Hspace_0                                (abs)         10000
__Hspace_1                                (abs)         0048C
__Hspace_2                                (abs)         00000
__Hstack                                  stack         00000
__Hstruct                                 struct        00000
__Htemp                                   temp          0005E
__Htext                                   text          00000
__Htext0                                  text0         00000
__Htext1                                  text1         00000
__Htext10                                 text10        00000
__Htext11                                 text11        00000
__Htext12                                 text12        00000
__Htext13                                 text13        00000
__Htext14                                 text14        00000
__Htext15                                 text15        00000
__Htext16                                 text16        00000
__Htext17                                 text17        00000
__Htext18                                 text18        00000
__Htext19                                 text19        00000
__Htext2                                  text2         00000
__Htext20                                 text20        00000
__Htext21                                 text21        00000
__Htext22                                 text22        00000
__Htext23                                 text23        00000
__Htext24                                 text24        00000
__Htext25                                 text25        00000
__Htext26                                 text26        00000
__Htext27                                 text27        00000
__Htext28                                 text28        00000
__Htext29                                 text29        00000
__Htext3                                  text3         00000
__Htext30                                 text30        00000
__Htext31                                 text31        00000
__Htext32                                 text32        00000
__Htext33                                 text33        00000
__Htext34                                 text34        00000
__Htext35                                 text35        00000
__Htext36                                 text36        00000
__Htext37                                 text37        00000
__Htext38                                 text38        00000
__Htext39                                 text39        00000
__Htext4                                  text4         00000
__Htext40                                 text40        00000
__Htext41                                 text41        00000
__Htext42                                 text42        00000
__Htext43                                 text43        00000
__Htext44                                 text44        00000
__Htext45                                 text45        00000
__Htext46                                 text46        00000
__Htext47                                 text47        00000
__Htext48                                 text48        00000
__Htext49                                 text49        00000
__Htext5                                  text5         00000
__Htext50                                 text50        00000
__Htext51                                 text51        00000
__Htext52                                 text52        00000
__Htext53                                 text53        00000
__Htext54                                 text54        00000
__Htext55                                 text55        00000
__Htext56                                 text56        00000
__Htext57                                 text57        00000
__Htext58                                 text58        00000
__Htext59                                 text59        00000
__Htext6                                  text6         00000
__Htext60                                 text60        00000
__Htext61                                 text61        00000
__Htext62                                 text62        00000
__Htext64                                 text64        00000
__Htext65                                 text65        00000
__Htext66                                 text66        00000
__Htext67                                 text67        00000
__Htext68                                 text68        00000
__Htext69                                 text69        00000
__Htext7                                  text7         00000
__Htext70                                 text70        00000
__Htext71                                 text71        00000
__Htext72                                 text72        00000
__Htext8                                  text8         00000
__Htext9                                  text9         00000
__LRAM                                    (abs)         00001
__Labs1                                   abs1          00000
__Lbank0                                  bank0         00000
__Lbank1                                  bank1         00000
__Lbank10                                 bank10        00000
__Lbank11                                 bank11        00000
__Lbank12                                 bank12        00000
__Lbank13                                 bank13        00000
__Lbank14                                 bank14        00000
__Lbank2                                  bank2         00000
__Lbank3                                  bank3         00000
__Lbank4                                  bank4         00000
__Lbank5                                  bank5         00000
__Lbank6                                  bank6         00000
__Lbank7                                  bank7         00000
__Lbank8                                  bank8         00000
__Lbank9                                  bank9         00000
__Lbigbss                                 bigbss        00000
__Lbigdata                                bigdata       00000
__Lbigram                                 bigram        00000
__Lbss                                    bss           00000
__LbssBANK0                               bssBANK0      00000
__LbssBANK1                               bssBANK1      00000
__LbssBANK2                               bssBANK2      00000
__LbssBANK3                               bssBANK3      00000
__LbssBANK4                               bssBANK4      00000
__LbssCOMRAM                              bssCOMRAM     00000
__Lcinit                                  cinit         00000
__Lclrtext                                clrtext       00000
__Lcomram                                 comram        00000
__Lconfig                                 config        0FFF8
__Lconst                                  const         00000
__LcstackBANK0                            cstackBANK0   00000
__LcstackBANK1                            cstackBANK1   00000
__LcstackCOMRAM                           cstackCOMRAM  00000
__Ldata                                   data          00000
__LdataBANK0                              dataBANK0     00000
__LdataBANK1                              dataBANK1     00000
__LdataBANK2                              dataBANK2     00000
__LdataCOMRAM                             dataCOMRAM    00000
__Lfarbss                                 farbss        00000
__Lfardata                                fardata       00000
__Libigdata                               ibigdata      00000
__Lidata                                  idata         00000
__LidataBANK0                             idataBANK0    00000
__LidataBANK1                             idataBANK1    00000
__LidataBANK2                             idataBANK2    00000
__LidataCOMRAM                            idataCOMRAM   00000
__Lidloc                                  idloc         00000
__Lifardata                               ifardata      00000
__Linit                                   init          00308
__Lintcode                                intcode       00008
__Lintcode_body                           intcode_body  00000
__Lintcodelo                              intcodelo     00308
__Lintentry                               intentry      00000
__Lintret                                 intret        00000
__Lintsave_regs                           intsave_regs  00000
__Lirdata                                 irdata        00000
__Ljflash_buffer                          jflash_buffer 0F800
__Lmediumconst                            mediumconst   0FE04
__LnvFARRAM                               nvFARRAM      00000
__Lnvbit                                  nvbit         00000
__Lnvrram                                 nvrram        00000
__Lparam                                  rparam        00000
__Lpowerup                                powerup       00308
__Lram                                    ram           00000
__Lramtop                                 ramtop        00F00
__Lrbit                                   rbit          00000
__Lrbss                                   rbss          00000
__Lrdata                                  rdata         00000
__Lreset_vec                              reset_vec     00000
__Lrparam                                 rparam        00000
__Lsfr                                    sfr           00000
__Lsmallconst                             smallconst    00000
__Lspace_0                                (abs)         00000
__Lspace_1                                (abs)         00000
__Lspace_2                                (abs)         00000
__Lstack                                  stack         00000
__Lstruct                                 struct        00000
__Ltemp                                   temp          0005D
__Ltext                                   text          00000
__Ltext0                                  text0         00000
__Ltext1                                  text1         00000
__Ltext10                                 text10        00000
__Ltext11                                 text11        00000
__Ltext12                                 text12        00000
__Ltext13                                 text13        00000
__Ltext14                                 text14        00000
__Ltext15                                 text15        00000
__Ltext16                                 text16        00000
__Ltext17                                 text17        00000
__Ltext18                                 text18        00000
__Ltext19                                 text19        00000
__Ltext2                                  text2         00000
__Ltext20                                 text20        00000
__Ltext21                                 text21        00000
__Ltext22                                 text22        00000
__Ltext23                                 text23        00000
__Ltext24                                 text24        00000
__Ltext25                                 text25        00000
__Ltext26                                 text26        00000
__Ltext27                                 text27        00000
__Ltext28                                 text28        00000
__Ltext29                                 text29        00000
__Ltext3                                  text3         00000
__Ltext30                                 text30        00000
__Ltext31                                 text31        00000
__Ltext32                                 text32        00000
__Ltext33                                 text33        00000
__Ltext34                                 text34        00000
__Ltext35                                 text35        00000
__Ltext36                                 text36        00000
__Ltext37                                 text37        00000
__Ltext38                                 text38        00000
__Ltext39                                 text39        00000
__Ltext4                                  text4         00000
__Ltext40                                 text40        00000
__Ltext41                                 text41        00000
__Ltext42                                 text42        00000
__Ltext43                                 text43        00000
__Ltext44                                 text44        00000
__Ltext45                                 text45        00000
__Ltext46                                 text46        00000
__Ltext47                                 text47        00000
__Ltext48                                 text48        00000
__Ltext49                                 text49        00000
__Ltext5                                  text5         00000
__Ltext50                                 text50        00000
__Ltext51                                 text51        00000
__Ltext52                                 text52        00000
__Ltext53                                 text53        00000
__Ltext54                                 text54        00000
__Ltext55                                 text55        00000
__Ltext56                                 text56        00000
__Ltext57                                 text57        00000
__Ltext58                                 text58        00000
__Ltext59                                 text59        00000
__Ltext6                                  text6         00000
__Ltext60                                 text60        00000
__Ltext61                                 text61        00000
__Ltext62                                 text62        00000
__Ltext64                                 text64        00000
__Ltext65                                 text65        00000
__Ltext66                                 text66        00000
__Ltext67                                 text67        00000
__Ltext68                                 text68        00000
__Ltext69                                 text69        00000
__Ltext7                                  text7         00000
__Ltext70                                 text70        00000
__Ltext71                                 text71        00000
__Ltext72                                 text72        00000
__Ltext8                                  text8         00000
__Ltext9                                  text9         00000
__S0                                      (abs)         10000
__S1                                      (abs)         0048C
__S2                                      (abs)         00000
___inthi_sp                               stack         00000
___intlo_sp                               stack         00000
___lbmod                                  text55        06A44
___lbmod@counter                          cstackBANK0   00062
___lbmod@dividend                         cstackBANK0   00061
___lbmod@divisor                          cstackBANK0   00060
___lbmod@rem                              cstackBANK0   00063
___lmul                                   text33        065E6
___lmul@multiplicand                      cstackBANK0   00064
___lmul@multiplier                        cstackBANK0   00060
___lmul@product                           cstackBANK0   00068
___lwdiv                                  text27        06366
___lwdiv@counter                          cstackBANK0   00064
___lwdiv@dividend                         cstackBANK0   00060
___lwdiv@divisor                          cstackBANK0   00062
___lwdiv@quotient                         cstackBANK0   00065
___lwmod                                  text26        064F4
___lwmod@counter                          cstackBANK0   0006B
___lwmod@dividend                         cstackBANK0   00067
___lwmod@divisor                          cstackBANK0   00069
___param_bank                             (abs)         00000
___rparam_used                            (abs)         00001
___sp                                     stack         00000
___wmul                                   text25        06C9C
___wmul@multiplicand                      cstackBANK0   00062
___wmul@multiplier                        cstackBANK0   00060
___wmul@product                           cstackBANK0   00064
__accesstop                               (abs)         00060
__activetblptr                            (abs)         00002
__end_of_AddNodeToNetworkTable            text57        0557C
__end_of_BroadcastJitter                  text54        05CC0
__end_of_DELAY_ms                         text32        05E40
__end_of_I2CTask                          text70        056A8
__end_of_I2CWrite                         text31        06C6E
__end_of_InitMRF24J40                     text45        04ED8
__end_of_InitSymbolTimer                  text7         06DFC
__end_of_LCD_Initialize                   text30        064F4
__end_of_MiApp_BroadcastPacket            text28        065E6
__end_of_MiApp_ConnectionMode             text12        06C10
__end_of_MiApp_DiscardMessage             text61        06E48
__end_of_MiApp_EstablishConnection        text8         04894
__end_of_MiApp_MessageAvailable           text37        06DD0
__end_of_MiApp_ProtocolInit               text5         05426
__end_of_MiApp_SearchConnection           text10        0510A
__end_of_MiApp_SetChannel                 text11        06B3A
__end_of_MiApp_StartConnection            text4         061B0
__end_of_MiApp_UnicastAddress             text21        0442C
__end_of_MiMAC_DiscardPacket              text62        06CF4
__end_of_MiMAC_Init                       text6         06814
__end_of_MiMAC_ReceivedPacket             text53        03370
__end_of_MiMAC_SendPacket                 text43        03F1A
__end_of_MiMAC_SetAltAddress              text44        0687C
__end_of_MiMAC_SetChannel                 text49        067AC
__end_of_MiWiTasks                        text38        01D12
__end_of_MiWi_TickGet                     text56        062DA
__end_of_OpenSocket                       text9         04BCA
__end_of_PHYGetLongRAMAddr                text47        0693C
__end_of_PHYGetShortRAMAddr               text46        06BA6
__end_of_PHYSetLongRAMAddr                text51        06996
__end_of_PHYSetShortRAMAddr               text50        06C40
__end_of_RX                               text34        06D1E
__end_of_RouteMessage                     text40        03946
__end_of_SPIGet                           text48        06E2A
__end_of_SPIPut                           text52        06B04
__end_of_SYSTEM_Initialize                text29        06478
__end_of_ScanTime                         mediumconst   0FE41
__end_of_SearchForLongAddress             text60        057D0
__end_of_SearchForShortAddress            text59        05B2E
__end_of_SendBeacon                       text41        05EFE
__end_of_SendMACPacket                    text42        0598C
__end_of_TX                               text19        05A5E
__end_of_UnicastShortAddress              text39        06246
__end_of_UserInterruptHandler             text69        06D94
__end_of___lbmod                          text55        06A8E
__end_of___lmul                           text33        0665A
__end_of___lwdiv                          text27        063F0
__end_of___lwmod                          text26        0656E
__end_of___wmul                           text25        06CC8
__end_of__initialization                  cinit         06106
__end_of__uartPrint                       text35        06366
__end_of_dpowers                          mediumconst   0FE57
__end_of_findNextNetworkEntry             text58        066CC
__end_of_getPseudo                        text16        06070
__end_of_hexpowers                        mediumconst   0FE5F
__end_of_high_isr                         intcode       00308
__end_of_initChat                         text13        069EE
__end_of_initNwk                          text2         052C4
__end_of_isdigit                          text24        06ACC
__end_of_main                             text0         06D46
__end_of_octpowers                        mediumconst   0FE4D
__end_of_sendBroadcast                    text22        05BFA
__end_of_sendUnicast                      text20        058B6
__end_of_sprintf                          text23        02A96
__end_of_uartHexaPrint                    text3         05D80
__end_of_uartInitialize                   text1         06DE8
__end_of_uartRead                         text17        068DE
__end_of_uartWrite                        text36        06DB4
__end_of_vT100CleanScreen                 text15        06E0C
__end_of_vT100EraseEndOfLine              text18        06E1C
__end_of_vT100PlaceCursor                 text14        06B70
__end_ofi2_DELAY_ms                       text71        05FB8
__end_ofi2_PHYGetLongRAMAddr              text66        06A44
__end_ofi2_PHYGetShortRAMAddr             text65        06C9C
__end_ofi2_PHYSetShortRAMAddr             text64        06D6E
__end_ofi2_SPIGet                         text67        06E38
__end_ofi2_SPIPut                         text68        06BDC
__end_ofi2___lmul                         text72        0673E
__initialization                          cinit         06070
__mediumconst                             mediumconst   0FE04
__pbssBANK0                               bssBANK0      000FC
__pbssBANK1                               bssBANK1      00198
__pbssBANK2                               bssBANK2      00200
__pbssBANK3                               bssBANK3      00300
__pbssBANK4                               bssBANK4      00400
__pbssCOMRAM                              bssCOMRAM     0002F
__pcinit                                  cinit         06070
__pcstackBANK0                            cstackBANK0   00060
__pcstackBANK1                            cstackBANK1   00100
__pcstackCOMRAM                           cstackCOMRAM  00001
__pdataBANK0                              dataBANK0     000FD
__pdataBANK1                              dataBANK1     001FE
__pdataBANK2                              dataBANK2     002CF
__pdataCOMRAM                             dataCOMRAM    0005C
__pidataBANK0                             idataBANK0    06E49
__pidataBANK1                             idataBANK1    06E4A
__pidataBANK2                             idataBANK2    06E38
__pidataCOMRAM                            idataCOMRAM   06E48
__pintcode                                intcode       00008
__pmediumconst                            mediumconst   0FE04
__ptext0                                  text0         06D1E
__ptext1                                  text1         06DD0
__ptext10                                 text10        04ED8
__ptext11                                 text11        06B04
__ptext12                                 text12        06BDC
__ptext13                                 text13        06996
__ptext14                                 text14        06B3A
__ptext15                                 text15        06DFC
__ptext16                                 text16        05FB8
__ptext17                                 text17        0687C
__ptext18                                 text18        06E0C
__ptext19                                 text19        0598C
__ptext2                                  text2         0510A
__ptext20                                 text20        057D0
__ptext21                                 text21        03F1A
__ptext22                                 text22        05B2E
__ptext23                                 text23        01D12
__ptext24                                 text24        06A8E
__ptext25                                 text25        06C9C
__ptext26                                 text26        064F4
__ptext27                                 text27        06366
__ptext28                                 text28        0656E
__ptext29                                 text29        063F0
__ptext3                                  text3         05CC0
__ptext30                                 text30        06478
__ptext31                                 text31        06C40
__ptext32                                 text32        05D80
__ptext33                                 text33        065E6
__ptext34                                 text34        06CF4
__ptext35                                 text35        062DA
__ptext36                                 text36        06D94
__ptext37                                 text37        06DB4
__ptext38                                 text38        0030C
__ptext39                                 text39        061B0
__ptext4                                  text4         06114
__ptext40                                 text40        03370
__ptext41                                 text41        05E40
__ptext42                                 text42        058B6
__ptext43                                 text43        03946
__ptext44                                 text44        06814
__ptext45                                 text45        04BCA
__ptext46                                 text46        06B70
__ptext47                                 text47        068DE
__ptext48                                 text48        06E1C
__ptext49                                 text49        0673E
__ptext5                                  text5         052C4
__ptext50                                 text50        06C10
__ptext51                                 text51        0693C
__ptext52                                 text52        06ACC
__ptext53                                 text53        02A96
__ptext54                                 text54        05BFA
__ptext55                                 text55        06A44
__ptext56                                 text56        06246
__ptext57                                 text57        05426
__ptext58                                 text58        0665A
__ptext59                                 text59        05A5E
__ptext6                                  text6         067AC
__ptext60                                 text60        056A8
__ptext61                                 text61        06E40
__ptext62                                 text62        06CC8
__ptext64                                 text64        06D46
__ptext65                                 text65        06C6E
__ptext66                                 text66        069EE
__ptext67                                 text67        06E2A
__ptext68                                 text68        06BA6
__ptext69                                 text69        06D6E
__ptext7                                  text7         06DE8
__ptext70                                 text70        0557C
__ptext71                                 text71        05EFE
__ptext72                                 text72        066CC
__ptext8                                  text8         0442C
__ptext9                                  text9         04894
__ramtop                                  ramtop        00F00
__size_of_AddNodeToNetworkTable           (abs)         00000
__size_of_BroadcastJitter                 (abs)         00000
__size_of_DELAY_ms                        (abs)         00000
__size_of_I2CTask                         (abs)         00000
__size_of_I2CWrite                        (abs)         00000
__size_of_InitMRF24J40                    (abs)         00000
__size_of_InitSymbolTimer                 (abs)         00000
__size_of_LCD_Initialize                  (abs)         00000
__size_of_MiApp_BroadcastPacket           (abs)         00000
__size_of_MiApp_ConnectionMode            (abs)         00000
__size_of_MiApp_DiscardMessage            (abs)         00000
__size_of_MiApp_EstablishConnection       (abs)         00000
__size_of_MiApp_MessageAvailable          (abs)         00000
__size_of_MiApp_ProtocolInit              (abs)         00000
__size_of_MiApp_SearchConnection          (abs)         00000
__size_of_MiApp_SetChannel                (abs)         00000
__size_of_MiApp_StartConnection           (abs)         00000
__size_of_MiApp_UnicastAddress            (abs)         00000
__size_of_MiMAC_DiscardPacket             (abs)         00000
__size_of_MiMAC_Init                      (abs)         00000
__size_of_MiMAC_ReceivedPacket            (abs)         00000
__size_of_MiMAC_SendPacket                (abs)         00000
__size_of_MiMAC_SetAltAddress             (abs)         00000
__size_of_MiMAC_SetChannel                (abs)         00000
__size_of_MiWiTasks                       (abs)         00000
__size_of_MiWi_TickGet                    (abs)         00000
__size_of_OpenSocket                      (abs)         00000
__size_of_PHYGetLongRAMAddr               (abs)         00000
__size_of_PHYGetShortRAMAddr              (abs)         00000
__size_of_PHYSetLongRAMAddr               (abs)         00000
__size_of_PHYSetShortRAMAddr              (abs)         00000
__size_of_RX                              (abs)         00000
__size_of_RouteMessage                    (abs)         00000
__size_of_SPIGet                          (abs)         00000
__size_of_SPIPut                          (abs)         00000
__size_of_SYSTEM_Initialize               (abs)         00000
__size_of_SearchForLongAddress            (abs)         00000
__size_of_SearchForShortAddress           (abs)         00000
__size_of_SendBeacon                      (abs)         00000
__size_of_SendMACPacket                   (abs)         00000
__size_of_TX                              (abs)         00000
__size_of_UnicastShortAddress             (abs)         00000
__size_of_UserInterruptHandler            (abs)         00000
__size_of___lbmod                         (abs)         00000
__size_of___lmul                          (abs)         00000
__size_of___lwdiv                         (abs)         00000
__size_of___lwmod                         (abs)         00000
__size_of___wmul                          (abs)         00000
__size_of__uartPrint                      (abs)         00000
__size_of_findNextNetworkEntry            (abs)         00000
__size_of_getPseudo                       (abs)         00000
__size_of_high_isr                        (abs)         00000
__size_of_initChat                        (abs)         00000
__size_of_initNwk                         (abs)         00000
__size_of_isdigit                         (abs)         00000
__size_of_main                            (abs)         00000
__size_of_sendBroadcast                   (abs)         00000
__size_of_sendUnicast                     (abs)         00000
__size_of_sprintf                         (abs)         00000
__size_of_uartHexaPrint                   (abs)         00000
__size_of_uartInitialize                  (abs)         00000
__size_of_uartRead                        (abs)         00000
__size_of_uartWrite                       (abs)         00000
__size_of_vT100CleanScreen                (abs)         00000
__size_of_vT100EraseEndOfLine             (abs)         00000
__size_of_vT100PlaceCursor                (abs)         00000
__size_ofi2_DELAY_ms                      (abs)         00000
__size_ofi2_PHYGetLongRAMAddr             (abs)         00000
__size_ofi2_PHYGetShortRAMAddr            (abs)         00000
__size_ofi2_PHYSetShortRAMAddr            (abs)         00000
__size_ofi2_SPIGet                        (abs)         00000
__size_ofi2_SPIPut                        (abs)         00000
__size_ofi2___lmul                        (abs)         00000
__smallconst                              smallconst    00000
__uartPrint                               text35        062DA
__uartPrint@i                             cstackBANK0   00065
__uartPrint@str                           cstackBANK0   00061
_countRB0                                 bssBANK1      001A5
_countRB2                                 bssBANK1      001A3
_currentChannel                           bssCOMRAM     0005B
_defaultHops                              dataCOMRAM    0005C
_dpowers                                  mediumconst   0FE4D
_failureCounter                           bssBANK1      0019F
_findNextNetworkEntry                     text58        0665A
_getPseudo                                text16        05FB8
_hexpowers                                mediumconst   0FE57
_high_isr                                 intcode       00008
_initChat                                 text13        06996
_initNwk                                  text2         0510A
_isdigit                                  text24        06A8E
_isdigit$3595                             cstackBANK0   00061
_knownCoordinators                        bssCOMRAM     00045
_main                                     text0         06D1E
_myLongAddress                            dataBANK2     002CF
_myNetworkAddress                         bssCOMRAM     00053
_myPANID                                  bssCOMRAM     00057
_myParent                                 bssCOMRAM     00048
_myPseudo                                 bssBANK2      002C6
_myShortAddress                           bssBANK1      001FC
_octpowers                                mediumconst   0FE41
_openSocketInfo                           bssBANK1      001E0
_prevState0                               bssBANK1      001A9
_prevState2                               bssBANK1      001AB
_role                                     bssCOMRAM     00044
_rxMessage                                bssBANK2      00220
_sendBroadcast                            text22        05B2E
_sendUnicast                              text20        057D0
_sprintf                                  text23        01D12
_sprintf$3374                             cstackBANK0   00079
_sprintf$3375                             cstackBANK0   0007B
[...]
      Params:         1       0       0       0       0       0       0       0       0       0       0       0       0       0       0       0
      Locals:         2       0       0       0       0       0       0       0       0       0       0       0       0       0       0       0
      Temps:          0       0       0       0       0       0       0       0       0       0       0       0       0       0       0       0
      Totals:         3       0       0       0       0       0       0       0       0       0       0       0       0       0       0       0
Total ram usage:        3 bytes
 Hardware stack levels used:    1
 Hardware stack levels required when called:    1
 This function calls:
		i2_SPIPut
 This function is called by:
		_high_isr
 This function uses a non-reentrant model


 *************** function i2_PHYGetShortRAMAddr *****************
 Defined at:
		line 154 in file "../../MLA/framework/driver/mrf_miwi/src/drv_mrf_miwi_24j40.c"
 Parameters:    Size  Location     Type
  address         1    wreg     unsigned char 
 Auto vars:     Size  Location     Type
  address         1    2[COMRAM] unsigned char 
  PHYGetShortR    1    4[COMRAM] volatile unsigned char 
  PHYGetShortR    1    3[COMRAM] unsigned char 
 Return value:  Size  Location     Type
                  1    wreg      unsigned char 
 Registers used:
		wreg, status,2, cstack
 Tracked objects:
		On entry : 
		On exit  : 
		Unchanged: 
 Data sizes:     COMRAM   BANK0   BANK1   BANK2   BANK3   BANK4   BANK5   BANK6   BANK7   BANK8   BANK9  BANK10  BANK11  BANK12  BANK13  BANK14
      Params:         0       0       0       0       0       0       0       0       0       0       0       0       0       0       0       0
      Locals:         3       0       0       0       0       0       0       0       0       0       0       0       0       0       0       0
      Temps:          0       0       0       0       0       0       0       0       0       0       0       0       0       0       0       0
      Totals:         3       0       0       0       0       0       0       0       0       0       0       0       0       0       0       0
Total ram usage:        3 bytes
 Hardware stack levels used:    1
 Hardware stack levels required when called:    2
 This function calls:
		i2_SPIGet
		i2_SPIPut
 This function is called by:
		_high_isr
 This function uses a non-reentrant model


 *************** function i2_PHYGetLongRAMAddr *****************
 Defined at:
		line 185 in file "../../MLA/framework/driver/mrf_miwi/src/drv_mrf_miwi_24j40.c"
 Parameters:    Size  Location     Type
  address         2    2[COMRAM] unsigned int 
 Auto vars:     Size  Location     Type
  PHYGetLongRA    1    7[COMRAM] volatile unsigned char 
  PHYGetLongRA    1    6[COMRAM] unsigned char 
 Return value:  Size  Location     Type
                  1    wreg      unsigned char 
 Registers used:
		wreg, status,2, status,0, cstack
 Tracked objects:
		On entry : 
		On exit  : 
		Unchanged: 
 Data sizes:     COMRAM   BANK0   BANK1   BANK2   BANK3   BANK4   BANK5   BANK6   BANK7   BANK8   BANK9  BANK10  BANK11  BANK12  BANK13  BANK14
      Params:         2       0       0       0       0       0       0       0       0       0       0       0       0       0       0       0
      Locals:         2       0       0       0       0       0       0       0       0       0       0       0       0       0       0       0
      Temps:          2       0       0       0       0       0       0       0       0       0       0       0       0       0       0       0
      Totals:         6       0       0       0       0       0       0       0       0       0       0       0       0       0       0       0
Total ram usage:        6 bytes
 Hardware stack levels used:    1
 Hardware stack levels required when called:    2
 This function calls:
		i2_SPIGet
		i2_SPIPut
 This function is called by:
		_high_isr
 This function uses a non-reentrant model


 *************** function i2_SPIGet *****************
 Defined at:
		line 102 in file "../8bitswdk_pic18f46j50_24j40/firmware/src/system_config/8bitwdk_pic18f46j50_24j40/spi.c"
 Parameters:    Size  Location     Type
		None
 Auto vars:     Size  Location     Type
		None
 Return value:  Size  Location     Type
                  1    wreg      unsigned char 
 Registers used:
		wreg, status,2, cstack
 Tracked objects:
		On entry : 
		On exit  : 
		Unchanged: 
 Data sizes:     COMRAM   BANK0   BANK1   BANK2   BANK3   BANK4   BANK5   BANK6   BANK7   BANK8   BANK9  BANK10  BANK11  BANK12  BANK13  BANK14
      Params:         0       0       0       0       0       0       0       0       0       0       0       0       0       0       0       0
      Locals:         0       0       0       0       0       0       0       0       0       0       0       0       0       0       0       0
      Temps:          0       0       0       0       0       0       0       0       0       0       0       0       0       0       0       0
      Totals:         0       0       0       0       0       0       0       0       0       0       0       0       0       0       0       0
Total ram usage:        0 bytes
 Hardware stack levels used:    1
 Hardware stack levels required when called:    1
 This function calls:
		i2_SPIPut
 This function is called by:
		i2_PHYGetShortRAMAddr
		i2_PHYGetLongRAMAddr
 This function uses a non-reentrant model


 *************** function i2_SPIPut *****************
 Defined at:
		line 45 in file "../8bitswdk_pic18f46j50_24j40/firmware/src/system_config/8bitwdk_pic18f46j50_24j40/spi.c"
 Parameters:    Size  Location     Type
  v               1    wreg     unsigned char 
 Auto vars:     Size  Location     Type
  v               1    1[COMRAM] unsigned char 
  SPIPut          1    0[COMRAM] unsigned char 
 Return value:  Size  Location     Type
                  1    wreg      void 
 Registers used:
		wreg
 Tracked objects:
		On entry : 
		On exit  : 
		Unchanged: 
 Data sizes:     COMRAM   BANK0   BANK1   BANK2   BANK3   BANK4   BANK5   BANK6   BANK7   BANK8   BANK9  BANK10  BANK11  BANK12  BANK13  BANK14
      Params:         0       0       0       0       0       0       0       0       0       0       0       0       0       0       0       0
      Locals:         2       0       0       0       0       0       0       0       0       0       0       0       0       0       0       0
      Temps:          0       0       0       0       0       0       0       0       0       0       0       0       0       0       0       0
      Totals:         2       0       0       0       0       0       0       0       0       0       0       0       0       0       0       0
Total ram usage:        2 bytes
 Hardware stack levels used:    1
 This function calls:
		Nothing
 This function is called by:
		i2_SPIGet
		i2_PHYSetShortRAMAddr
		i2_PHYGetShortRAMAddr
		i2_PHYGetLongRAMAddr
 This function uses a non-reentrant model


 *************** function _UserInterruptHandler *****************
 Defined at:
		line 345 in file "../8bitswdk_pic18f46j50_24j40/firmware/src/system_config/8bitwdk_pic18f46j50_24j40/lcd.c"
 Parameters:    Size  Location     Type
		None
 Auto vars:     Size  Location     Type
		None
 Return value:  Size  Location     Type
                  1    wreg      void 
 Registers used:
		wreg, fsr2l, fsr2h, status,2, status,0, prodl, prodh, cstack
 Tracked objects:
		On entry : 
		On exit  : 
		Unchanged: 
 Data sizes:     COMRAM   BANK0   BANK1   BANK2   BANK3   BANK4   BANK5   BANK6   BANK7   BANK8   BANK9  BANK10  BANK11  BANK12  BANK13  BANK14
      Params:         0       0       0       0       0       0       0       0       0       0       0       0       0       0       0       0
      Locals:         0       0       0       0       0       0       0       0       0       0       0       0       0       0       0       0
      Temps:          0       0       0       0       0       0       0       0       0       0       0       0       0       0       0       0
      Totals:         0       0       0       0       0       0       0       0       0       0       0       0       0       0       0       0
Total ram usage:        0 bytes
 Hardware stack levels used:    1
 Hardware stack levels required when called:    3
 This function calls:
		_I2CTask
		i2_DELAY_ms
 This function is called by:
		_high_isr
 This function uses a non-reentrant model


 *************** function _I2CTask *****************
 Defined at:
		line 65 in file "../8bitswdk_pic18f46j50_24j40/firmware/src/system_config/8bitwdk_pic18f46j50_24j40/lcd.c"
 Parameters:    Size  Location     Type
		None
 Auto vars:     Size  Location     Type
		None
 Return value:  Size  Location     Type
                  1    wreg      void 
 Registers used:
		wreg, fsr2l, fsr2h, status,2, status,0, prodl, prodh, cstack
 Tracked objects:
		On entry : 
		On exit  : 
		Unchanged: 
 Data sizes:     COMRAM   BANK0   BANK1   BANK2   BANK3   BANK4   BANK5   BANK6   BANK7   BANK8   BANK9  BANK10  BANK11  BANK12  BANK13  BANK14
      Params:         0       0       0       0       0       0       0       0       0       0       0       0       0       0       0       0
      Locals:         0       0       0       0       0       0       0       0       0       0       0       0       0       0       0       0
      Temps:          0       0       0       0       0       0       0       0       0       0       0       0       0       0       0       0
      Totals:         0       0       0       0       0       0       0       0       0       0       0       0       0       0       0       0
Total ram usage:        0 bytes
 Hardware stack levels used:    1
 Hardware stack levels required when called:    2
 This function calls:
		i2_DELAY_ms
 This function is called by:
		_UserInterruptHandler
 This function uses a non-reentrant model


 *************** function i2_DELAY_ms *****************
 Defined at:
		line 108 in file "../8bitswdk_pic18f46j50_24j40/firmware/src/system_config/8bitwdk_pic18f46j50_24j40/delay.c"
 Parameters:    Size  Location     Type
  ms              2   12[COMRAM] unsigned int 
 Auto vars:     Size  Location     Type
  DELAY_ms        4   14[COMRAM] long 
 Return value:  Size  Location     Type
                  1    wreg      void 
 Registers used:
		wreg, status,2, status,0, cstack
 Tracked objects:
		On entry : 
		On exit  : 
		Unchanged: 
 Data sizes:     COMRAM   BANK0   BANK1   BANK2   BANK3   BANK4   BANK5   BANK6   BANK7   BANK8   BANK9  BANK10  BANK11  BANK12  BANK13  BANK14
      Params:         2       0       0       0       0       0       0       0       0       0       0       0       0       0       0       0
      Locals:         4       0       0       0       0       0       0       0       0       0       0       0       0       0       0       0
      Temps:          0       0       0       0       0       0       0       0       0       0       0       0       0       0       0       0
      Totals:         6       0       0       0       0       0       0       0       0       0       0       0       0       0       0       0
Total ram usage:        6 bytes
 Hardware stack levels used:    1
 Hardware stack levels required when called:    1
 This function calls:
		i2___lmul
 This function is called by:
		_I2CTask
		_UserInterruptHandler
 This function uses a non-reentrant model


 *************** function i2___lmul *****************
 Defined at:
		line 15 in file "C:\Program Files (x86)\Microchip\xc8\v1.45\sources\common\Umul32.c"
 Parameters:    Size  Location     Type
  multiplier      4    0[COMRAM] unsigned long 
  multiplicand    4    4[COMRAM] unsigned long 
 Auto vars:     Size  Location     Type
  __lmul          4    8[COMRAM] unsigned long 
 Return value:  Size  Location     Type
                  4    0[COMRAM] unsigned long 
 Registers used:
		wreg, status,2, status,0
 Tracked objects:
		On entry : 
		On exit  : 
		Unchanged: 
 Data sizes:     COMRAM   BANK0   BANK1   BANK2   BANK3   BANK4   BANK5   BANK6   BANK7   BANK8   BANK9  BANK10  BANK11  BANK12  BANK13  BANK14
      Params:         8       0       0       0       0       0       0       0       0       0       0       0       0       0       0       0
      Locals:         4       0       0       0       0       0       0       0       0       0       0       0       0       0       0       0
      Temps:          0       0       0       0       0       0       0       0       0       0       0       0       0       0       0       0
      Totals:        12       0       0       0       0       0       0       0       0       0       0       0       0       0       0       0
Total ram usage:       12 bytes
 Hardware stack levels used:    1
 This function calls:
		Nothing
 This function is called by:
		i2_DELAY_ms
 This function uses a non-reentrant model



MODULE INFORMATION

Module		Function		Class		Link	Load	Size
C:\Program Files (x86)\Microchip\xc8\v1.45\sources\common\doprnt.c
		_sprintf       		CODE           	1D12	0000	3461

C:\Program Files (x86)\Microchip\xc8\v1.45\sources\common\doprnt.c estimated size: 3461

../../MLA/framework/miwi/src/miwi_mesh.c
		_UnicastShortAddress		CODE           	61B0	0000	151
		_MiApp_EstablishConnection		CODE           	442C	0000	1129
		_MiApp_ProtocolInit		CODE           	52C4	0000	355
		_MiApp_UnicastAddress		CODE           	3F1A	0000	1299
		_MiApp_StartConnection		CODE           	6114	0000	157
		_SendMACPacket 		CODE           	58B6	0000	215
		_SendBeacon    		CODE           	5E40	0000	191
		_SearchForLongAddress		CODE           	56A8	0000	297
		_MiApp_BroadcastPacket		CODE           	656E	0000	121
		_findNextNetworkEntry		CODE           	665A	0000	115
		_SearchForShortAddress		CODE           	5A5E	0000	209
		_OpenSocket    		CODE           	4894	0000	823
		_RouteMessage  		CODE           	3370	0000	1495
		_MiApp_SetChannel		CODE           	6B04	0000	55
		_MiWiTasks     		CODE           	030C	0000	6663
		_MiApp_DiscardMessage		CODE           	6E40	0000	9
		_BroadcastJitter		CODE           	5BFA	0000	199
		_MiApp_MessageAvailable		CODE           	6DB4	0000	29
		_MiApp_SearchConnection		CODE           	4ED8	0000	563
		_AddNodeToNetworkTable		CODE           	5426	0000	343
		_MiApp_ConnectionMode		CODE           	6BDC	0000	53

../../MLA/framework/miwi/src/miwi_mesh.c estimated size: 14471

../8bitswdk_pic18f46j50_24j40/firmware/src/system_config/8bitwdk_pic18f46j50_24j40/spi.c
		_SPIGet        		CODE           	6E1C	0000	15
		_SPIPut        		CODE           	6ACC	0000	57

../8bitswdk_pic18f46j50_24j40/firmware/src/system_config/8bitwdk_pic18f46j50_24j40/spi.c estimated size: 72

../8bitswdk_pic18f46j50_24j40/firmware/src/system_config/8bitwdk_pic18f46j50_24j40/delay.c
		_DELAY_ms      		CODE           	5D80	0000	193

../8bitswdk_pic18f46j50_24j40/firmware/src/system_config/8bitwdk_pic18f46j50_24j40/delay.c estimated size: 193

C:\Program Files (x86)\Microchip\xc8\v1.45\sources\common\Umul16.c
		___wmul        		CODE           	6C9C	0000	45

C:\Program Files (x86)\Microchip\xc8\v1.45\sources\common\Umul16.c estimated size: 45

../8bitswdk_pic18f46j50_24j40/firmware/src/system_config/8bitwdk_pic18f46j50_24j40/lcd.c
		_LCD_Initialize		CODE           	6478	0000	125
		_UserInterruptHandler		CODE           	6D6E	0000	39
		_I2CWrite      		CODE           	6C40	0000	47
		_I2CTask       		CODE           	557C	0000	301

../8bitswdk_pic18f46j50_24j40/firmware/src/system_config/8bitwdk_pic18f46j50_24j40/lcd.c estimated size: 512

C:\Program Files (x86)\Microchip\xc8\v1.45\sources\common\isdigit.c
		_isdigit       		CODE           	6A8E	0000	63

C:\Program Files (x86)\Microchip\xc8\v1.45\sources\common\isdigit.c estimated size: 63

../8bitswdk_pic18f46j50_24j40/firmware/src/system_config/8bitwdk_pic18f46j50_24j40/system.c
		_SYSTEM_Initialize		CODE           	63F0	0000	137

../8bitswdk_pic18f46j50_24j40/firmware/src/system_config/8bitwdk_pic18f46j50_24j40/system.c estimated size: 137

C:\Program Files (x86)\Microchip\xc8\v1.45\sources\common\lwmod.c
		___lwmod       		CODE           	64F4	0000	123

C:\Program Files (x86)\Microchip\xc8\v1.45\sources\common\lwmod.c estimated size: 123

C:\Program Files (x86)\Microchip\xc8\v1.45\sources\common\Umul32.c
		___lmul        		CODE           	65E6	0000	117

C:\Program Files (x86)\Microchip\xc8\v1.45\sources\common\Umul32.c estimated size: 117

shared
		i2_DELAY_ms    		CODE           	5EFE	0000	187
		_dpowers       		MEDIUMCONST    	FE4D	0000	11
		_ScanTime      		MEDIUMCONST    	FE05	0000	61
		i2_PHYGetShortRAMAddr		CODE           	6C6E	0000	47
		i2_PHYGetLongRAMAddr		CODE           	69EE	0000	87
		i2_PHYSetShortRAMAddr		CODE           	6D46	0000	41
		__initialization		CODE           	6070	0000	151
		i2___lmul      		CODE           	66CC	0000	115
		_octpowers     		MEDIUMCONST    	FE41	0000	13
		i2_SPIGet      		CODE           	6E2A	0000	15
		_hexpowers     		MEDIUMCONST    	FE57	0000	9
		i2_SPIPut      		CODE           	6BA6	0000	55

shared estimated size: 792

../8bitswdk_pic18f46j50_24j40/firmware/src/VT100.c
		_vT100CleanScreen		CODE           	6DFC	0000	17
		_uartHexaPrint 		CODE           	5CC0	0000	193
		_uartInitialize		CODE           	6DD0	0000	25
		__uartPrint    		CODE           	62DA	0000	141
		_vT100EraseEndOfLine		CODE           	6E0C	0000	17
		_vT100PlaceCursor		CODE           	6B3A	0000	55
		_uartWrite     		CODE           	6D94	0000	33
		_uartRead      		CODE           	687C	0000	99

../8bitswdk_pic18f46j50_24j40/firmware/src/VT100.c estimated size: 580

C:\Program Files (x86)\Microchip\xc8\v1.45\sources\common\lwdiv.c
		___lwdiv       		CODE           	6366	0000	139

C:\Program Files (x86)\Microchip\xc8\v1.45\sources\common\lwdiv.c estimated size: 139

../8bitswdk_pic18f46j50_24j40/firmware/src/main.c
		_initNwk       		CODE           	510A	0000	443
		_initChat      		CODE           	6996	0000	89
		_getPseudo     		CODE           	5FB8	0000	185
		_main          		CODE           	6D1E	0000	41
		_sendUnicast   		CODE           	57D0	0000	231
		_RX            		CODE           	6CF4	0000	43
		_TX            		CODE           	598C	0000	211
		_sendBroadcast 		CODE           	5B2E	0000	205

../8bitswdk_pic18f46j50_24j40/firmware/src/main.c estimated size: 1448

C:\Program Files (x86)\Microchip\xc8\v1.45\sources\common\lbmod.c
		___lbmod       		CODE           	6A44	0000	75

C:\Program Files (x86)\Microchip\xc8\v1.45\sources\common\lbmod.c estimated size: 75

../../MLA/framework/driver/mrf_miwi/src/drv_mrf_miwi_24j40.c
		_PHYGetLongRAMAddr		CODE           	68DE	0000	95
		_PHYSetLongRAMAddr		CODE           	693C	0000	91
		_PHYGetShortRAMAddr		CODE           	6B70	0000	55
		_PHYSetShortRAMAddr		CODE           	6C10	0000	49
		_InitMRF24J40  		CODE           	4BCA	0000	783
		_MiMAC_ReceivedPacket		CODE           	2A96	0000	2267
		_MiMAC_DiscardPacket		CODE           	6CC8	0000	45
		_high_isr      		CODE           	0008	0000	769
		_MiMAC_SetChannel		CODE           	673E	0000	111
		_MiMAC_Init    		CODE           	67AC	0000	105
		_MiMAC_SendPacket		CODE           	3946	0000	1493
		_MiMAC_SetAltAddress		CODE           	6814	0000	105

../../MLA/framework/driver/mrf_miwi/src/drv_mrf_miwi_24j40.c estimated size: 5968

../8bitswdk_pic18f46j50_24j40/firmware/src/system_config/8bitwdk_pic18f46j50_24j40/symbol.c
		_InitSymbolTimer		CODE           	6DE8	0000	21
		_MiWi_TickGet  		CODE           	6246	0000	149

../8bitswdk_pic18f46j50_24j40/firmware/src/system_config/8bitwdk_pic18f46j50_24j40/symbol.c estimated size: 170

